Archive member included to satisfy reference by file (symbol)

/usr/lib/gcc/arm-none-eabi/5.4.1/../../../arm-none-eabi/lib/armv7e-m/fpu/libc_nano.a(lib_a-atexit.o)
                              /usr/lib/gcc/arm-none-eabi/5.4.1/../../../arm-none-eabi/lib/armv7e-m/fpu/crt0.o (atexit)
/usr/lib/gcc/arm-none-eabi/5.4.1/../../../arm-none-eabi/lib/armv7e-m/fpu/libc_nano.a(lib_a-exit.o)
                              /usr/lib/gcc/arm-none-eabi/5.4.1/../../../arm-none-eabi/lib/armv7e-m/fpu/crt0.o (exit)
/usr/lib/gcc/arm-none-eabi/5.4.1/../../../arm-none-eabi/lib/armv7e-m/fpu/libc_nano.a(lib_a-fini.o)
                              /usr/lib/gcc/arm-none-eabi/5.4.1/../../../arm-none-eabi/lib/armv7e-m/fpu/crt0.o (__libc_fini_array)
/usr/lib/gcc/arm-none-eabi/5.4.1/../../../arm-none-eabi/lib/armv7e-m/fpu/libc_nano.a(lib_a-impure.o)
                              /usr/lib/gcc/arm-none-eabi/5.4.1/../../../arm-none-eabi/lib/armv7e-m/fpu/libc_nano.a(lib_a-exit.o) (_global_impure_ptr)
/usr/lib/gcc/arm-none-eabi/5.4.1/../../../arm-none-eabi/lib/armv7e-m/fpu/libc_nano.a(lib_a-init.o)
                              /usr/lib/gcc/arm-none-eabi/5.4.1/../../../arm-none-eabi/lib/armv7e-m/fpu/crt0.o (__libc_init_array)
/usr/lib/gcc/arm-none-eabi/5.4.1/../../../arm-none-eabi/lib/armv7e-m/fpu/libc_nano.a(lib_a-memcpy.o)
                              build/rtx_kernel.o (memcpy)
/usr/lib/gcc/arm-none-eabi/5.4.1/../../../arm-none-eabi/lib/armv7e-m/fpu/libc_nano.a(lib_a-memset.o)
                              /usr/lib/gcc/arm-none-eabi/5.4.1/../../../arm-none-eabi/lib/armv7e-m/fpu/crt0.o (memset)
/usr/lib/gcc/arm-none-eabi/5.4.1/../../../arm-none-eabi/lib/armv7e-m/fpu/libc_nano.a(lib_a-__atexit.o)
                              /usr/lib/gcc/arm-none-eabi/5.4.1/../../../arm-none-eabi/lib/armv7e-m/fpu/libc_nano.a(lib_a-atexit.o) (__register_exitproc)
/usr/lib/gcc/arm-none-eabi/5.4.1/../../../arm-none-eabi/lib/armv7e-m/fpu/libc_nano.a(lib_a-__call_atexit.o)
                              /usr/lib/gcc/arm-none-eabi/5.4.1/../../../arm-none-eabi/lib/armv7e-m/fpu/libc_nano.a(lib_a-__atexit.o) (__call_exitprocs)
/usr/lib/gcc/arm-none-eabi/5.4.1/../../../arm-none-eabi/lib/armv7e-m/fpu/libnosys.a(_exit.o)
                              /usr/lib/gcc/arm-none-eabi/5.4.1/../../../arm-none-eabi/lib/armv7e-m/fpu/libc_nano.a(lib_a-exit.o) (_exit)
/usr/lib/gcc/arm-none-eabi/5.4.1/armv7e-m/fpu/libgcc.a(_aeabi_uldivmod.o)
                              build/stm32f4xx_hal_rcc.o (__aeabi_uldivmod)
/usr/lib/gcc/arm-none-eabi/5.4.1/armv7e-m/fpu/libgcc.a(_udivmoddi4.o)
                              /usr/lib/gcc/arm-none-eabi/5.4.1/armv7e-m/fpu/libgcc.a(_aeabi_uldivmod.o) (__udivmoddi4)
/usr/lib/gcc/arm-none-eabi/5.4.1/armv7e-m/fpu/libgcc.a(_dvmd_tls.o)
                              /usr/lib/gcc/arm-none-eabi/5.4.1/armv7e-m/fpu/libgcc.a(_aeabi_uldivmod.o) (__aeabi_ldiv0)

Allocating common symbols
Common symbol       size              file

hdma_usart2_rx      0x60              build/main.o
hdma_usart6_rx      0x60              build/main.o
uwTick              0x4               build/stm32f4xx_hal.o
pFlash              0x20              build/stm32f4xx_hal_flash.o
hdma_usart1_tx      0x60              build/main.o
hdma_usart6_tx      0x60              build/main.o
hdma_usart1_rx      0x60              build/main.o
hdma_usart2_tx      0x60              build/main.o
huart1              0x40              build/main.o
huart6              0x40              build/main.o
huart2              0x40              build/main.o

Discarded input sections

 .text          0x0000000000000000        0x0 /usr/lib/gcc/arm-none-eabi/5.4.1/armv7e-m/fpu/crti.o
 .data          0x0000000000000000        0x0 /usr/lib/gcc/arm-none-eabi/5.4.1/armv7e-m/fpu/crti.o
 .bss           0x0000000000000000        0x0 /usr/lib/gcc/arm-none-eabi/5.4.1/armv7e-m/fpu/crti.o
 .data          0x0000000000000000        0x4 /usr/lib/gcc/arm-none-eabi/5.4.1/armv7e-m/fpu/crtbegin.o
 .text          0x0000000000000000       0x68 /usr/lib/gcc/arm-none-eabi/5.4.1/../../../arm-none-eabi/lib/armv7e-m/fpu/crt0.o
 .data          0x0000000000000000        0x0 /usr/lib/gcc/arm-none-eabi/5.4.1/../../../arm-none-eabi/lib/armv7e-m/fpu/crt0.o
 .bss           0x0000000000000000        0x0 /usr/lib/gcc/arm-none-eabi/5.4.1/../../../arm-none-eabi/lib/armv7e-m/fpu/crt0.o
 .ARM.extab     0x0000000000000000        0x0 /usr/lib/gcc/arm-none-eabi/5.4.1/../../../arm-none-eabi/lib/armv7e-m/fpu/crt0.o
 .ARM.exidx     0x0000000000000000        0x8 /usr/lib/gcc/arm-none-eabi/5.4.1/../../../arm-none-eabi/lib/armv7e-m/fpu/crt0.o
 .debug_line    0x0000000000000000       0x7e /usr/lib/gcc/arm-none-eabi/5.4.1/../../../arm-none-eabi/lib/armv7e-m/fpu/crt0.o
 .debug_info    0x0000000000000000       0xa5 /usr/lib/gcc/arm-none-eabi/5.4.1/../../../arm-none-eabi/lib/armv7e-m/fpu/crt0.o
 .debug_abbrev  0x0000000000000000       0x14 /usr/lib/gcc/arm-none-eabi/5.4.1/../../../arm-none-eabi/lib/armv7e-m/fpu/crt0.o
 .debug_aranges
[...]
Memory Configuration

Name             Origin             Length             Attributes
RAM              0x0000000020000000 0x0000000000010000 xrw
FLASH            0x0000000008000000 0x0000000000040000 xr
*default*        0x0000000000000000 0xffffffffffffffff

Linker script and memory map

LOAD /usr/lib/gcc/arm-none-eabi/5.4.1/armv7e-m/fpu/crti.o
LOAD /usr/lib/gcc/arm-none-eabi/5.4.1/armv7e-m/fpu/crtbegin.o
LOAD /usr/lib/gcc/arm-none-eabi/5.4.1/../../../arm-none-eabi/lib/armv7e-m/fpu/crt0.o
LOAD build/main.o
LOAD build/stm32f4xx_it.o
LOAD build/stm32f4xx_hal_msp.o
LOAD build/RTX_Config.o
LOAD build/rtx_lib.o
LOAD build/rtx_kernel.o
LOAD build/rtx_delay.o
LOAD build/rtx_evflags.o
LOAD build/rtx_evr.o
LOAD build/rtx_memory.o
LOAD build/rtx_mempool.o
LOAD build/rtx_msgqueue.o
LOAD build/rtx_mutex.o
LOAD build/rtx_semaphore.o
LOAD build/rtx_system.o
LOAD build/rtx_thread.o
LOAD build/rtx_timer.o
LOAD build/os_systick.o
LOAD build/stm32f4xx_hal_tim.o
LOAD build/stm32f4xx_hal_tim_ex.o
LOAD build/stm32f4xx_hal_uart.o
LOAD build/stm32f4xx_hal_rcc.o
LOAD build/stm32f4xx_hal_rcc_ex.o
LOAD build/stm32f4xx_hal_flash.o
LOAD build/stm32f4xx_hal_flash_ex.o
LOAD build/stm32f4xx_hal_flash_ramfunc.o
LOAD build/stm32f4xx_hal_gpio.o
LOAD build/stm32f4xx_hal_dma_ex.o
LOAD build/stm32f4xx_hal_dma.o
LOAD build/stm32f4xx_hal_pwr.o
LOAD build/stm32f4xx_hal_pwr_ex.o
LOAD build/stm32f4xx_hal_cortex.o
LOAD build/stm32f4xx_hal.o
LOAD build/stm32f4xx_hal_exti.o
LOAD build/system_stm32f4xx.o
LOAD build/startup_stm32f401xc.o
LOAD build/irq_cm4f.o
LOAD /usr/lib/gcc/arm-none-eabi/5.4.1/../../../arm-none-eabi/lib/armv7e-m/fpu/libc_nano.a
LOAD /usr/lib/gcc/arm-none-eabi/5.4.1/../../../arm-none-eabi/lib/armv7e-m/fpu/libm.a
LOAD /usr/lib/gcc/arm-none-eabi/5.4.1/../../../arm-none-eabi/lib/armv7e-m/fpu/libnosys.a
START GROUP
LOAD /usr/lib/gcc/arm-none-eabi/5.4.1/armv7e-m/fpu/libgcc.a
LOAD /usr/lib/gcc/arm-none-eabi/5.4.1/../../../arm-none-eabi/lib/armv7e-m/fpu/libc_nano.a
END GROUP
START GROUP
LOAD /usr/lib/gcc/arm-none-eabi/5.4.1/armv7e-m/fpu/libgcc.a
LOAD /usr/lib/gcc/arm-none-eabi/5.4.1/../../../arm-none-eabi/lib/armv7e-m/fpu/libc_nano.a
END GROUP
LOAD /usr/lib/gcc/arm-none-eabi/5.4.1/armv7e-m/fpu/crtend.o
LOAD /usr/lib/gcc/arm-none-eabi/5.4.1/armv7e-m/fpu/crtn.o
                0x0000000020010000                _estack = 0x20010000
                0x0000000000000200                _Min_Heap_Size = 0x200
                0x0000000000000400                _Min_Stack_Size = 0x400

.isr_vector     0x0000000008000000      0x194
                0x0000000008000000                . = ALIGN (0x4)
 *(.isr_vector)
 .isr_vector    0x0000000008000000      0x194 build/startup_stm32f401xc.o
                0x0000000008000000                g_pfnVectors
                0x0000000008000194                . = ALIGN (0x4)

.text           0x0000000008000194     0x3780
                0x0000000008000194                . = ALIGN (0x4)
 *(.text)
 .text          0x0000000008000194       0xa4 /usr/lib/gcc/arm-none-eabi/5.4.1/armv7e-m/fpu/crtbegin.o
 .text          0x0000000008000238       0xc4 build/irq_cm4f.o
                0x0000000008000238                SVC_Handler
                0x00000000080002d0                PendSV_Handler
                0x00000000080002e0                SysTick_Handler
 .text          0x00000000080002fc       0x50 /usr/lib/gcc/arm-none-eabi/5.4.1/../../../arm-none-eabi/lib/armv7e-m/fpu/libc_nano.a(lib_a-init.o)
                0x00000000080002fc                __libc_init_array
 .text          0x000000000800034c      0x134 /usr/lib/gcc/arm-none-eabi/5.4.1/../../../arm-none-eabi/lib/armv7e-m/fpu/libc_nano.a(lib_a-memcpy.o)
                0x000000000800034c                memcpy
 .text          0x0000000008000480       0x9c /usr/lib/gcc/arm-none-eabi/5.4.1/../../../arm-none-eabi/lib/armv7e-m/fpu/libc_nano.a(lib_a-memset.o)
                0x0000000008000480                memset
 .text          0x000000000800051c       0x30 /usr/lib/gcc/arm-none-eabi/5.4.1/armv7e-m/fpu/libgcc.a(_aeabi_uldivmod.o)
                0x000000000800051c                __aeabi_uldivmod
 .text          0x000000000800054c      0x2e4 /usr/lib/gcc/arm-none-eabi/5.4.1/armv7e-m/fpu/libgcc.a(_udivmoddi4.o)
                0x000000000800054c                __udivmoddi4
 .text          0x0000000008000830        0x4 /usr/lib/gcc/arm-none-eabi/5.4.1/armv7e-m/fpu/libgcc.a(_dvmd_tls.o)
                0x0000000008000830                __aeabi_ldiv0
                0x0000000008000830                __aeabi_idiv0
 *(.text*)
 .text.app_main
                0x0000000008000834       0x18 build/main.o
                0x0000000008000834                app_main
 .text.MX_GPIO_Init
                0x000000000800084c       0x94 build/main.o
 .text.MX_DMA_Init
                0x00000000080008e0       0x98 build/main.o
 .text.MX_USART1_UART_Init
                0x0000000008000978       0x2c build/main.o
 .text.MX_USART2_UART_Init
                0x00000000080009a4       0x2c build/main.o
 .text.MX_USART6_UART_Init
                0x00000000080009d0       0x2c build/main.o
 .text.HAL_GetTick
                0x00000000080009fc        0x8 build/main.o
                0x00000000080009fc                HAL_GetTick
 .text.SystemClock_Config
                0x0000000008000a04       0x94 build/main.o
                0x0000000008000a04                SystemClock_Config
 .text.main     0x0000000008000a98       0x4c build/main.o
                0x0000000008000a98                main
 .text.Error_Handler
                0x0000000008000ae4        0x4 build/main.o
                0x0000000008000ae4                Error_Handler
 .text.NMI_Handler
                0x0000000008000ae8        0x4 build/stm32f4xx_it.o
                0x0000000008000ae8                NMI_Handler
 .text.HardFault_Handler
                0x0000000008000aec        0x4 build/stm32f4xx_it.o
                0x0000000008000aec                HardFault_Handler
 .text.MemManage_Handler
                0x0000000008000af0        0x4 build/stm32f4xx_it.o
                0x0000000008000af0                MemManage_Handler
 .text.BusFault_Handler
                0x0000000008000af4        0x4 build/stm32f4xx_it.o
                0x0000000008000af4                BusFault_Handler
 .text.UsageFault_Handler
                0x0000000008000af8        0x4 build/stm32f4xx_it.o
                0x0000000008000af8                UsageFault_Handler
 .text.DebugMon_Handler
                0x0000000008000afc        0x4 build/stm32f4xx_it.o
                0x0000000008000afc                DebugMon_Handler
 .text.DMA1_Stream5_IRQHandler
                0x0000000008000b00       0x10 build/stm32f4xx_it.o
                0x0000000008000b00                DMA1_Stream5_IRQHandler
 .text.DMA1_Stream6_IRQHandler
                0x0000000008000b10       0x10 build/stm32f4xx_it.o
                0x0000000008000b10                DMA1_Stream6_IRQHandler
 .text.DMA2_Stream1_IRQHandler
                0x0000000008000b20       0x10 build/stm32f4xx_it.o
                0x0000000008000b20                DMA2_Stream1_IRQHandler
 .text.DMA2_Stream2_IRQHandler
                0x0000000008000b30       0x10 build/stm32f4xx_it.o
                0x0000000008000b30                DMA2_Stream2_IRQHandler
 .text.DMA2_Stream6_IRQHandler
                0x0000000008000b40       0x10 build/stm32f4xx_it.o
                0x0000000008000b40                DMA2_Stream6_IRQHandler
 .text.DMA2_Stream7_IRQHandler
                0x0000000008000b50       0x10 build/stm32f4xx_it.o
                0x0000000008000b50                DMA2_Stream7_IRQHandler
 .text.HAL_MspInit
                0x0000000008000b60       0x38 build/stm32f4xx_hal_msp.o
                0x0000000008000b60                HAL_MspInit
 .text.HAL_UART_MspInit
                0x0000000008000b98      0x2ac build/stm32f4xx_hal_msp.o
                0x0000000008000b98                HAL_UART_MspInit
 .text.osRtxIdleThread
                0x0000000008000e44        0x4 build/RTX_Config.o
                0x0000000008000e44                osRtxIdleThread
 .text.osRtxErrorNotify
                0x0000000008000e48        0x4 build/RTX_Config.o
                0x0000000008000e48                osRtxErrorNotify
 .text.osRtxKernelPreInit
                0x0000000008000e4c        0x4 build/rtx_lib.o
                0x0000000008000e4c                osRtxKernelPreInit
 .text.svcRtxKernelInitialize
                0x0000000008000e50      0x1b8 build/rtx_kernel.o
 .text.svcRtxKernelStart
                0x0000000008001008       0xd8 build/rtx_kernel.o
 .text.svcRtxKernelGetTickCount
                0x00000000080010e0       0x14 build/rtx_kernel.o
 .text.osKernelInitialize
                0x00000000080010f4       0x40 build/rtx_kernel.o
                0x00000000080010f4                osKernelInitialize
 .text.osKernelStart
                0x0000000008001134       0x3c build/rtx_kernel.o
                0x0000000008001134                osKernelStart
 .text.osKernelGetTickCount
                0x0000000008001170       0x30 build/rtx_kernel.o
                0x0000000008001170                osKernelGetTickCount
 .text.svcRtxDelay
                0x00000000080011a0       0x1c build/rtx_delay.o
 .text.osDelay  0x00000000080011bc       0x44 build/rtx_delay.o
                0x00000000080011bc                osDelay
 .text.EvrRtxMemoryInit
                0x0000000008001200        0x4 build/rtx_evr.o
                0x0000000008001200                EvrRtxMemoryInit
 .text.EvrRtxMemoryAlloc
                0x0000000008001204        0x4 build/rtx_evr.o
                0x0000000008001204                EvrRtxMemoryAlloc
 .text.EvrRtxMemoryFree
                0x0000000008001208        0x4 build/rtx_evr.o
                0x0000000008001208                EvrRtxMemoryFree
 .text.EvrRtxMemoryBlockInit
                0x000000000800120c        0x4 build/rtx_evr.o
                0x000000000800120c                EvrRtxMemoryBlockInit
 .text.EvrRtxMemoryBlockAlloc
                0x0000000008001210        0x4 build/rtx_evr.o
                0x0000000008001210                EvrRtxMemoryBlockAlloc
 .text.EvrRtxMemoryBlockFree
                0x0000000008001214        0x4 build/rtx_evr.o
                0x0000000008001214                EvrRtxMemoryBlockFree
 .text.EvrRtxKernelError
                0x0000000008001218        0x4 build/rtx_evr.o
                0x0000000008001218                EvrRtxKernelError
 .text.EvrRtxKernelInitialize
                0x000000000800121c        0x4 build/rtx_evr.o
                0x000000000800121c                EvrRtxKernelInitialize
 .text.EvrRtxKernelInitialized
                0x0000000008001220        0x4 build/rtx_evr.o
                0x0000000008001220                EvrRtxKernelInitialized
 .text.EvrRtxKernelStart
                0x0000000008001224        0x4 build/rtx_evr.o
                0x0000000008001224                EvrRtxKernelStart
 .text.EvrRtxKernelStarted
                0x0000000008001228        0x4 build/rtx_evr.o
                0x0000000008001228                EvrRtxKernelStarted
 .text.EvrRtxKernelGetTickCount
                0x000000000800122c        0x4 build/rtx_evr.o
                0x000000000800122c                EvrRtxKernelGetTickCount
 .text.EvrRtxThreadError
                0x0000000008001230        0x4 build/rtx_evr.o
                0x0000000008001230                EvrRtxThreadError
 .text.EvrRtxThreadNew
                0x0000000008001234        0x4 build/rtx_evr.o
                0x0000000008001234                EvrRtxThreadNew
 .text.EvrRtxThreadCreated
                0x0000000008001238        0x4 build/rtx_evr.o
                0x0000000008001238                EvrRtxThreadCreated
 .text.EvrRtxThreadJoined
                0x000000000800123c        0x4 build/rtx_evr.o
                0x000000000800123c                EvrRtxThreadJoined
 .text.EvrRtxThreadBlocked
                0x0000000008001240        0x4 build/rtx_evr.o
                0x0000000008001240                EvrRtxThreadBlocked
 .text.EvrRtxThreadUnblocked
                0x0000000008001244        0x4 build/rtx_evr.o
                0x0000000008001244                EvrRtxThreadUnblocked
 .text.EvrRtxThreadPreempted
                0x0000000008001248        0x4 build/rtx_evr.o
                0x0000000008001248                EvrRtxThreadPreempted
 .text.EvrRtxThreadSwitched
                0x000000000800124c        0x4 build/rtx_evr.o
                0x000000000800124c                EvrRtxThreadSwitched
 .text.EvrRtxThreadExit
                0x0000000008001250        0x4 build/rtx_evr.o
                0x0000000008001250                EvrRtxThreadExit
 .text.EvrRtxThreadDestroyed
                0x0000000008001254        0x4 build/rtx_evr.o
                0x0000000008001254                EvrRtxThreadDestroyed
 .text.EvrRtxThreadFlagsWaitTimeout
                0x0000000008001258        0x4 build/rtx_evr.o
                0x0000000008001258                EvrRtxThreadFlagsWaitTimeout
 .text.EvrRtxThreadFlagsWaitCompleted
                0x000000000800125c        0x4 build/rtx_evr.o
                0x000000000800125c                EvrRtxThreadFlagsWaitCompleted
 .text.EvrRtxThreadDelay
                0x0000000008001260        0x4 build/rtx_evr.o
                0x0000000008001260                EvrRtxThreadDelay
 .text.EvrRtxThreadDelayCompleted
                0x0000000008001264        0x4 build/rtx_evr.o
                0x0000000008001264                EvrRtxThreadDelayCompleted
 .text.EvrRtxTimerCallback
                0x0000000008001268        0x4 build/rtx_evr.o
                0x0000000008001268                EvrRtxTimerCallback
 .text.EvrRtxEventFlagsWaitTimeout
                0x000000000800126c        0x4 build/rtx_evr.o
                0x000000000800126c                EvrRtxEventFlagsWaitTimeout
 .text.EvrRtxMutexAcquireTimeout
                0x0000000008001270        0x4 build/rtx_evr.o
                0x0000000008001270                EvrRtxMutexAcquireTimeout
 .text.EvrRtxMutexAcquired
                0x0000000008001274        0x4 build/rtx_evr.o
                0x0000000008001274                EvrRtxMutexAcquired
 .text.EvrRtxMutexReleased
                0x0000000008001278        0x4 build/rtx_evr.o
                0x0000000008001278                EvrRtxMutexReleased
 .text.EvrRtxSemaphoreAcquireTimeout
                0x000000000800127c        0x4 build/rtx_evr.o
                0x000000000800127c                EvrRtxSemaphoreAcquireTimeout
 .text.EvrRtxMemoryPoolAllocTimeout
                0x0000000008001280        0x4 build/rtx_evr.o
                0x0000000008001280                EvrRtxMemoryPoolAllocTimeout
 .text.EvrRtxMessageQueueError
                0x0000000008001284        0x4 build/rtx_evr.o
                0x0000000008001284                EvrRtxMessageQueueError
 .text.EvrRtxMessageQueueNew
                0x0000000008001288        0x4 build/rtx_evr.o
                0x0000000008001288                EvrRtxMessageQueueNew
 .text.EvrRtxMessageQueueCreated
                0x000000000800128c        0x4 build/rtx_evr.o
                0x000000000800128c                EvrRtxMessageQueueCreated
 .text.EvrRtxMessageQueuePut
                0x0000000008001290        0x4 build/rtx_evr.o
                0x0000000008001290                EvrRtxMessageQueuePut
 .text.EvrRtxMessageQueuePutPending
                0x0000000008001294        0x4 build/rtx_evr.o
                0x0000000008001294                EvrRtxMessageQueuePutPending
 .text.EvrRtxMessageQueuePutTimeout
                0x0000000008001298        0x4 build/rtx_evr.o
                0x0000000008001298                EvrRtxMessageQueuePutTimeout
 .text.EvrRtxMessageQueueInsertPending
                0x000000000800129c        0x4 build/rtx_evr.o
                0x000000000800129c                EvrRtxMessageQueueInsertPending
 .text.EvrRtxMessageQueueInserted
                0x00000000080012a0        0x4 build/rtx_evr.o
                0x00000000080012a0                EvrRtxMessageQueueInserted
 .text.EvrRtxMessageQueueNotInserted
                0x00000000080012a4        0x4 build/rtx_evr.o
                0x00000000080012a4                EvrRtxMessageQueueNotInserted
 .text.EvrRtxMessageQueueGet
                0x00000000080012a8        0x4 build/rtx_evr.o
                0x00000000080012a8                EvrRtxMessageQueueGet
 .text.EvrRtxMessageQueueGetPending
                0x00000000080012ac        0x4 build/rtx_evr.o
                0x00000000080012ac                EvrRtxMessageQueueGetPending
 .text.EvrRtxMessageQueueGetTimeout
                0x00000000080012b0        0x4 build/rtx_evr.o
                0x00000000080012b0                EvrRtxMessageQueueGetTimeout
 .text.EvrRtxMessageQueueRetrieved
                0x00000000080012b4        0x4 build/rtx_evr.o
                0x00000000080012b4                EvrRtxMessageQueueRetrieved
 .text.EvrRtxMessageQueueNotRetrieved
                0x00000000080012b8        0x4 build/rtx_evr.o
                0x00000000080012b8                EvrRtxMessageQueueNotRetrieved
 .text.osRtxMemoryInit
                0x00000000080012bc       0x48 build/rtx_memory.o
                0x00000000080012bc                osRtxMemoryInit
 .text.osRtxMemoryAlloc
                0x0000000008001304       0x94 build/rtx_memory.o
                0x0000000008001304                osRtxMemoryAlloc
 .text.osRtxMemoryFree
                0x0000000008001398       0x5c build/rtx_memory.o
                0x0000000008001398                osRtxMemoryFree
 .text.osRtxMemoryPoolInit
                0x00000000080013f4       0x50 build/rtx_mempool.o
                0x00000000080013f4                osRtxMemoryPoolInit
 .text.osRtxMemoryPoolAlloc
                0x0000000008001444       0x4c build/rtx_mempool.o
                0x0000000008001444                osRtxMemoryPoolAlloc
 .text.osRtxMemoryPoolFree
                0x0000000008001490       0x5c build/rtx_mempool.o
                0x0000000008001490                osRtxMemoryPoolFree
 .text.MessageQueuePut
                0x00000000080014ec       0x50 build/rtx_msgqueue.o
 .text.MessageQueueGet
                0x000000000800153c       0x48 build/rtx_msgqueue.o
 .text.MessageQueueRemove
                0x0000000008001584       0x20 build/rtx_msgqueue.o
 .text.svcRtxMessageQueueNew
                0x00000000080015a4      0x194 build/rtx_msgqueue.o
 .text.osRtxMessageQueuePostProcess
                0x0000000008001738       0xec build/rtx_msgqueue.o
 .text.svcRtxMessageQueuePut
                0x0000000008001824       0xfc build/rtx_msgqueue.o
 .text.svcRtxMessageQueueGet
                0x0000000008001920      0x130 build/rtx_msgqueue.o
 .text.osMessageQueueNew
                0x0000000008001a50       0x48 build/rtx_msgqueue.o
                0x0000000008001a50                osMessageQueueNew
 .text.osMessageQueuePut
                0x0000000008001a98       0xac build/rtx_msgqueue.o
                0x0000000008001a98                osMessageQueuePut
 .text.osMessageQueueGet
                0x0000000008001b44       0x98 build/rtx_msgqueue.o
                0x0000000008001b44                osMessageQueueGet
 .text.osRtxMutexOwnerRelease
                0x0000000008001bdc       0x4c build/rtx_mutex.o
                0x0000000008001bdc                osRtxMutexOwnerRelease
 .text.isr_queue_put
                0x0000000008001c28       0x58 build/rtx_system.o
 .text.isr_queue_get
                0x0000000008001c80       0x58 build/rtx_system.o
 .text.osRtxTick_Handler
                0x0000000008001cd8       0x8c build/rtx_system.o
                0x0000000008001cd8                osRtxTick_Handler
 .text.osRtxPendSV_Handler
                0x0000000008001d64       0x68 build/rtx_system.o
                0x0000000008001d64                osRtxPendSV_Handler
 .text.osRtxPostProcess
                0x0000000008001dcc       0x38 build/rtx_system.o
                0x0000000008001dcc                osRtxPostProcess
 .text.ThreadFlagsCheck
                0x0000000008001e04       0x7c build/rtx_thread.o
 .text.osRtxThreadListRoot
                0x0000000008001e80       0x10 build/rtx_thread.o
 .text.osRtxThreadDelayInsert
                0x0000000008001e90       0x64 build/rtx_thread.o
 .text.osRtxThreadDelayRemove
                0x0000000008001ef4       0x68 build/rtx_thread.o
 .text.osRtxThreadBlock
                0x0000000008001f5c       0x34 build/rtx_thread.o
 .text.osRtxThreadFree
                0x0000000008001f90       0x5c build/rtx_thread.o
 .text.osThreadExit
                0x0000000008001fec       0x1c build/rtx_thread.o
                0x0000000008001fec                osThreadExit
 .text.osRtxThreadListPut
                0x0000000008002008       0x2c build/rtx_thread.o
                0x0000000008002008                osRtxThreadListPut
 .text.osRtxThreadListGet
                0x0000000008002034       0x18 build/rtx_thread.o
                0x0000000008002034                osRtxThreadListGet
 .text.osRtxThreadListRemove
                0x000000000800204c       0x18 build/rtx_thread.o
                0x000000000800204c                osRtxThreadListRemove
 .text.osRtxThreadReadyPut
                0x0000000008002064       0x14 build/rtx_thread.o
                0x0000000008002064                osRtxThreadReadyPut
 .text.osRtxThreadRegPtr
                0x0000000008002078       0x18 build/rtx_thread.o
                0x0000000008002078                osRtxThreadRegPtr
 .text.osRtxThreadDelayTick
                0x0000000008002090       0xc8 build/rtx_thread.o
                0x0000000008002090                osRtxThreadDelayTick
 .text.osRtxThreadStackCheck
                0x0000000008002158       0x28 build/rtx_thread.o
                0x0000000008002158                osRtxThreadStackCheck
 .text.osRtxThreadSwitch
                0x0000000008002180       0x1c build/rtx_thread.o
                0x0000000008002180                osRtxThreadSwitch
 .text.osRtxThreadDispatch
                0x000000000800219c       0x64 build/rtx_thread.o
                0x000000000800219c                osRtxThreadDispatch
 .text.osRtxThreadWaitExit
                0x0000000008002200       0x2c build/rtx_thread.o
                0x0000000008002200                osRtxThreadWaitExit
 .text.osRtxThreadPostProcess
                0x000000000800222c       0x30 build/rtx_thread.o
 .text.svcRtxThreadNew
                0x000000000800225c      0x228 build/rtx_thread.o
 .text.osRtxThreadWaitEnter
                0x0000000008002484       0x4c build/rtx_thread.o
                0x0000000008002484                osRtxThreadWaitEnter
 .text.svcRtxThreadExit
                0x00000000080024d0       0x84 build/rtx_thread.o
 .text.osRtxThreadStartup
                0x0000000008002554       0x58 build/rtx_thread.o
                0x0000000008002554                osRtxThreadStartup
 .text.osThreadNew
                0x00000000080025ac       0x48 build/rtx_thread.o
                0x00000000080025ac                osThreadNew
 .text.TimerInsert
                0x00000000080025f4       0x3c build/rtx_timer.o
 .text.TimerUnlink
                0x0000000008002630       0x14 build/rtx_timer.o
 .text.osRtxTimerTick
                0x0000000008002644       0x58 build/rtx_timer.o
 .text.osRtxTimerThread
                0x000000000800269c       0x50 build/rtx_timer.o
                0x000000000800269c                osRtxTimerThread
 .text.OS_Tick_Setup
                0x00000000080026ec       0x48 build/os_systick.o
                0x00000000080026ec                OS_Tick_Setup
 .text.OS_Tick_Enable
                0x0000000008002734       0x2c build/os_systick.o
                0x0000000008002734                OS_Tick_Enable
 .text.OS_Tick_AcknowledgeIRQ
                0x0000000008002760        0xc build/os_systick.o
                0x0000000008002760                OS_Tick_AcknowledgeIRQ
 .text.OS_Tick_GetIRQn
                0x000000000800276c        0x8 build/os_systick.o
                0x000000000800276c                OS_Tick_GetIRQn
 .text.UART_SetConfig
                0x0000000008002774      0x32c build/stm32f4xx_hal_uart.o
 .text.HAL_UART_Init
                0x0000000008002aa0       0x64 build/stm32f4xx_hal_uart.o
                0x0000000008002aa0                HAL_UART_Init
 .text.HAL_RCC_OscConfig
                0x0000000008002b04      0x3c0 build/stm32f4xx_hal_rcc.o
                0x0000000008002b04                HAL_RCC_OscConfig
 .text.HAL_RCC_GetSysClockFreq
                0x0000000008002ec4       0xcc build/stm32f4xx_hal_rcc.o
                0x0000000008002ec4                HAL_RCC_GetSysClockFreq
 .text.HAL_RCC_ClockConfig
                0x0000000008002f90      0x160 build/stm32f4xx_hal_rcc.o
                0x0000000008002f90                HAL_RCC_ClockConfig
 .text.HAL_RCC_GetHCLKFreq
                0x00000000080030f0        0xc build/stm32f4xx_hal_rcc.o
                0x00000000080030f0                HAL_RCC_GetHCLKFreq
 .text.HAL_RCC_GetPCLK1Freq
                0x00000000080030fc       0x20 build/stm32f4xx_hal_rcc.o
                0x00000000080030fc                HAL_RCC_GetPCLK1Freq
 .text.HAL_RCC_GetPCLK2Freq
                0x000000000800311c       0x20 build/stm32f4xx_hal_rcc.o
                0x000000000800311c                HAL_RCC_GetPCLK2Freq
 .text.HAL_GPIO_Init
                0x000000000800313c      0x19c build/stm32f4xx_hal_gpio.o
                0x000000000800313c                HAL_GPIO_Init
 .text.HAL_GPIO_WritePin
                0x00000000080032d8        0xc build/stm32f4xx_hal_gpio.o
                0x00000000080032d8                HAL_GPIO_WritePin
 .text.HAL_GPIO_TogglePin
                0x00000000080032e4       0x14 build/stm32f4xx_hal_gpio.o
                0x00000000080032e4                HAL_GPIO_TogglePin
 .text.DMA_CalcBaseAndBitshift
                0x00000000080032f8       0x3c build/stm32f4xx_hal_dma.o
 .text.DMA_CheckFifoParam
                0x0000000008003334       0x90 build/stm32f4xx_hal_dma.o
 .text.HAL_DMA_Init
                0x00000000080033c4       0xd0 build/stm32f4xx_hal_dma.o
                0x00000000080033c4                HAL_DMA_Init
 .text.HAL_DMA_IRQHandler
                0x0000000008003494      0x1d8 build/stm32f4xx_hal_dma.o
                0x0000000008003494                HAL_DMA_IRQHandler
 .text.HAL_NVIC_SetPriorityGrouping
                0x000000000800366c       0x24 build/stm32f4xx_hal_cortex.o
                0x000000000800366c                HAL_NVIC_SetPriorityGrouping
 .text.HAL_NVIC_SetPriority
                0x0000000008003690       0x64 build/stm32f4xx_hal_cortex.o
                0x0000000008003690                HAL_NVIC_SetPriority
 .text.HAL_NVIC_EnableIRQ
                0x00000000080036f4       0x1c build/stm32f4xx_hal_cortex.o
                0x00000000080036f4                HAL_NVIC_EnableIRQ
 .text.HAL_SYSTICK_Config
                0x0000000008003710       0x2c build/stm32f4xx_hal_cortex.o
                0x0000000008003710                HAL_SYSTICK_Config
 .text.HAL_InitTick
                0x000000000800373c       0x4c build/stm32f4xx_hal.o
                0x000000000800373c                HAL_InitTick
 .text.HAL_Init
                0x0000000008003788       0x34 build/stm32f4xx_hal.o
                0x0000000008003788                HAL_Init
 .text.SystemInit
                0x00000000080037bc       0x4c build/system_stm32f4xx.o
                0x00000000080037bc                SystemInit
 .text.SystemCoreClockUpdate
                0x0000000008003808       0xa0 build/system_stm32f4xx.o
                0x0000000008003808                SystemCoreClockUpdate
 .text.Reset_Handler
                0x00000000080038a8       0x50 build/startup_stm32f401xc.o
                0x00000000080038a8                Reset_Handler
 .text.Default_Handler
                0x00000000080038f8        0x2 build/startup_stm32f401xc.o
                0x00000000080038f8                RTC_Alarm_IRQHandler
                0x00000000080038f8                EXTI2_IRQHandler
                0x00000000080038f8                SPI4_IRQHandler
                0x00000000080038f8                TIM1_CC_IRQHandler
                0x00000000080038f8                DMA2_Stream5_IRQHandler
                0x00000000080038f8                PVD_IRQHandler
                0x00000000080038f8                SDIO_IRQHandler
                0x00000000080038f8                TAMP_STAMP_IRQHandler
                0x00000000080038f8                EXTI3_IRQHandler
                0x00000000080038f8                TIM1_UP_TIM10_IRQHandler
                0x00000000080038f8                I2C3_ER_IRQHandler
                0x00000000080038f8                EXTI0_IRQHandler
                0x00000000080038f8                I2C2_EV_IRQHandler
                0x00000000080038f8                DMA1_Stream2_IRQHandler
                0x00000000080038f8                FPU_IRQHandler
                0x00000000080038f8                SPI1_IRQHandler
                0x00000000080038f8                TIM1_BRK_TIM9_IRQHandler
                0x00000000080038f8                DMA2_Stream3_IRQHandler
                0x00000000080038f8                USART6_IRQHandler
                0x00000000080038f8                DMA2_Stream0_IRQHandler
                0x00000000080038f8                TIM4_IRQHandler
                0x00000000080038f8                I2C1_EV_IRQHandler
                0x00000000080038f8                DMA1_Stream1_IRQHandler
                0x00000000080038f8                TIM3_IRQHandler
                0x00000000080038f8                RCC_IRQHandler
                0x00000000080038f8                Default_Handler
                0x00000000080038f8                EXTI15_10_IRQHandler
                0x00000000080038f8                ADC_IRQHandler
                0x00000000080038f8                DMA1_Stream7_IRQHandler
                0x00000000080038f8                TIM5_IRQHandler
                0x00000000080038f8                I2C3_EV_IRQHandler
                0x00000000080038f8                EXTI9_5_IRQHandler
                0x00000000080038f8                RTC_WKUP_IRQHandler
                0x00000000080038f8                SPI2_IRQHandler
                0x00000000080038f8                DMA1_Stream0_IRQHandler
                0x00000000080038f8                EXTI4_IRQHandler
                0x00000000080038f8                WWDG_IRQHandler
                0x00000000080038f8                TIM2_IRQHandler
                0x00000000080038f8                OTG_FS_WKUP_IRQHandler
                0x00000000080038f8                TIM1_TRG_COM_TIM11_IRQHandler
                0x00000000080038f8                EXTI1_IRQHandler
                0x00000000080038f8                USART2_IRQHandler
                0x00000000080038f8                I2C2_ER_IRQHandler
                0x00000000080038f8                FLASH_IRQHandler
                0x00000000080038f8                DMA2_Stream4_IRQHandler
                0x00000000080038f8                USART1_IRQHandler
                0x00000000080038f8                OTG_FS_IRQHandler
                0x00000000080038f8                SPI3_IRQHandler
                0x00000000080038f8                DMA1_Stream4_IRQHandler
                0x00000000080038f8                I2C1_ER_IRQHandler
                0x00000000080038f8                DMA1_Stream3_IRQHandler
 *(.glue_7)
 .glue_7        0x00000000080038fa        0x0 linker stubs
 *(.glue_7t)
 .glue_7t       0x00000000080038fa        0x0 linker stubs
 *(.eh_frame)
 *fill*         0x00000000080038fa        0x2 
 .eh_frame      0x00000000080038fc        0x0 /usr/lib/gcc/arm-none-eabi/5.4.1/armv7e-m/fpu/crtbegin.o
 *(.init)
 .init          0x00000000080038fc        0x4 /usr/lib/gcc/arm-none-eabi/5.4.1/armv7e-m/fpu/crti.o
                0x00000000080038fc                _init
 .init          0x0000000008003900        0x8 /usr/lib/gcc/arm-none-eabi/5.4.1/armv7e-m/fpu/crtn.o
 *(.fini)
 .fini          0x0000000008003908        0x4 /usr/lib/gcc/arm-none-eabi/5.4.1/armv7e-m/fpu/crti.o
                0x0000000008003908                _fini
 .fini          0x000000000800390c        0x8 /usr/lib/gcc/arm-none-eabi/5.4.1/armv7e-m/fpu/crtn.o
                0x0000000008003914                . = ALIGN (0x4)
                0x0000000008003914                _etext = .

.vfp11_veneer   0x0000000008003914        0x0
 .vfp11_veneer  0x0000000008003914        0x0 linker stubs

.v4_bx          0x0000000008003914        0x0
 .v4_bx         0x0000000008003914        0x0 linker stubs

.iplt           0x0000000008003914        0x0
 .iplt          0x0000000008003914        0x0 /usr/lib/gcc/arm-none-eabi/5.4.1/armv7e-m/fpu/crtbegin.o

.rodata         0x0000000008003914      0x130
                0x0000000008003914                . = ALIGN (0x4)
 *(.rodata)
 .rodata        0x0000000008003914       0xa0 build/rtx_lib.o
                0x0000000008003914                os_cb_sections
                0x000000000800394c                osRtxConfig
 *(.rodata*)
 .rodata.os_idle_thread_attr
                0x00000000080039b4       0x24 build/rtx_lib.o
 .rodata.osRtxUserSVC
                0x00000000080039d8        0x4 build/rtx_lib.o
                0x00000000080039d8                osRtxUserSVC
 .rodata.os_timer_thread_attr
                0x00000000080039dc       0x24 build/rtx_lib.o
 .rodata.os_timer_mq_attr
                0x0000000008003a00       0x18 build/rtx_lib.o
 .rodata.str1.4
                0x0000000008003a18        0xc build/rtx_kernel.o
                                          0xb (size before relaxing)
 .rodata.flagBitshiftOffset.6244
                0x0000000008003a24        0x8 build/stm32f4xx_hal_dma.o
 .rodata.AHBPrescTable
                0x0000000008003a2c       0x10 build/system_stm32f4xx.o
                0x0000000008003a2c                AHBPrescTable
 .rodata.APBPrescTable
                0x0000000008003a3c        0x8 build/system_stm32f4xx.o
                0x0000000008003a3c                APBPrescTable
                0x0000000008003a44                . = ALIGN (0x4)

.ARM.extab
 *(.ARM.extab* .gnu.linkonce.armextab.*)

.ARM            0x0000000008003a44        0x8
                0x0000000008003a44                __exidx_start = .
 *(.ARM.exidx*)
 .ARM.exidx     0x0000000008003a44        0x8 build/irq_cm4f.o
                                         0x18 (size before relaxing)
 .ARM.exidx     0x0000000008003a4c        0x0 /usr/lib/gcc/arm-none-eabi/5.4.1/armv7e-m/fpu/libgcc.a(_udivmoddi4.o)
                                          0x8 (size before relaxing)
                0x0000000008003a4c                __exidx_end = .

.rel.dyn        0x0000000008003a4c        0x0
 .rel.iplt      0x0000000008003a4c        0x0 /usr/lib/gcc/arm-none-eabi/5.4.1/armv7e-m/fpu/crtbegin.o

.preinit_array  0x0000000008003a4c        0x0
                0x0000000008003a4c                PROVIDE (__preinit_array_start, .)
 *(.preinit_array*)
                0x0000000008003a4c                PROVIDE (__preinit_array_end, .)

.init_array     0x0000000008003a4c        0x4
                0x0000000008003a4c                PROVIDE (__init_array_start, .)
 *(SORT(.init_array.*))
 *(.init_array*)
 .init_array    0x0000000008003a4c        0x4 /usr/lib/gcc/arm-none-eabi/5.4.1/armv7e-m/fpu/crtbegin.o
                0x0000000008003a50                PROVIDE (__init_array_end, .)

.fini_array     0x0000000008003a50        0x4
                0x0000000008003a50                PROVIDE (__fini_array_start, .)
 *(SORT(.fini_array.*))
 *(.fini_array*)
 .fini_array    0x0000000008003a50        0x4 /usr/lib/gcc/arm-none-eabi/5.4.1/armv7e-m/fpu/crtbegin.o
                0x0000000008003a54                PROVIDE (__fini_array_end, .)
                0x0000000008003a54                _sidata = LOADADDR (.data)

.data           0x0000000020000000       0xb0 load address 0x0000000008003a54
                0x0000000020000000                . = ALIGN (0x4)
                0x0000000020000000                _sdata = .
 *(.data)
 *(.data*)
 .data.os       0x0000000020000000       0xa4 build/rtx_kernel.o
                0x0000000020000000                osRtxInfo
 .data.uwTickPrio
                0x00000000200000a4        0x4 build/stm32f4xx_hal.o
                0x00000000200000a4                uwTickPrio
 .data.uwTickFreq
                0x00000000200000a8        0x1 build/stm32f4xx_hal.o
                0x00000000200000a8                uwTickFreq
 *fill*         0x00000000200000a9        0x3 
 .data.SystemCoreClock
                0x00000000200000ac        0x4 build/system_stm32f4xx.o
                0x00000000200000ac                SystemCoreClock
                0x00000000200000b0                . = ALIGN (0x4)
                0x00000000200000b0                _edata = .

.jcr            0x00000000200000b0        0x0 load address 0x0000000008003b04
 .jcr           0x00000000200000b0        0x0 /usr/lib/gcc/arm-none-eabi/5.4.1/armv7e-m/fpu/crtbegin.o

.tm_clone_table
                0x00000000200000b0        0x0 load address 0x0000000008003b04
 .tm_clone_table
                0x00000000200000b0        0x0 /usr/lib/gcc/arm-none-eabi/5.4.1/armv7e-m/fpu/crtbegin.o
 .tm_clone_table
                0x00000000200000b0        0x0 /usr/lib/gcc/arm-none-eabi/5.4.1/armv7e-m/fpu/crtend.o

.igot.plt       0x00000000200000b0        0x0 load address 0x0000000008003b04
 .igot.plt      0x00000000200000b0        0x0 /usr/lib/gcc/arm-none-eabi/5.4.1/armv7e-m/fpu/crtbegin.o
                0x00000000200000b0                . = ALIGN (0x4)

.bss            0x00000000200000b0     0x1674 load address 0x0000000008003b04
                0x00000000200000b0                _sbss = .
                0x00000000200000b0                __bss_start__ = _sbss
 *(.bss)
 .bss           0x00000000200000b0       0x1c /usr/lib/gcc/arm-none-eabi/5.4.1/armv7e-m/fpu/crtbegin.o
 *(.bss*)
 *fill*         0x00000000200000cc        0x4 
 .bss.os        0x00000000200000d0     0x1040 build/rtx_lib.o
 .bss.os.msgqueue.cb
                0x0000000020001110       0x34 build/rtx_lib.o
 .bss.os.msgqueue.mem
                0x0000000020001144       0x50 build/rtx_lib.o
 *fill*         0x0000000020001194        0x4 
 .bss.os.thread.stack
                0x0000000020001198      0x200 build/rtx_lib.o
 .bss.os.thread.cb
                0x0000000020001398       0x88 build/rtx_lib.o
 .bss.PendST    0x0000000020001420        0x1 build/os_systick.o
 *(COMMON)
 *fill*         0x0000000020001421        0x3 
 COMMON         0x0000000020001424      0x300 build/main.o
                0x0000000020001424                hdma_usart2_rx
                0x0000000020001484                hdma_usart6_rx
                0x00000000200014e4                hdma_usart1_tx
                0x0000000020001544                hdma_usart6_tx
                0x00000000200015a4                hdma_usart1_rx
                0x0000000020001604                hdma_usart2_tx
                0x0000000020001664                huart1
                0x00000000200016a4                huart6
                0x00000000200016e4                huart2
                0x0000000020001724                . = ALIGN (0x4)
                0x0000000020001724                _ebss = .
                0x0000000020001724                __bss_end__ = _ebss

._user_heap_stack
                0x0000000020001724      0x604 load address 0x0000000008003b04
                0x0000000020001728                . = ALIGN (0x8)
 *fill*         0x0000000020001724        0x4 
                [!provide]                        PROVIDE (end, .)
                [!provide]                        PROVIDE (_end, .)
                0x0000000020001928                . = (. + _Min_Heap_Size)
 *fill*         0x0000000020001728      0x200 
                0x0000000020001d28                . = (. + _Min_Stack_Size)
 *fill*         0x0000000020001928      0x400 
                0x0000000020001d28                . = ALIGN (0x8)

/DISCARD/
 libc.a(*)
 libm.a(*)
 libgcc.a(*)

.ARM.attributes
                0x0000000000000000       0x30
 *(.ARM.attributes)
 .ARM.attributes
                0x0000000000000000       0x22 /usr/lib/gcc/arm-none-eabi/5.4.1/armv7e-m/fpu/crti.o
 .ARM.attributes
                0x0000000000000022       0x34 /usr/lib/gcc/arm-none-eabi/5.4.1/armv7e-m/fpu/crtbegin.o
 .ARM.attributes
                0x0000000000000056       0x39 build/main.o
 .ARM.attributes
                0x000000000000008f       0x39 build/stm32f4xx_it.o
 .ARM.attributes
                0x00000000000000c8       0x39 build/stm32f4xx_hal_msp.o
 .ARM.attributes
                0x0000000000000101       0x39 build/RTX_Config.o
 .ARM.attributes
                0x000000000000013a       0x39 build/rtx_lib.o
 .ARM.attributes
                0x0000000000000173       0x39 build/rtx_kernel.o
 .ARM.attributes
                0x00000000000001ac       0x39 build/rtx_delay.o
 .ARM.attributes
                0x00000000000001e5       0x39 build/rtx_evr.o
 .ARM.attributes
                0x000000000000021e       0x39 build/rtx_memory.o
 .ARM.attributes
                0x0000000000000257       0x39 build/rtx_mempool.o
 .ARM.attributes
                0x0000000000000290       0x39 build/rtx_msgqueue.o
 .ARM.attributes
                0x00000000000002c9       0x39 build/rtx_mutex.o
 .ARM.attributes
                0x0000000000000302       0x39 build/rtx_system.o
 .ARM.attributes
                0x000000000000033b       0x39 build/rtx_thread.o
 .ARM.attributes
                0x0000000000000374       0x39 build/rtx_timer.o
 .ARM.attributes
                0x00000000000003ad       0x39 build/os_systick.o
 .ARM.attributes
                0x00000000000003e6       0x39 build/stm32f4xx_hal_uart.o
 .ARM.attributes
                0x000000000000041f       0x39 build/stm32f4xx_hal_rcc.o
 .ARM.attributes
                0x0000000000000458       0x39 build/stm32f4xx_hal_gpio.o
 .ARM.attributes
                0x0000000000000491       0x39 build/stm32f4xx_hal_dma.o
 .ARM.attributes
                0x00000000000004ca       0x39 build/stm32f4xx_hal_cortex.o
 .ARM.attributes
                0x0000000000000503       0x39 build/stm32f4xx_hal.o
 .ARM.attributes
                0x000000000000053c       0x39 build/system_stm32f4xx.o
 .ARM.attributes
                0x0000000000000575       0x21 build/startup_stm32f401xc.o
 .ARM.attributes
                0x0000000000000596       0x25 build/irq_cm4f.o
 .ARM.attributes
                0x00000000000005bb       0x34 /usr/lib/gcc/arm-none-eabi/5.4.1/../../../arm-none-eabi/lib/armv7e-m/fpu/libc_nano.a(lib_a-init.o)
 .ARM.attributes
                0x00000000000005ef       0x20 /usr/lib/gcc/arm-none-eabi/5.4.1/../../../arm-none-eabi/lib/armv7e-m/fpu/libc_nano.a(lib_a-memcpy.o)
 .ARM.attributes
                0x000000000000060f       0x34 /usr/lib/gcc/arm-none-eabi/5.4.1/../../../arm-none-eabi/lib/armv7e-m/fpu/libc_nano.a(lib_a-memset.o)
 .ARM.attributes
                0x0000000000000643       0x22 /usr/lib/gcc/arm-none-eabi/5.4.1/armv7e-m/fpu/libgcc.a(_aeabi_uldivmod.o)
 .ARM.attributes
                0x0000000000000665       0x34 /usr/lib/gcc/arm-none-eabi/5.4.1/armv7e-m/fpu/libgcc.a(_udivmoddi4.o)
 .ARM.attributes
                0x0000000000000699       0x22 /usr/lib/gcc/arm-none-eabi/5.4.1/armv7e-m/fpu/libgcc.a(_dvmd_tls.o)
 .ARM.attributes
                0x00000000000006bb       0x34 /usr/lib/gcc/arm-none-eabi/5.4.1/armv7e-m/fpu/crtend.o
 .ARM.attributes
                0x00000000000006ef       0x22 /usr/lib/gcc/arm-none-eabi/5.4.1/armv7e-m/fpu/crtn.o
OUTPUT(build/make_test_4.0.elf elf32-littlearm)

.comment        0x0000000000000000       0x2b
 .comment       0x0000000000000000       0x2b /usr/lib/gcc/arm-none-eabi/5.4.1/armv7e-m/fpu/crtbegin.o
                                         0x2c (size before relaxing)
 .comment       0x000000000000002b       0x2c build/main.o
 .comment       0x000000000000002b       0x2c build/stm32f4xx_it.o
 .comment       0x000000000000002b       0x2c build/stm32f4xx_hal_msp.o
 .comment       0x000000000000002b       0x2c build/RTX_Config.o
 .comment       0x000000000000002b       0x2c build/rtx_lib.o
 .comment       0x000000000000002b       0x2c build/rtx_kernel.o
 .comment       0x000000000000002b       0x2c build/rtx_delay.o
 .comment       0x000000000000002b       0x2c build/rtx_evr.o
 .comment       0x000000000000002b       0x2c build/rtx_memory.o
 .comment       0x000000000000002b       0x2c build/rtx_mempool.o
 .comment       0x000000000000002b       0x2c build/rtx_msgqueue.o
 .comment       0x000000000000002b       0x2c build/rtx_mutex.o
 .comment       0x000000000000002b       0x2c build/rtx_system.o
 .comment       0x000000000000002b       0x2c build/rtx_thread.o
 .comment       0x000000000000002b       0x2c build/rtx_timer.o
 .comment       0x000000000000002b       0x2c build/os_systick.o
 .comment       0x000000000000002b       0x2c build/stm32f4xx_hal_uart.o
 .comment       0x000000000000002b       0x2c build/stm32f4xx_hal_rcc.o
 .comment       0x000000000000002b       0x2c build/stm32f4xx_hal_gpio.o
 .comment       0x000000000000002b       0x2c build/stm32f4xx_hal_dma.o
 .comment       0x000000000000002b       0x2c build/stm32f4xx_hal_cortex.o
 .comment       0x000000000000002b       0x2c build/stm32f4xx_hal.o
 .comment       0x000000000000002b       0x2c build/system_stm32f4xx.o
 .comment       0x000000000000002b       0x2c /usr/lib/gcc/arm-none-eabi/5.4.1/../../../arm-none-eabi/lib/armv7e-m/fpu/libc_nano.a(lib_a-init.o)
 .comment       0x000000000000002b       0x2c /usr/lib/gcc/arm-none-eabi/5.4.1/../../../arm-none-eabi/lib/armv7e-m/fpu/libc_nano.a(lib_a-memset.o)
 .comment       0x000000000000002b       0x2c /usr/lib/gcc/arm-none-eabi/5.4.1/armv7e-m/fpu/libgcc.a(_udivmoddi4.o)
 .comment       0x000000000000002b       0x2c /usr/lib/gcc/arm-none-eabi/5.4.1/armv7e-m/fpu/crtend.o

.debug_info     0x0000000000000000    0x20ba3
 .debug_info    0x0000000000000000     0x149a build/main.o
 .debug_info    0x000000000000149a      0x4fc build/stm32f4xx_it.o
 .debug_info    0x0000000000001996      0xeb8 build/stm32f4xx_hal_msp.o
 .debug_info    0x000000000000284e       0xf9 build/RTX_Config.o
 .debug_info    0x0000000000002947      0xbd1 build/rtx_lib.o
 .debug_info    0x0000000000003518     0x2e2b build/rtx_kernel.o
 .debug_info    0x0000000000006343     0x106d build/rtx_delay.o
 .debug_info    0x00000000000073b0     0x27bc build/rtx_evr.o
 .debug_info    0x0000000000009b6c     0x1061 build/rtx_memory.o
 .debug_info    0x000000000000abcd     0x28d1 build/rtx_mempool.o
 .debug_info    0x000000000000d49e     0x3147 build/rtx_msgqueue.o
 .debug_info    0x00000000000105e5     0x1d7a build/rtx_mutex.o
 .debug_info    0x000000000001235f     0x12a9 build/rtx_system.o
 .debug_info    0x0000000000013608     0x4f6f build/rtx_thread.o
 .debug_info    0x0000000000018577     0x21b3 build/rtx_timer.o
 .debug_info    0x000000000001a72a      0x5d0 build/os_systick.o
 .debug_info    0x000000000001acfa     0x184f build/stm32f4xx_hal_uart.o
 .debug_info    0x000000000001c549      0xb4a build/stm32f4xx_hal_rcc.o
 .debug_info    0x000000000001d093      0x7e5 build/stm32f4xx_hal_gpio.o
 .debug_info    0x000000000001d878      0xae0 build/stm32f4xx_hal_dma.o
 .debug_info    0x000000000001e358      0xf52 build/stm32f4xx_hal_cortex.o
 .debug_info    0x000000000001f2aa      0x9e2 build/stm32f4xx_hal.o
 .debug_info    0x000000000001fc8c      0x59f build/system_stm32f4xx.o
 .debug_info    0x000000000002022b       0x6c build/startup_stm32f401xc.o
 .debug_info    0x0000000000020297       0x65 build/irq_cm4f.o
 .debug_info    0x00000000000202fc      0x110 /usr/lib/gcc/arm-none-eabi/5.4.1/../../../arm-none-eabi/lib/armv7e-m/fpu/libc_nano.a(lib_a-init.o)
 .debug_info    0x000000000002040c       0xcf /usr/lib/gcc/arm-none-eabi/5.4.1/../../../arm-none-eabi/lib/armv7e-m/fpu/libc_nano.a(lib_a-memcpy.o)
 .debug_info    0x00000000000204db      0x11e /usr/lib/gcc/arm-none-eabi/5.4.1/../../../arm-none-eabi/lib/armv7e-m/fpu/libc_nano.a(lib_a-memset.o)
 .debug_info    0x00000000000205f9       0xbd /usr/lib/gcc/arm-none-eabi/5.4.1/armv7e-m/fpu/libgcc.a(_aeabi_uldivmod.o)
 .debug_info    0x00000000000206b6      0x42c /usr/lib/gcc/arm-none-eabi/5.4.1/armv7e-m/fpu/libgcc.a(_udivmoddi4.o)
 .debug_info    0x0000000000020ae2       0xc1 /usr/lib/gcc/arm-none-eabi/5.4.1/armv7e-m/fpu/libgcc.a(_dvmd_tls.o)

.debug_abbrev   0x0000000000000000     0x3a2e
 .debug_abbrev  0x0000000000000000      0x297 build/main.o
 .debug_abbrev  0x0000000000000297      0x13e build/stm32f4xx_it.o
 .debug_abbrev  0x00000000000003d5      0x1ef build/stm32f4xx_hal_msp.o
 .debug_abbrev  0x00000000000005c4       0x86 build/RTX_Config.o
 .debug_abbrev  0x000000000000064a      0x185 build/rtx_lib.o
 .debug_abbrev  0x00000000000007cf      0x3c1 build/rtx_kernel.o
 .debug_abbrev  0x0000000000000b90      0x274 build/rtx_delay.o
 .debug_abbrev  0x0000000000000e04      0x181 build/rtx_evr.o
 .debug_abbrev  0x0000000000000f85      0x221 build/rtx_memory.o
 .debug_abbrev  0x00000000000011a6      0x36d build/rtx_mempool.o
 .debug_abbrev  0x0000000000001513      0x391 build/rtx_msgqueue.o
 .debug_abbrev  0x00000000000018a4      0x302 build/rtx_mutex.o
 .debug_abbrev  0x0000000000001ba6      0x2cf build/rtx_system.o
 .debug_abbrev  0x0000000000001e75      0x47d build/rtx_thread.o
 .debug_abbrev  0x00000000000022f2      0x332 build/rtx_timer.o
 .debug_abbrev  0x0000000000002624      0x16e build/os_systick.o
 .debug_abbrev  0x0000000000002792      0x2a2 build/stm32f4xx_hal_uart.o
 .debug_abbrev  0x0000000000002a34      0x28b build/stm32f4xx_hal_rcc.o
 .debug_abbrev  0x0000000000002cbf      0x211 build/stm32f4xx_hal_gpio.o
 .debug_abbrev  0x0000000000002ed0      0x272 build/stm32f4xx_hal_dma.o
 .debug_abbrev  0x0000000000003142      0x313 build/stm32f4xx_hal_cortex.o
 .debug_abbrev  0x0000000000003455      0x21a build/stm32f4xx_hal.o
 .debug_abbrev  0x000000000000366f      0x103 build/system_stm32f4xx.o
 .debug_abbrev  0x0000000000003772       0x12 build/startup_stm32f401xc.o
 .debug_abbrev  0x0000000000003784       0x14 build/irq_cm4f.o
 .debug_abbrev  0x0000000000003798       0xba /usr/lib/gcc/arm-none-eabi/5.4.1/../../../arm-none-eabi/lib/armv7e-m/fpu/libc_nano.a(lib_a-init.o)
 .debug_abbrev  0x0000000000003852       0x14 /usr/lib/gcc/arm-none-eabi/5.4.1/../../../arm-none-eabi/lib/armv7e-m/fpu/libc_nano.a(lib_a-memcpy.o)
 .debug_abbrev  0x0000000000003866       0x9f /usr/lib/gcc/arm-none-eabi/5.4.1/../../../arm-none-eabi/lib/armv7e-m/fpu/libc_nano.a(lib_a-memset.o)
 .debug_abbrev  0x0000000000003905       0x14 /usr/lib/gcc/arm-none-eabi/5.4.1/armv7e-m/fpu/libgcc.a(_aeabi_uldivmod.o)
 .debug_abbrev  0x0000000000003919      0x101 /usr/lib/gcc/arm-none-eabi/5.4.1/armv7e-m/fpu/libgcc.a(_udivmoddi4.o)
 .debug_abbrev  0x0000000000003a1a       0x14 /usr/lib/gcc/arm-none-eabi/5.4.1/armv7e-m/fpu/libgcc.a(_dvmd_tls.o)

.debug_loc      0x0000000000000000     0xbffe
 .debug_loc     0x0000000000000000      0x196 build/main.o
 .debug_loc     0x0000000000000196       0xc0 build/stm32f4xx_it.o
 .debug_loc     0x0000000000000256      0x135 build/stm32f4xx_hal_msp.o
 .debug_loc     0x000000000000038b       0x20 build/rtx_lib.o
 .debug_loc     0x00000000000003ab      0xa1d build/rtx_kernel.o
 .debug_loc     0x0000000000000dc8      0x1db build/rtx_delay.o
 .debug_loc     0x0000000000000fa3      0x485 build/rtx_memory.o
 .debug_loc     0x0000000000001428     0x11e9 build/rtx_mempool.o
 .debug_loc     0x0000000000002611     0x1665 build/rtx_msgqueue.o
 .debug_loc     0x0000000000003c76      0x8ed build/rtx_mutex.o
 .debug_loc     0x0000000000004563      0x240 build/rtx_system.o
 .debug_loc     0x00000000000047a3     0x2688 build/rtx_thread.o
 .debug_loc     0x0000000000006e2b      0xb0d build/rtx_timer.o
 .debug_loc     0x0000000000007938       0x98 build/os_systick.o
 .debug_loc     0x00000000000079d0     0x17a4 build/stm32f4xx_hal_uart.o
 .debug_loc     0x0000000000009174      0x5c1 build/stm32f4xx_hal_rcc.o
 .debug_loc     0x0000000000009735      0x427 build/stm32f4xx_hal_gpio.o
 .debug_loc     0x0000000000009b5c      0xb18 build/stm32f4xx_hal_dma.o
 .debug_loc     0x000000000000a674      0x5c0 build/stm32f4xx_hal_cortex.o
 .debug_loc     0x000000000000ac34      0x1a8 build/stm32f4xx_hal.o
 .debug_loc     0x000000000000addc      0x132 build/system_stm32f4xx.o
 .debug_loc     0x000000000000af0e       0xae /usr/lib/gcc/arm-none-eabi/5.4.1/../../../arm-none-eabi/lib/armv7e-m/fpu/libc_nano.a(lib_a-init.o)
 .debug_loc     0x000000000000afbc      0x1ae /usr/lib/gcc/arm-none-eabi/5.4.1/../../../arm-none-eabi/lib/armv7e-m/fpu/libc_nano.a(lib_a-memset.o)
 .debug_loc     0x000000000000b16a      0xe94 /usr/lib/gcc/arm-none-eabi/5.4.1/armv7e-m/fpu/libgcc.a(_udivmoddi4.o)

.debug_aranges  0x0000000000000000     0x13a0
 .debug_aranges
                0x0000000000000000       0x68 build/main.o
 .debug_aranges
                0x0000000000000068       0x78 build/stm32f4xx_it.o
 .debug_aranges
                0x00000000000000e0       0x30 build/stm32f4xx_hal_msp.o
 .debug_aranges
                0x0000000000000110       0x28 build/RTX_Config.o
 .debug_aranges
                0x0000000000000138       0x28 build/rtx_lib.o
 .debug_aranges
                0x0000000000000160      0x100 build/rtx_kernel.o
 .debug_aranges
                0x0000000000000260       0x38 build/rtx_delay.o
 .debug_aranges
                0x0000000000000298      0x550 build/rtx_evr.o
 .debug_aranges
                0x00000000000007e8       0x30 build/rtx_memory.o
 .debug_aranges
                0x0000000000000818       0xc8 build/rtx_mempool.o
 .debug_aranges
                0x00000000000008e0       0xd8 build/rtx_msgqueue.o
 .debug_aranges
                0x00000000000009b8       0x80 build/rtx_mutex.o
 .debug_aranges
                0x0000000000000a38       0x40 build/rtx_system.o
 .debug_aranges
                0x0000000000000a78      0x220 build/rtx_thread.o
 .debug_aranges
                0x0000000000000c98       0xa0 build/rtx_timer.o
 .debug_aranges
                0x0000000000000d38       0x60 build/os_systick.o
 .debug_aranges
                0x0000000000000d98      0x1d0 build/stm32f4xx_hal_uart.o
 .debug_aranges
                0x0000000000000f68       0x88 build/stm32f4xx_hal_rcc.o
 .debug_aranges
                0x0000000000000ff0       0x58 build/stm32f4xx_hal_gpio.o
 .debug_aranges
                0x0000000000001048       0x90 build/stm32f4xx_hal_dma.o
 .debug_aranges
                0x00000000000010d8       0xa8 build/stm32f4xx_hal_cortex.o
 .debug_aranges
                0x0000000000001180       0xf0 build/stm32f4xx_hal.o
 .debug_aranges
                0x0000000000001270       0x28 build/system_stm32f4xx.o
 .debug_aranges
                0x0000000000001298       0x28 build/startup_stm32f401xc.o
 .debug_aranges
                0x00000000000012c0       0x20 build/irq_cm4f.o
 .debug_aranges
                0x00000000000012e0       0x20 /usr/lib/gcc/arm-none-eabi/5.4.1/../../../arm-none-eabi/lib/armv7e-m/fpu/libc_nano.a(lib_a-init.o)
 .debug_aranges
                0x0000000000001300       0x20 /usr/lib/gcc/arm-none-eabi/5.4.1/../../../arm-none-eabi/lib/armv7e-m/fpu/libc_nano.a(lib_a-memcpy.o)
 .debug_aranges
                0x0000000000001320       0x20 /usr/lib/gcc/arm-none-eabi/5.4.1/../../../arm-none-eabi/lib/armv7e-m/fpu/libc_nano.a(lib_a-memset.o)
 .debug_aranges
                0x0000000000001340       0x20 /usr/lib/gcc/arm-none-eabi/5.4.1/armv7e-m/fpu/libgcc.a(_aeabi_uldivmod.o)
 .debug_aranges
                0x0000000000001360       0x20 /usr/lib/gcc/arm-none-eabi/5.4.1/armv7e-m/fpu/libgcc.a(_udivmoddi4.o)
 .debug_aranges
                0x0000000000001380       0x20 /usr/lib/gcc/arm-none-eabi/5.4.1/armv7e-m/fpu/libgcc.a(_dvmd_tls.o)

.debug_ranges   0x0000000000000000     0x1238
 .debug_ranges  0x0000000000000000       0x58 build/main.o
 .debug_ranges  0x0000000000000058       0x68 build/stm32f4xx_it.o
 .debug_ranges  0x00000000000000c0       0x20 build/stm32f4xx_hal_msp.o
 .debug_ranges  0x00000000000000e0       0x18 build/RTX_Config.o
 .debug_ranges  0x00000000000000f8       0x18 build/rtx_lib.o
 .debug_ranges  0x0000000000000110       0xf0 build/rtx_kernel.o
 .debug_ranges  0x0000000000000200       0x28 build/rtx_delay.o
 .debug_ranges  0x0000000000000228      0x540 build/rtx_evr.o
 .debug_ranges  0x0000000000000768       0x20 build/rtx_memory.o
 .debug_ranges  0x0000000000000788       0xb8 build/rtx_mempool.o
 .debug_ranges  0x0000000000000840       0xc8 build/rtx_msgqueue.o
 .debug_ranges  0x0000000000000908       0x70 build/rtx_mutex.o
 .debug_ranges  0x0000000000000978       0x30 build/rtx_system.o
 .debug_ranges  0x00000000000009a8      0x210 build/rtx_thread.o
 .debug_ranges  0x0000000000000bb8       0x90 build/rtx_timer.o
 .debug_ranges  0x0000000000000c48       0x50 build/os_systick.o
 .debug_ranges  0x0000000000000c98      0x1c0 build/stm32f4xx_hal_uart.o
 .debug_ranges  0x0000000000000e58       0x90 build/stm32f4xx_hal_rcc.o
 .debug_ranges  0x0000000000000ee8       0x48 build/stm32f4xx_hal_gpio.o
 .debug_ranges  0x0000000000000f30       0x80 build/stm32f4xx_hal_dma.o
 .debug_ranges  0x0000000000000fb0       0x98 build/stm32f4xx_hal_cortex.o
 .debug_ranges  0x0000000000001048       0xe0 build/stm32f4xx_hal.o
 .debug_ranges  0x0000000000001128       0x18 build/system_stm32f4xx.o
 .debug_ranges  0x0000000000001140       0x20 build/startup_stm32f401xc.o
 .debug_ranges  0x0000000000001160       0xd8 /usr/lib/gcc/arm-none-eabi/5.4.1/armv7e-m/fpu/libgcc.a(_udivmoddi4.o)

.debug_line     0x0000000000000000     0x7217
 .debug_line    0x0000000000000000      0x33a build/main.o
 .debug_line    0x000000000000033a      0x219 build/stm32f4xx_it.o
 .debug_line    0x0000000000000553      0x265 build/stm32f4xx_hal_msp.o
 .debug_line    0x00000000000007b8       0xb2 build/RTX_Config.o
 .debug_line    0x000000000000086a      0x15b build/rtx_lib.o
 .debug_line    0x00000000000009c5      0x77d build/rtx_kernel.o
 .debug_line    0x0000000000001142      0x265 build/rtx_delay.o
 .debug_line    0x00000000000013a7      0xbaa build/rtx_evr.o
 .debug_line    0x0000000000001f51      0x248 build/rtx_memory.o
 .debug_line    0x0000000000002199      0x68d build/rtx_mempool.o
 .debug_line    0x0000000000002826      0x778 build/rtx_msgqueue.o
 .debug_line    0x0000000000002f9e      0x4da build/rtx_mutex.o
 .debug_line    0x0000000000003478      0x281 build/rtx_system.o
 .debug_line    0x00000000000036f9      0xf42 build/rtx_thread.o
 .debug_line    0x000000000000463b      0x4c9 build/rtx_timer.o
 .debug_line    0x0000000000004b04      0x238 build/os_systick.o
 .debug_line    0x0000000000004d3c      0xa82 build/stm32f4xx_hal_uart.o
 .debug_line    0x00000000000057be      0x460 build/stm32f4xx_hal_rcc.o
 .debug_line    0x0000000000005c1e      0x2e1 build/stm32f4xx_hal_gpio.o
 .debug_line    0x0000000000005eff      0x4b6 build/stm32f4xx_hal_dma.o
 .debug_line    0x00000000000063b5      0x393 build/stm32f4xx_hal_cortex.o
 .debug_line    0x0000000000006748      0x3a4 build/stm32f4xx_hal.o
 .debug_line    0x0000000000006aec      0x142 build/system_stm32f4xx.o
 .debug_line    0x0000000000006c2e       0x74 build/startup_stm32f401xc.o
 .debug_line    0x0000000000006ca2       0x85 build/irq_cm4f.o
 .debug_line    0x0000000000006d27       0xb8 /usr/lib/gcc/arm-none-eabi/5.4.1/../../../arm-none-eabi/lib/armv7e-m/fpu/libc_nano.a(lib_a-init.o)
 .debug_line    0x0000000000006ddf       0xbb /usr/lib/gcc/arm-none-eabi/5.4.1/../../../arm-none-eabi/lib/armv7e-m/fpu/libc_nano.a(lib_a-memcpy.o)
 .debug_line    0x0000000000006e9a      0x111 /usr/lib/gcc/arm-none-eabi/5.4.1/../../../arm-none-eabi/lib/armv7e-m/fpu/libc_nano.a(lib_a-memset.o)
 .debug_line    0x0000000000006fab       0x61 /usr/lib/gcc/arm-none-eabi/5.4.1/armv7e-m/fpu/libgcc.a(_aeabi_uldivmod.o)
 .debug_line    0x000000000000700c      0x1aa /usr/lib/gcc/arm-none-eabi/5.4.1/armv7e-m/fpu/libgcc.a(_udivmoddi4.o)
 .debug_line    0x00000000000071b6       0x61 /usr/lib/gcc/arm-none-eabi/5.4.1/armv7e-m/fpu/libgcc.a(_dvmd_tls.o)

.debug_str      0x0000000000000000     0x5ddb
 .debug_str     0x0000000000000000     0x11e1 build/main.o
                                       0x1299 (size before relaxing)
 .debug_str     0x00000000000011e1      0x11b build/stm32f4xx_it.o
                                        0x548 (size before relaxing)
 .debug_str     0x00000000000012fc       0x8e build/stm32f4xx_hal_msp.o
                                        0xc04 (size before relaxing)
 .debug_str     0x000000000000138a       0x4f build/RTX_Config.o
                                        0x1c5 (size before relaxing)
 .debug_str     0x00000000000013d9      0x572 build/rtx_lib.o
                                        0xbbb (size before relaxing)
 .debug_str     0x000000000000194b      0x9d0 build/rtx_kernel.o
                                       0x13c8 (size before relaxing)
 .debug_str     0x000000000000231b      0x163 build/rtx_delay.o
                                        0x7cd (size before relaxing)
 .debug_str     0x000000000000247e      0xec4 build/rtx_evr.o
                                       0x1920 (size before relaxing)
 .debug_str     0x0000000000003342       0xc6 build/rtx_memory.o
                                        0x6ab (size before relaxing)
 .debug_str     0x0000000000003408      0x3dc build/rtx_mempool.o
                                        0xdd1 (size before relaxing)
 .debug_str     0x00000000000037e4      0x3ce build/rtx_msgqueue.o
                                        0xecc (size before relaxing)
 .debug_str     0x0000000000003bb2      0x1d3 build/rtx_mutex.o
                                        0xade (size before relaxing)
 .debug_str     0x0000000000003d85      0x171 build/rtx_system.o
                                        0x85a (size before relaxing)
 .debug_str     0x0000000000003ef6      0x6af build/rtx_thread.o
                                       0x1a15 (size before relaxing)
 .debug_str     0x00000000000045a5      0x1be build/rtx_timer.o
                                        0xf4c (size before relaxing)
 .debug_str     0x0000000000004763       0x88 build/os_systick.o
                                        0x6b3 (size before relaxing)
 .debug_str     0x00000000000047eb      0x5a3 build/stm32f4xx_hal_uart.o
                                        0xc00 (size before relaxing)
 .debug_str     0x0000000000004d8e      0x1b1 build/stm32f4xx_hal_rcc.o
                                        0x6e9 (size before relaxing)
 .debug_str     0x0000000000004f3f      0x112 build/stm32f4xx_hal_gpio.o
                                        0x4ea (size before relaxing)
 .debug_str     0x0000000000005051      0x293 build/stm32f4xx_hal_dma.o
                                        0x76e (size before relaxing)
 .debug_str     0x00000000000052e4      0x42a build/stm32f4xx_hal_cortex.o
                                        0xab0 (size before relaxing)
 .debug_str     0x000000000000570e      0x2a9 build/stm32f4xx_hal.o
                                        0x9f5 (size before relaxing)
 .debug_str     0x00000000000059b7       0x2c build/system_stm32f4xx.o
                                        0x37a (size before relaxing)
 .debug_str     0x00000000000059e3      0x19d /usr/lib/gcc/arm-none-eabi/5.4.1/../../../arm-none-eabi/lib/armv7e-m/fpu/libc_nano.a(lib_a-init.o)
                                        0x241 (size before relaxing)
 .debug_str     0x0000000000005b80       0xa9 /usr/lib/gcc/arm-none-eabi/5.4.1/../../../arm-none-eabi/lib/armv7e-m/fpu/libc_nano.a(lib_a-memset.o)
                                        0x1f6 (size before relaxing)
 .debug_str     0x0000000000005c29      0x1b2 /usr/lib/gcc/arm-none-eabi/5.4.1/armv7e-m/fpu/libgcc.a(_udivmoddi4.o)
                                        0x251 (size before relaxing)

.debug_frame    0x0000000000000000     0x31e8
 .debug_frame   0x0000000000000000      0x130 build/main.o
 .debug_frame   0x0000000000000130      0x118 build/stm32f4xx_it.o
 .debug_frame   0x0000000000000248       0x68 build/stm32f4xx_hal_msp.o
 .debug_frame   0x00000000000002b0       0x30 build/RTX_Config.o
 .debug_frame   0x00000000000002e0       0x3c build/rtx_lib.o
 .debug_frame   0x000000000000031c      0x344 build/rtx_kernel.o
 .debug_frame   0x0000000000000660       0x84 build/rtx_delay.o
 .debug_frame   0x00000000000006e4      0xa80 build/rtx_evr.o
 .debug_frame   0x0000000000001164       0x78 build/rtx_memory.o
 .debug_frame   0x00000000000011dc      0x2e0 build/rtx_mempool.o
 .debug_frame   0x00000000000014bc      0x30c build/rtx_msgqueue.o
 .debug_frame   0x00000000000017c8      0x190 build/rtx_mutex.o
 .debug_frame   0x0000000000001958       0xa4 build/rtx_system.o
 .debug_frame   0x00000000000019fc      0x76c build/rtx_thread.o
 .debug_frame   0x0000000000002168      0x1f4 build/rtx_timer.o
 .debug_frame   0x000000000000235c       0xa0 build/os_systick.o
 .debug_frame   0x00000000000023fc      0x574 build/stm32f4xx_hal_uart.o
 .debug_frame   0x0000000000002970      0x19c build/stm32f4xx_hal_rcc.o
 .debug_frame   0x0000000000002b0c       0xd4 build/stm32f4xx_hal_gpio.o
 .debug_frame   0x0000000000002be0      0x1b4 build/stm32f4xx_hal_dma.o
 .debug_frame   0x0000000000002d94      0x164 build/stm32f4xx_hal_cortex.o
 .debug_frame   0x0000000000002ef8      0x200 build/stm32f4xx_hal.o
 .debug_frame   0x00000000000030f8       0x30 build/system_stm32f4xx.o
 .debug_frame   0x0000000000003128       0x2c /usr/lib/gcc/arm-none-eabi/5.4.1/../../../arm-none-eabi/lib/armv7e-m/fpu/libc_nano.a(lib_a-init.o)
 .debug_frame   0x0000000000003154       0x34 /usr/lib/gcc/arm-none-eabi/5.4.1/../../../arm-none-eabi/lib/armv7e-m/fpu/libc_nano.a(lib_a-memset.o)
 .debug_frame   0x0000000000003188       0x2c /usr/lib/gcc/arm-none-eabi/5.4.1/armv7e-m/fpu/libgcc.a(_aeabi_uldivmod.o)
 .debug_frame   0x00000000000031b4       0x34 /usr/lib/gcc/arm-none-eabi/5.4.1/armv7e-m/fpu/libgcc.a(_udivmoddi4.o)

Cross Reference Table

Symbol                                            File
ADC_IRQHandler                                    build/startup_stm32f401xc.o
AHBPrescTable                                     build/system_stm32f4xx.o
                                                  build/stm32f4xx_hal_rcc.o
APBPrescTable                                     build/system_stm32f4xx.o
                                                  build/stm32f4xx_hal_rcc.o
BusFault_Handler                                  build/stm32f4xx_it.o
DMA1_Stream0_IRQHandler                           build/startup_stm32f401xc.o
DMA1_Stream1_IRQHandler                           build/startup_stm32f401xc.o
DMA1_Stream2_IRQHandler                           build/startup_stm32f401xc.o
DMA1_Stream3_IRQHandler                           build/startup_stm32f401xc.o
DMA1_Stream4_IRQHandler                           build/startup_stm32f401xc.o
DMA1_Stream5_IRQHandler                           build/stm32f4xx_it.o
DMA1_Stream6_IRQHandler                           build/stm32f4xx_it.o
DMA1_Stream7_IRQHandler                           build/startup_stm32f401xc.o
DMA2_Stream0_IRQHandler                           build/startup_stm32f401xc.o
DMA2_Stream1_IRQHandler                           build/stm32f4xx_it.o
DMA2_Stream2_IRQHandler                           build/stm32f4xx_it.o
DMA2_Stream3_IRQHandler                           build/startup_stm32f401xc.o
DMA2_Stream4_IRQHandler                           build/startup_stm32f401xc.o
DMA2_Stream5_IRQHandler                           build/startup_stm32f401xc.o
DMA2_Stream6_IRQHandler                           build/stm32f4xx_it.o
DMA2_Stream7_IRQHandler                           build/stm32f4xx_it.o
DebugMon_Handler                                  build/stm32f4xx_it.o
Default_Handler                                   build/startup_stm32f401xc.o
EXTI0_IRQHandler                                  build/startup_stm32f401xc.o
EXTI15_10_IRQHandler                              build/startup_stm32f401xc.o
EXTI1_IRQHandler                                  build/startup_stm32f401xc.o
EXTI2_IRQHandler                                  build/startup_stm32f401xc.o
EXTI3_IRQHandler                                  build/startup_stm32f401xc.o
EXTI4_IRQHandler                                  build/startup_stm32f401xc.o
EXTI9_5_IRQHandler                                build/startup_stm32f401xc.o
Error_Handler                                     build/main.o
                                                  build/stm32f4xx_hal_msp.o
EvrRtxEventFlagsClear                             build/rtx_evr.o
                                                  build/rtx_evflags.o
EvrRtxEventFlagsClearDone                         build/rtx_evr.o
                                                  build/rtx_evflags.o
EvrRtxEventFlagsCreated                           build/rtx_evr.o
                                                  build/rtx_evflags.o
EvrRtxEventFlagsDelete                            build/rtx_evr.o
                                                  build/rtx_evflags.o
EvrRtxEventFlagsDestroyed                         build/rtx_evr.o
                                                  build/rtx_evflags.o
EvrRtxEventFlagsError                             build/rtx_evr.o
                                                  build/rtx_evflags.o
EvrRtxEventFlagsGet                               build/rtx_evr.o
                                                  build/rtx_evflags.o
EvrRtxEventFlagsGetName                           build/rtx_evr.o
                                                  build/rtx_evflags.o
EvrRtxEventFlagsNew                               build/rtx_evr.o
                                                  build/rtx_evflags.o
EvrRtxEventFlagsSet                               build/rtx_evr.o
                                                  build/rtx_evflags.o
EvrRtxEventFlagsSetDone                           build/rtx_evr.o
                                                  build/rtx_evflags.o
EvrRtxEventFlagsWait                              build/rtx_evr.o
                                                  build/rtx_evflags.o
EvrRtxEventFlagsWaitCompleted                     build/rtx_evr.o
                                                  build/rtx_evflags.o
EvrRtxEventFlagsWaitNotCompleted                  build/rtx_evr.o
                                                  build/rtx_evflags.o
EvrRtxEventFlagsWaitPending                       build/rtx_evr.o
                                                  build/rtx_evflags.o
EvrRtxEventFlagsWaitTimeout                       build/rtx_evr.o
                                                  build/rtx_thread.o
                                                  build/rtx_evflags.o
EvrRtxKernelError                                 build/rtx_evr.o
                                                  build/rtx_kernel.o
EvrRtxKernelGetInfo                               build/rtx_evr.o
                                                  build/rtx_kernel.o
EvrRtxKernelGetState                              build/rtx_evr.o
                                                  build/rtx_kernel.o
EvrRtxKernelGetSysTimerCount                      build/rtx_evr.o
                                                  build/rtx_kernel.o
EvrRtxKernelGetSysTimerFreq                       build/rtx_evr.o
                                                  build/rtx_kernel.o
EvrRtxKernelGetTickCount                          build/rtx_evr.o
                                                  build/rtx_kernel.o
EvrRtxKernelGetTickFreq                           build/rtx_evr.o
                                                  build/rtx_kernel.o
EvrRtxKernelInfoRetrieved                         build/rtx_evr.o
                                                  build/rtx_kernel.o
EvrRtxKernelInitialize                            build/rtx_evr.o
                                                  build/rtx_kernel.o
EvrRtxKernelInitialized                           build/rtx_evr.o
                                                  build/rtx_kernel.o
EvrRtxKernelLock                                  build/rtx_evr.o
                                                  build/rtx_kernel.o
EvrRtxKernelLockRestored                          build/rtx_evr.o
                                                  build/rtx_kernel.o
EvrRtxKernelLocked                                build/rtx_evr.o
                                                  build/rtx_kernel.o
EvrRtxKernelRestoreLock                           build/rtx_evr.o
                                                  build/rtx_kernel.o
EvrRtxKernelResume                                build/rtx_evr.o
                                                  build/rtx_kernel.o
EvrRtxKernelResumed                               build/rtx_evr.o
                                                  build/rtx_kernel.o
EvrRtxKernelStart                                 build/rtx_evr.o
                                                  build/rtx_kernel.o
EvrRtxKernelStarted                               build/rtx_evr.o
                                                  build/rtx_kernel.o
EvrRtxKernelSuspend                               build/rtx_evr.o
                                                  build/rtx_kernel.o
EvrRtxKernelSuspended                             build/rtx_evr.o
                                                  build/rtx_kernel.o
EvrRtxKernelUnlock                                build/rtx_evr.o
                                                  build/rtx_kernel.o
EvrRtxKernelUnlocked                              build/rtx_evr.o
                                                  build/rtx_kernel.o
EvrRtxMemoryAlloc                                 build/rtx_evr.o
                                                  build/rtx_memory.o
EvrRtxMemoryBlockAlloc                            build/rtx_evr.o
                                                  build/rtx_mempool.o
EvrRtxMemoryBlockFree                             build/rtx_evr.o
                                                  build/rtx_mempool.o
EvrRtxMemoryBlockInit                             build/rtx_evr.o
                                                  build/rtx_mempool.o
EvrRtxMemoryFree                                  build/rtx_evr.o
                                                  build/rtx_memory.o
EvrRtxMemoryInit                                  build/rtx_evr.o
                                                  build/rtx_memory.o
EvrRtxMemoryPoolAlloc                             build/rtx_evr.o
                                                  build/rtx_mempool.o
EvrRtxMemoryPoolAllocFailed                       build/rtx_evr.o
                                                  build/rtx_mempool.o
EvrRtxMemoryPoolAllocPending                      build/rtx_evr.o
                                                  build/rtx_mempool.o
EvrRtxMemoryPoolAllocTimeout                      build/rtx_evr.o
                                                  build/rtx_thread.o
                                                  build/rtx_mempool.o
EvrRtxMemoryPoolAllocated                         build/rtx_evr.o
                                                  build/rtx_mempool.o
EvrRtxMemoryPoolCreated                           build/rtx_evr.o
                                                  build/rtx_mempool.o
EvrRtxMemoryPoolDeallocated                       build/rtx_evr.o
                                                  build/rtx_mempool.o
EvrRtxMemoryPoolDelete                            build/rtx_evr.o
                                                  build/rtx_mempool.o
EvrRtxMemoryPoolDestroyed                         build/rtx_evr.o
                                                  build/rtx_mempool.o
EvrRtxMemoryPoolError                             build/rtx_evr.o
                                                  build/rtx_mempool.o
EvrRtxMemoryPoolFree                              build/rtx_evr.o
                                                  build/rtx_mempool.o
EvrRtxMemoryPoolFreeFailed                        build/rtx_evr.o
                                                  build/rtx_mempool.o
EvrRtxMemoryPoolGetBlockSize                      build/rtx_evr.o
                                                  build/rtx_mempool.o
EvrRtxMemoryPoolGetCapacity                       build/rtx_evr.o
                                                  build/rtx_mempool.o
EvrRtxMemoryPoolGetCount                          build/rtx_evr.o
                                                  build/rtx_mempool.o
EvrRtxMemoryPoolGetName                           build/rtx_evr.o
                                                  build/rtx_mempool.o
EvrRtxMemoryPoolGetSpace                          build/rtx_evr.o
                                                  build/rtx_mempool.o
EvrRtxMemoryPoolNew                               build/rtx_evr.o
                                                  build/rtx_mempool.o
EvrRtxMessageQueueCreated                         build/rtx_evr.o
                                                  build/rtx_msgqueue.o
EvrRtxMessageQueueDelete                          build/rtx_evr.o
                                                  build/rtx_msgqueue.o
EvrRtxMessageQueueDestroyed                       build/rtx_evr.o
                                                  build/rtx_msgqueue.o
EvrRtxMessageQueueError                           build/rtx_evr.o
                                                  build/rtx_msgqueue.o
EvrRtxMessageQueueGet                             build/rtx_evr.o
                                                  build/rtx_msgqueue.o
EvrRtxMessageQueueGetCapacity                     build/rtx_evr.o
                                                  build/rtx_msgqueue.o
EvrRtxMessageQueueGetCount                        build/rtx_evr.o
                                                  build/rtx_msgqueue.o
EvrRtxMessageQueueGetMsgSize                      build/rtx_evr.o
                                                  build/rtx_msgqueue.o
EvrRtxMessageQueueGetName                         build/rtx_evr.o
                                                  build/rtx_msgqueue.o
EvrRtxMessageQueueGetPending                      build/rtx_evr.o
                                                  build/rtx_msgqueue.o
EvrRtxMessageQueueGetSpace                        build/rtx_evr.o
                                                  build/rtx_msgqueue.o
EvrRtxMessageQueueGetTimeout                      build/rtx_evr.o
                                                  build/rtx_thread.o
                                                  build/rtx_msgqueue.o
EvrRtxMessageQueueInsertPending                   build/rtx_evr.o
                                                  build/rtx_msgqueue.o
EvrRtxMessageQueueInserted                        build/rtx_evr.o
                                                  build/rtx_msgqueue.o
EvrRtxMessageQueueNew                             build/rtx_evr.o
                                                  build/rtx_msgqueue.o
EvrRtxMessageQueueNotInserted                     build/rtx_evr.o
                                                  build/rtx_msgqueue.o
EvrRtxMessageQueueNotRetrieved                    build/rtx_evr.o
                                                  build/rtx_msgqueue.o
EvrRtxMessageQueuePut                             build/rtx_evr.o
                                                  build/rtx_msgqueue.o
EvrRtxMessageQueuePutPending                      build/rtx_evr.o
                                                  build/rtx_msgqueue.o
EvrRtxMessageQueuePutTimeout                      build/rtx_evr.o
                                                  build/rtx_thread.o
                                                  build/rtx_msgqueue.o
EvrRtxMessageQueueReset                           build/rtx_evr.o
                                                  build/rtx_msgqueue.o
EvrRtxMessageQueueResetDone                       build/rtx_evr.o
                                                  build/rtx_msgqueue.o
EvrRtxMessageQueueRetrieved                       build/rtx_evr.o
                                                  build/rtx_msgqueue.o
EvrRtxMutexAcquire                                build/rtx_evr.o
                                                  build/rtx_mutex.o
EvrRtxMutexAcquirePending                         build/rtx_evr.o
                                                  build/rtx_mutex.o
EvrRtxMutexAcquireTimeout                         build/rtx_evr.o
                                                  build/rtx_thread.o
                                                  build/rtx_mutex.o
EvrRtxMutexAcquired                               build/rtx_evr.o
                                                  build/rtx_mutex.o
EvrRtxMutexCreated                                build/rtx_evr.o
                                                  build/rtx_mutex.o
EvrRtxMutexDelete                                 build/rtx_evr.o
                                                  build/rtx_mutex.o
EvrRtxMutexDestroyed                              build/rtx_evr.o
                                                  build/rtx_mutex.o
EvrRtxMutexError                                  build/rtx_evr.o
                                                  build/rtx_mutex.o
EvrRtxMutexGetName                                build/rtx_evr.o
                                                  build/rtx_mutex.o
EvrRtxMutexGetOwner                               build/rtx_evr.o
                                                  build/rtx_mutex.o
EvrRtxMutexNew                                    build/rtx_evr.o
                                                  build/rtx_mutex.o
EvrRtxMutexNotAcquired                            build/rtx_evr.o
                                                  build/rtx_mutex.o
EvrRtxMutexRelease                                build/rtx_evr.o
                                                  build/rtx_mutex.o
EvrRtxMutexReleased                               build/rtx_evr.o
                                                  build/rtx_mutex.o
EvrRtxSemaphoreAcquire                            build/rtx_evr.o
                                                  build/rtx_semaphore.o
EvrRtxSemaphoreAcquirePending                     build/rtx_evr.o
                                                  build/rtx_semaphore.o
EvrRtxSemaphoreAcquireTimeout                     build/rtx_evr.o
                                                  build/rtx_thread.o
                                                  build/rtx_semaphore.o
EvrRtxSemaphoreAcquired                           build/rtx_evr.o
                                                  build/rtx_semaphore.o
EvrRtxSemaphoreCreated                            build/rtx_evr.o
                                                  build/rtx_semaphore.o
EvrRtxSemaphoreDelete                             build/rtx_evr.o
                                                  build/rtx_semaphore.o
EvrRtxSemaphoreDestroyed                          build/rtx_evr.o
                                                  build/rtx_semaphore.o
EvrRtxSemaphoreError                              build/rtx_evr.o
                                                  build/rtx_semaphore.o
EvrRtxSemaphoreGetCount                           build/rtx_evr.o
                                                  build/rtx_semaphore.o
EvrRtxSemaphoreGetName                            build/rtx_evr.o
                                                  build/rtx_semaphore.o
EvrRtxSemaphoreNew                                build/rtx_evr.o
                                                  build/rtx_semaphore.o
EvrRtxSemaphoreNotAcquired                        build/rtx_evr.o
                                                  build/rtx_semaphore.o
EvrRtxSemaphoreRelease                            build/rtx_evr.o
                                                  build/rtx_semaphore.o
EvrRtxSemaphoreReleased                           build/rtx_evr.o
                                                  build/rtx_semaphore.o
EvrRtxThreadBlocked                               build/rtx_evr.o
                                                  build/rtx_thread.o
EvrRtxThreadCreated                               build/rtx_evr.o
                                                  build/rtx_thread.o
EvrRtxThreadDelay                                 build/rtx_evr.o
                                                  build/rtx_delay.o
EvrRtxThreadDelayCompleted                        build/rtx_evr.o
                                                  build/rtx_thread.o
                                                  build/rtx_delay.o
EvrRtxThreadDelayUntil                            build/rtx_evr.o
                                                  build/rtx_delay.o
EvrRtxThreadDestroyed                             build/rtx_evr.o
                                                  build/rtx_thread.o
EvrRtxThreadDetach                                build/rtx_evr.o
                                                  build/rtx_thread.o
EvrRtxThreadDetached                              build/rtx_evr.o
                                                  build/rtx_thread.o
EvrRtxThreadEnumerate                             build/rtx_evr.o
                                                  build/rtx_thread.o
EvrRtxThreadError                                 build/rtx_evr.o
                                                  build/rtx_thread.o
                                                  build/rtx_delay.o
EvrRtxThreadExit                                  build/rtx_evr.o
                                                  build/rtx_thread.o
EvrRtxThreadFlagsClear                            build/rtx_evr.o
                                                  build/rtx_thread.o
EvrRtxThreadFlagsClearDone                        build/rtx_evr.o
                                                  build/rtx_thread.o
EvrRtxThreadFlagsGet                              build/rtx_evr.o
                                                  build/rtx_thread.o
EvrRtxThreadFlagsSet                              build/rtx_evr.o
                                                  build/rtx_thread.o
EvrRtxThreadFlagsSetDone                          build/rtx_evr.o
                                                  build/rtx_thread.o
EvrRtxThreadFlagsWait                             build/rtx_evr.o
                                                  build/rtx_thread.o
EvrRtxThreadFlagsWaitCompleted                    build/rtx_evr.o
                                                  build/rtx_thread.o
EvrRtxThreadFlagsWaitNotCompleted                 build/rtx_evr.o
                                                  build/rtx_thread.o
EvrRtxThreadFlagsWaitPending                      build/rtx_evr.o
                                                  build/rtx_thread.o
EvrRtxThreadFlagsWaitTimeout                      build/rtx_evr.o
                                                  build/rtx_thread.o
EvrRtxThreadGetCount                              build/rtx_evr.o
                                                  build/rtx_thread.o
EvrRtxThreadGetId                                 build/rtx_evr.o
                                                  build/rtx_thread.o
EvrRtxThreadGetName                               build/rtx_evr.o
                                                  build/rtx_thread.o
EvrRtxThreadGetPriority                           build/rtx_evr.o
                                                  build/rtx_thread.o
EvrRtxThreadGetStackSize                          build/rtx_evr.o
                                                  build/rtx_thread.o
EvrRtxThreadGetStackSpace                         build/rtx_evr.o
                                                  build/rtx_thread.o
EvrRtxThreadGetState                              build/rtx_evr.o
                                                  build/rtx_thread.o
EvrRtxThreadJoin                                  build/rtx_evr.o
                                                  build/rtx_thread.o
EvrRtxThreadJoinPending                           build/rtx_evr.o
                                                  build/rtx_thread.o
EvrRtxThreadJoined                                build/rtx_evr.o
                                                  build/rtx_thread.o
EvrRtxThreadNew                                   build/rtx_evr.o
                                                  build/rtx_thread.o
EvrRtxThreadPreempted                             build/rtx_evr.o
                                                  build/rtx_thread.o
                                                  build/rtx_system.o
EvrRtxThreadResume                                build/rtx_evr.o
                                                  build/rtx_thread.o
EvrRtxThreadResumed                               build/rtx_evr.o
                                                  build/rtx_thread.o
EvrRtxThreadSetPriority                           build/rtx_evr.o
                                                  build/rtx_thread.o
EvrRtxThreadSuspend                               build/rtx_evr.o
                                                  build/rtx_thread.o
EvrRtxThreadSuspended                             build/rtx_evr.o
                                                  build/rtx_thread.o
EvrRtxThreadSwitched                              build/rtx_evr.o
                                                  build/rtx_thread.o
EvrRtxThreadTerminate                             build/rtx_evr.o
                                                  build/rtx_thread.o
EvrRtxThreadUnblocked                             build/rtx_evr.o
                                                  build/rtx_thread.o
EvrRtxThreadYield                                 build/rtx_evr.o
                                                  build/rtx_thread.o
EvrRtxTimerCallback                               build/rtx_evr.o
                                                  build/rtx_timer.o
EvrRtxTimerCreated                                build/rtx_evr.o
                                                  build/rtx_timer.o
EvrRtxTimerDelete                                 build/rtx_evr.o
                                                  build/rtx_timer.o
EvrRtxTimerDestroyed                              build/rtx_evr.o
                                                  build/rtx_timer.o
EvrRtxTimerError                                  build/rtx_evr.o
                                                  build/rtx_timer.o
EvrRtxTimerGetName                                build/rtx_evr.o
                                                  build/rtx_timer.o
EvrRtxTimerIsRunning                              build/rtx_evr.o
                                                  build/rtx_timer.o
EvrRtxTimerNew                                    build/rtx_evr.o
                                                  build/rtx_timer.o
EvrRtxTimerStart                                  build/rtx_evr.o
                                                  build/rtx_timer.o
EvrRtxTimerStarted                                build/rtx_evr.o
                                                  build/rtx_timer.o
EvrRtxTimerStop                                   build/rtx_evr.o
                                                  build/rtx_timer.o
EvrRtxTimerStopped                                build/rtx_evr.o
                                                  build/rtx_timer.o
FLASH_Erase_Sector                                build/stm32f4xx_hal_flash_ex.o
                                                  build/stm32f4xx_hal_flash.o
FLASH_FlushCaches                                 build/stm32f4xx_hal_flash_ex.o
                                                  build/stm32f4xx_hal_flash.o
FLASH_IRQHandler                                  build/startup_stm32f401xc.o
FLASH_WaitForLastOperation                        build/stm32f4xx_hal_flash.o
                                                  build/stm32f4xx_hal_flash_ex.o
FPU_IRQHandler                                    build/startup_stm32f401xc.o
HAL_DBGMCU_DisableDBGSleepMode                    build/stm32f4xx_hal.o
HAL_DBGMCU_DisableDBGStandbyMode                  build/stm32f4xx_hal.o
HAL_DBGMCU_DisableDBGStopMode                     build/stm32f4xx_hal.o
HAL_DBGMCU_EnableDBGSleepMode                     build/stm32f4xx_hal.o
HAL_DBGMCU_EnableDBGStandbyMode                   build/stm32f4xx_hal.o
HAL_DBGMCU_EnableDBGStopMode                      build/stm32f4xx_hal.o
HAL_DMAEx_ChangeMemory                            build/stm32f4xx_hal_dma_ex.o
HAL_DMAEx_MultiBufferStart                        build/stm32f4xx_hal_dma_ex.o
HAL_DMAEx_MultiBufferStart_IT                     build/stm32f4xx_hal_dma_ex.o
HAL_DMA_Abort                                     build/stm32f4xx_hal_dma.o
                                                  build/stm32f4xx_hal_uart.o
HAL_DMA_Abort_IT                                  build/stm32f4xx_hal_dma.o
                                                  build/stm32f4xx_hal_uart.o
HAL_DMA_DeInit                                    build/stm32f4xx_hal_dma.o
                                                  build/stm32f4xx_hal_msp.o
HAL_DMA_GetError                                  build/stm32f4xx_hal_dma.o
                                                  build/stm32f4xx_hal_uart.o
HAL_DMA_GetState                                  build/stm32f4xx_hal_dma.o
HAL_DMA_IRQHandler                                build/stm32f4xx_hal_dma.o
                                                  build/stm32f4xx_it.o
HAL_DMA_Init                                      build/stm32f4xx_hal_dma.o
                                                  build/stm32f4xx_hal_msp.o
HAL_DMA_PollForTransfer                           build/stm32f4xx_hal_dma.o
HAL_DMA_RegisterCallback                          build/stm32f4xx_hal_dma.o
HAL_DMA_Start                                     build/stm32f4xx_hal_dma.o
HAL_DMA_Start_IT                                  build/stm32f4xx_hal_dma.o
                                                  build/stm32f4xx_hal_uart.o
HAL_DMA_UnRegisterCallback                        build/stm32f4xx_hal_dma.o
HAL_DeInit                                        build/stm32f4xx_hal.o
HAL_Delay                                         build/stm32f4xx_hal.o
HAL_DisableCompensationCell                       build/stm32f4xx_hal.o