Component: ARM Compiler 5.06 update 6 (build 750) Tool: armlink [4d35ed]

==============================================================================

Section Cross References

    startup_stm32f401xc.o(RESET) refers to startup_stm32f401xc.o(STACK) for __initial_sp
    startup_stm32f401xc.o(RESET) refers to startup_stm32f401xc.o(.text) for Reset_Handler
    startup_stm32f401xc.o(RESET) refers to stm32f4xx_it.o(i.NMI_Handler) for NMI_Handler
    startup_stm32f401xc.o(RESET) refers to stm32f4xx_it.o(i.HardFault_Handler) for HardFault_Handler
    startup_stm32f401xc.o(RESET) refers to stm32f4xx_it.o(i.MemManage_Handler) for MemManage_Handler
    startup_stm32f401xc.o(RESET) refers to stm32f4xx_it.o(i.BusFault_Handler) for BusFault_Handler
    startup_stm32f401xc.o(RESET) refers to stm32f4xx_it.o(i.UsageFault_Handler) for UsageFault_Handler
    startup_stm32f401xc.o(RESET) refers to irq_cm4f.o(.text) for SVC_Handler
    startup_stm32f401xc.o(RESET) refers to stm32f4xx_it.o(i.DebugMon_Handler) for DebugMon_Handler
    startup_stm32f401xc.o(RESET) refers to stm32f4xx_it.o(i.DMA1_Stream5_IRQHandler) for DMA1_Stream5_IRQHandler
    startup_stm32f401xc.o(RESET) refers to stm32f4xx_it.o(i.DMA1_Stream6_IRQHandler) for DMA1_Stream6_IRQHandler
    startup_stm32f401xc.o(RESET) refers to stm32f4xx_it.o(i.SPI1_IRQHandler) for SPI1_IRQHandler
    startup_stm32f401xc.o(RESET) refers to uart_server.o(i.USART1_IRQHandler) for USART1_IRQHandler
    startup_stm32f401xc.o(RESET) refers to uart_server.o(i.USART2_IRQHandler) for USART2_IRQHandler
    startup_stm32f401xc.o(RESET) refers to stm32f4xx_it.o(i.DMA2_Stream1_IRQHandler) for DMA2_Stream1_IRQHandler
    startup_stm32f401xc.o(RESET) refers to stm32f4xx_it.o(i.DMA2_Stream2_IRQHandler) for DMA2_Stream2_IRQHandler
    startup_stm32f401xc.o(RESET) refers to stm32f4xx_it.o(i.DMA2_Stream6_IRQHandler) for DMA2_Stream6_IRQHandler
    startup_stm32f401xc.o(RESET) refers to stm32f4xx_it.o(i.DMA2_Stream7_IRQHandler) for DMA2_Stream7_IRQHandler
    startup_stm32f401xc.o(RESET) refers to uart_server.o(i.USART6_IRQHandler) for USART6_IRQHandler
    startup_stm32f401xc.o(.text) refers to system_stm32f4xx.o(i.SystemInit) for SystemInit
    startup_stm32f401xc.o(.text) refers to entry.o(.ARM.Collect$$$$00000000) for __main
    main.o(i.HAL_GetTick) refers to rtx_kernel.o(.text.osKernelGetTickCount) for osKernelGetTickCount
    main.o(i.MX_DMA_Init) refers to stm32f4xx_hal_cortex.o(i.HAL_NVIC_SetPriority) for HAL_NVIC_SetPriority
    main.o(i.MX_DMA_Init) refers to stm32f4xx_hal_cortex.o(i.HAL_NVIC_EnableIRQ) for HAL_NVIC_EnableIRQ
    main.o(i.MX_GPIO_Init) refers to memseta.o(.text) for __aeabi_memclr4
    main.o(i.MX_GPIO_Init) refers to stm32f4xx_hal_gpio.o(i.HAL_GPIO_WritePin) for HAL_GPIO_WritePin
    main.o(i.MX_GPIO_Init) refers to stm32f4xx_hal_gpio.o(i.HAL_GPIO_Init) for HAL_GPIO_Init
    main.o(i.MX_GPIO_Init) refers to stm32f4xx_hal_cortex.o(i.HAL_NVIC_SetPriority) for HAL_NVIC_SetPriority
    main.o(i.MX_GPIO_Init) refers to stm32f4xx_hal_cortex.o(i.HAL_NVIC_EnableIRQ) for HAL_NVIC_EnableIRQ
    main.o(i.MX_SPI1_Init) refers to stm32f4xx_hal_spi.o(i.HAL_SPI_Init) for HAL_SPI_Init
    main.o(i.MX_SPI1_Init) refers to main.o(.bss) for .bss
    main.o(i.SystemClock_Config) refers to memseta.o(.text) for __aeabi_memclr4
    main.o(i.SystemClock_Config) refers to stm32f4xx_hal_rcc.o(i.HAL_RCC_OscConfig) for HAL_RCC_OscConfig
    main.o(i.SystemClock_Config) refers to stm32f4xx_hal_rcc.o(i.HAL_RCC_ClockConfig) for HAL_RCC_ClockConfig
    main.o(i.main) refers to system_stm32f4xx.o(i.SystemCoreClockUpdate) for SystemCoreClockUpdate
    main.o(i.main) refers to stm32f4xx_hal.o(i.HAL_Init) for HAL_Init
    main.o(i.main) refers to main.o(i.SystemClock_Config) for SystemClock_Config
    main.o(i.main) refers to main.o(i.MX_GPIO_Init) for MX_GPIO_Init
    main.o(i.main) refers to main.o(i.MX_DMA_Init) for MX_DMA_Init
    main.o(i.main) refers to stm32f4xx_hal_i2c.o(i.HAL_I2C_Init) for HAL_I2C_Init
    main.o(i.main) refers to stm32f4xx_hal_uart.o(i.HAL_UART_Init) for HAL_UART_Init
    main.o(i.main) refers to main.o(i.MX_SPI1_Init) for MX_SPI1_Init
    main.o(i.main) refers to rtx_kernel.o(.text.osKernelInitialize) for osKernelInitialize
    main.o(i.main) refers to control.o(i.CTL_Init) for CTL_Init
    main.o(i.main) refers to rtx_kernel.o(.text.osKernelStart) for osKernelStart
    main.o(i.main) refers to main.o(.bss) for .bss
    stm32f4xx_it.o(i.DMA1_Stream5_IRQHandler) refers to stm32f4xx_hal_dma.o(i.HAL_DMA_IRQHandler) for HAL_DMA_IRQHandler
    stm32f4xx_it.o(i.DMA1_Stream5_IRQHandler) refers to main.o(.bss) for hdma_usart2_rx
    stm32f4xx_it.o(i.DMA1_Stream6_IRQHandler) refers to stm32f4xx_hal_dma.o(i.HAL_DMA_IRQHandler) for HAL_DMA_IRQHandler
    stm32f4xx_it.o(i.DMA1_Stream6_IRQHandler) refers to main.o(.bss) for hdma_usart2_tx
[...]
    __arm_cp.14_1                            0x0800167c   Number         4  rtx_msgqueue.o(.text.svcRtxMessageQueueNew)
    [Anonymous Symbol]                       0x08001680   Section        0  rtx_msgqueue.o(.text.svcRtxMessageQueuePut)
    svcRtxMessageQueuePut                    0x08001681   Thumb Code   192  rtx_msgqueue.o(.text.svcRtxMessageQueuePut)
    __arm_cp.19_0                            0x0800173c   Number         4  rtx_msgqueue.o(.text.svcRtxMessageQueuePut)
    [Anonymous Symbol]                       0x08001740   Section        0  rtx_semaphore.o(.text.svcRtxSemaphoreAcquire)
    svcRtxSemaphoreAcquire                   0x08001741   Thumb Code    92  rtx_semaphore.o(.text.svcRtxSemaphoreAcquire)
    __arm_cp.10_0                            0x08001798   Number         4  rtx_semaphore.o(.text.svcRtxSemaphoreAcquire)
    [Anonymous Symbol]                       0x0800179c   Section        0  rtx_semaphore.o(.text.svcRtxSemaphoreNew)
    svcRtxSemaphoreNew                       0x0800179d   Thumb Code   128  rtx_semaphore.o(.text.svcRtxSemaphoreNew)
    __arm_cp.7_0                             0x08001814   Number         4  rtx_semaphore.o(.text.svcRtxSemaphoreNew)
    __arm_cp.7_1                             0x08001818   Number         4  rtx_semaphore.o(.text.svcRtxSemaphoreNew)
    [Anonymous Symbol]                       0x0800181c   Section        0  rtx_semaphore.o(.text.svcRtxSemaphoreRelease)
    svcRtxSemaphoreRelease                   0x0800181d   Thumb Code    84  rtx_semaphore.o(.text.svcRtxSemaphoreRelease)
    [Anonymous Symbol]                       0x08001870   Section        0  rtx_thread.o(.text.svcRtxThreadExit)
    svcRtxThreadExit                         0x08001871   Thumb Code   104  rtx_thread.o(.text.svcRtxThreadExit)
    __arm_cp.54_0                            0x080018d4   Number         4  rtx_thread.o(.text.svcRtxThreadExit)
    [Anonymous Symbol]                       0x080018d8   Section        0  rtx_thread.o(.text.svcRtxThreadFlagsWait)
    svcRtxThreadFlagsWait                    0x080018d9   Thumb Code    76  rtx_thread.o(.text.svcRtxThreadFlagsWait)
    __arm_cp.61_0                            0x08001920   Number         4  rtx_thread.o(.text.svcRtxThreadFlagsWait)
    [Anonymous Symbol]                       0x08001924   Section        0  rtx_thread.o(.text.svcRtxThreadNew)
    svcRtxThreadNew                          0x08001925   Thumb Code   476  rtx_thread.o(.text.svcRtxThreadNew)
    __arm_cp.16_0                            0x08001aec   Number         4  rtx_thread.o(.text.svcRtxThreadNew)
    __arm_cp.16_1                            0x08001af0   Number         4  rtx_thread.o(.text.svcRtxThreadNew)
    __arm_cp.16_2                            0x08001af4   Number         4  rtx_thread.o(.text.svcRtxThreadNew)
    __arm_cp.16_3                            0x08001af8   Number         4  rtx_thread.o(.text.svcRtxThreadNew)
    __arm_cp.16_4                            0x08001afc   Number         4  rtx_thread.o(.text.svcRtxThreadNew)
    i.BusFault_Handler                       0x08001b00   Section        0  stm32f4xx_it.o(i.BusFault_Handler)
    i.CTL_Init                               0x08001b04   Section        0  control.o(i.CTL_Init)
    i.CTL_Thread                             0x08001b5c   Section        0  control.o(i.CTL_Thread)
    i.DEC_GetDeviceId                        0x08001bb0   Section        0  dw1000.o(i.DEC_GetDeviceId)
    DEC_GetDeviceId                          0x08001bb1   Thumb Code    48  dw1000.o(i.DEC_GetDeviceId)
    i.DEC_Init                               0x08001c00   Section        0  dw1000.o(i.DEC_Init)
    i.DEC_SPI_Read                           0x08001c24   Section        0  dw1000.o(i.DEC_SPI_Read)
    DEC_SPI_Read                             0x08001c25   Thumb Code   102  dw1000.o(i.DEC_SPI_Read)
    i.DMA1_Stream5_IRQHandler                0x08001c98   Section        0  stm32f4xx_it.o(i.DMA1_Stream5_IRQHandler)
    i.DMA1_Stream6_IRQHandler                0x08001ca4   Section        0  stm32f4xx_it.o(i.DMA1_Stream6_IRQHandler)
    i.DMA2_Stream1_IRQHandler                0x08001cb0   Section        0  stm32f4xx_it.o(i.DMA2_Stream1_IRQHandler)
    i.DMA2_Stream2_IRQHandler                0x08001cbc   Section        0  stm32f4xx_it.o(i.DMA2_Stream2_IRQHandler)
    i.DMA2_Stream6_IRQHandler                0x08001cc8   Section        0  stm32f4xx_it.o(i.DMA2_Stream6_IRQHandler)
    i.DMA2_Stream7_IRQHandler                0x08001cd4   Section        0  stm32f4xx_it.o(i.DMA2_Stream7_IRQHandler)
    i.DMA_CalcBaseAndBitshift                0x08001ce0   Section        0  stm32f4xx_hal_dma.o(i.DMA_CalcBaseAndBitshift)
    DMA_CalcBaseAndBitshift                  0x08001ce1   Thumb Code    34  stm32f4xx_hal_dma.o(i.DMA_CalcBaseAndBitshift)
    i.DMA_CheckFifoParam                     0x08001d08   Section        0  stm32f4xx_hal_dma.o(i.DMA_CheckFifoParam)
    DMA_CheckFifoParam                       0x08001d09   Thumb Code    84  stm32f4xx_hal_dma.o(i.DMA_CheckFifoParam)
    i.DMA_SetConfig                          0x08001d5c   Section        0  stm32f4xx_hal_dma.o(i.DMA_SetConfig)
    DMA_SetConfig                            0x08001d5d   Thumb Code    40  stm32f4xx_hal_dma.o(i.DMA_SetConfig)
    i.DebugMon_Handler                       0x08001d84   Section        0  stm32f4xx_it.o(i.DebugMon_Handler)
    i.Error_Handler                          0x08001d86   Section        0  main.o(i.Error_Handler)
    i.HAL_DMA_Abort                          0x08001d88   Section        0  stm32f4xx_hal_dma.o(i.HAL_DMA_Abort)
    i.HAL_DMA_Abort_IT                       0x08001e16   Section        0  stm32f4xx_hal_dma.o(i.HAL_DMA_Abort_IT)
    i.HAL_DMA_GetError                       0x08001e3a   Section        0  stm32f4xx_hal_dma.o(i.HAL_DMA_GetError)
    i.HAL_DMA_IRQHandler                     0x08001e40   Section        0  stm32f4xx_hal_dma.o(i.HAL_DMA_IRQHandler)
    i.HAL_DMA_Init                           0x08001fe0   Section        0  stm32f4xx_hal_dma.o(i.HAL_DMA_Init)
    i.HAL_DMA_Start_IT                       0x080020b4   Section        0  stm32f4xx_hal_dma.o(i.HAL_DMA_Start_IT)
    i.HAL_GPIO_Init                          0x0800212c   Section        0  stm32f4xx_hal_gpio.o(i.HAL_GPIO_Init)
    i.HAL_GPIO_ReadPin                       0x080022b4   Section        0  stm32f4xx_hal_gpio.o(i.HAL_GPIO_ReadPin)
    i.HAL_GPIO_WritePin                      0x080022be   Section        0  stm32f4xx_hal_gpio.o(i.HAL_GPIO_WritePin)
    i.HAL_GetTick                            0x080022c8   Section        0  main.o(i.HAL_GetTick)
    i.HAL_I2C_Init                           0x080022cc   Section        0  stm32f4xx_hal_i2c.o(i.HAL_I2C_Init)
    i.HAL_I2C_MspInit                        0x08002440   Section        0  stm32f4xx_hal_msp.o(i.HAL_I2C_MspInit)
    i.HAL_Init                               0x080024a8   Section        0  stm32f4xx_hal.o(i.HAL_Init)
    i.HAL_InitTick                           0x080024dc   Section        0  stm32f4xx_hal.o(i.HAL_InitTick)
    i.HAL_MspInit                            0x0800251c   Section        0  stm32f4xx_hal_msp.o(i.HAL_MspInit)
    i.HAL_NVIC_EnableIRQ                     0x0800254c   Section        0  stm32f4xx_hal_cortex.o(i.HAL_NVIC_EnableIRQ)
    i.HAL_NVIC_SetPriority                   0x08002568   Section        0  stm32f4xx_hal_cortex.o(i.HAL_NVIC_SetPriority)
    i.HAL_NVIC_SetPriorityGrouping           0x080025a8   Section        0  stm32f4xx_hal_cortex.o(i.HAL_NVIC_SetPriorityGrouping)
    i.HAL_RCC_ClockConfig                    0x080025cc   Section        0  stm32f4xx_hal_rcc.o(i.HAL_RCC_ClockConfig)
    i.HAL_RCC_GetPCLK1Freq                   0x080026fc   Section        0  stm32f4xx_hal_rcc.o(i.HAL_RCC_GetPCLK1Freq)
    i.HAL_RCC_GetPCLK2Freq                   0x0800271c   Section        0  stm32f4xx_hal_rcc.o(i.HAL_RCC_GetPCLK2Freq)
    i.HAL_RCC_GetSysClockFreq                0x0800273c   Section        0  stm32f4xx_hal_rcc.o(i.HAL_RCC_GetSysClockFreq)
    i.HAL_RCC_OscConfig                      0x0800279c   Section        0  stm32f4xx_hal_rcc.o(i.HAL_RCC_OscConfig)
    i.HAL_SPI_ErrorCallback                  0x08002ab8   Section        0  stm32f4xx_hal_spi.o(i.HAL_SPI_ErrorCallback)
    i.HAL_SPI_IRQHandler                     0x08002abc   Section        0  stm32f4xx_hal_spi.o(i.HAL_SPI_IRQHandler)
    i.HAL_SPI_Init                           0x08002bb8   Section        0  stm32f4xx_hal_spi.o(i.HAL_SPI_Init)
    i.HAL_SPI_MspInit                        0x08002c38   Section        0  stm32f4xx_hal_msp.o(i.HAL_SPI_MspInit)
    i.HAL_SPI_TransmitReceive                0x08002cb0   Section        0  stm32f4xx_hal_spi.o(i.HAL_SPI_TransmitReceive)
    i.HAL_SYSTICK_Config                     0x08002e92   Section        0  stm32f4xx_hal_cortex.o(i.HAL_SYSTICK_Config)
    i.HAL_UART_AbortReceive                  0x08002eba   Section        0  stm32f4xx_hal_uart.o(i.HAL_UART_AbortReceive)
    i.HAL_UART_ErrorCallback                 0x08002f12   Section        0  stm32f4xx_hal_uart.o(i.HAL_UART_ErrorCallback)
    i.HAL_UART_IRQHandler                    0x08002f14   Section        0  stm32f4xx_hal_uart.o(i.HAL_UART_IRQHandler)
    i.HAL_UART_Init                          0x08003024   Section        0  stm32f4xx_hal_uart.o(i.HAL_UART_Init)
    i.HAL_UART_MspInit                       0x08003088   Section        0  stm32f4xx_hal_msp.o(i.HAL_UART_MspInit)
    i.HAL_UART_Receive_DMA                   0x08003348   Section        0  stm32f4xx_hal_uart.o(i.HAL_UART_Receive_DMA)
    i.HAL_UART_RxCpltCallback                0x080033e0   Section        0  stm32f4xx_hal_uart.o(i.HAL_UART_RxCpltCallback)
    i.HAL_UART_RxHalfCpltCallback            0x080033e2   Section        0  stm32f4xx_hal_uart.o(i.HAL_UART_RxHalfCpltCallback)
    i.HAL_UART_Transmit                      0x080033e4   Section        0  stm32f4xx_hal_uart.o(i.HAL_UART_Transmit)
    i.HAL_UART_Transmit_DMA                  0x080034a0   Section        0  stm32f4xx_hal_uart.o(i.HAL_UART_Transmit_DMA)
    i.HAL_UART_TxCpltCallback                0x08003520   Section        0  uart_server.o(i.HAL_UART_TxCpltCallback)
    i.HAL_UART_TxHalfCpltCallback            0x08003568   Section        0  stm32f4xx_hal_uart.o(i.HAL_UART_TxHalfCpltCallback)
    i.HardFault_Handler                      0x0800356a   Section        0  stm32f4xx_it.o(i.HardFault_Handler)
    i.LED_Init                               0x0800356c   Section        0  led.o(i.LED_Init)
    i.LED_Thread                             0x080035b4   Section        0  led.o(i.LED_Thread)
    i.MX_DMA_Init                            0x080035f0   Section        0  main.o(i.MX_DMA_Init)
    MX_DMA_Init                              0x080035f1   Thumb Code   136  main.o(i.MX_DMA_Init)
    i.MX_GPIO_Init                           0x0800367c   Section        0  main.o(i.MX_GPIO_Init)
    MX_GPIO_Init                             0x0800367d   Thumb Code   294  main.o(i.MX_GPIO_Init)
    i.MX_SPI1_Init                           0x080037b8   Section        0  main.o(i.MX_SPI1_Init)
    MX_SPI1_Init                             0x080037b9   Thumb Code    46  main.o(i.MX_SPI1_Init)
    i.MemManage_Handler                      0x080037f0   Section        0  stm32f4xx_it.o(i.MemManage_Handler)
    i.NMI_Handler                            0x080037f2   Section        0  stm32f4xx_it.o(i.NMI_Handler)
    i.SPI1_IRQHandler                        0x080037f4   Section        0  stm32f4xx_it.o(i.SPI1_IRQHandler)
    i.SPI_DMAAbortOnError                    0x08003800   Section        0  stm32f4xx_hal_spi.o(i.SPI_DMAAbortOnError)
    SPI_DMAAbortOnError                      0x08003801   Thumb Code    16  stm32f4xx_hal_spi.o(i.SPI_DMAAbortOnError)
    i.SPI_EndRxTxTransaction                 0x08003810   Section        0  stm32f4xx_hal_spi.o(i.SPI_EndRxTxTransaction)
    SPI_EndRxTxTransaction                   0x08003811   Thumb Code    80  stm32f4xx_hal_spi.o(i.SPI_EndRxTxTransaction)
    i.SPI_WaitFlagStateUntilTimeout          0x08003868   Section        0  stm32f4xx_hal_spi.o(i.SPI_WaitFlagStateUntilTimeout)
    SPI_WaitFlagStateUntilTimeout            0x08003869   Thumb Code   148  stm32f4xx_hal_spi.o(i.SPI_WaitFlagStateUntilTimeout)
    i.SystemClock_Config                     0x080038fc   Section        0  main.o(i.SystemClock_Config)
    i.SystemCoreClockUpdate                  0x08003980   Section        0  system_stm32f4xx.o(i.SystemCoreClockUpdate)
    i.SystemInit                             0x080039f8   Section        0  system_stm32f4xx.o(i.SystemInit)
    i.UART_DMAAbortOnError                   0x08003a4c   Section        0  stm32f4xx_hal_uart.o(i.UART_DMAAbortOnError)
    UART_DMAAbortOnError                     0x08003a4d   Thumb Code    16  stm32f4xx_hal_uart.o(i.UART_DMAAbortOnError)
    i.UART_DMAError                          0x08003a5c   Section        0  stm32f4xx_hal_uart.o(i.UART_DMAError)
    UART_DMAError                            0x08003a5d   Thumb Code    74  stm32f4xx_hal_uart.o(i.UART_DMAError)
    i.UART_DMAReceiveCplt                    0x08003aa6   Section        0  stm32f4xx_hal_uart.o(i.UART_DMAReceiveCplt)
    UART_DMAReceiveCplt                      0x08003aa7   Thumb Code    60  stm32f4xx_hal_uart.o(i.UART_DMAReceiveCplt)
    i.UART_DMARxHalfCplt                     0x08003ae2   Section        0  stm32f4xx_hal_uart.o(i.UART_DMARxHalfCplt)
    UART_DMARxHalfCplt                       0x08003ae3   Thumb Code    10  stm32f4xx_hal_uart.o(i.UART_DMARxHalfCplt)
    i.UART_DMATransmitCplt                   0x08003aec   Section        0  stm32f4xx_hal_uart.o(i.UART_DMATransmitCplt)
    UART_DMATransmitCplt                     0x08003aed   Thumb Code    46  stm32f4xx_hal_uart.o(i.UART_DMATransmitCplt)
    i.UART_DMATxHalfCplt                     0x08003b1a   Section        0  stm32f4xx_hal_uart.o(i.UART_DMATxHalfCplt)
    UART_DMATxHalfCplt                       0x08003b1b   Thumb Code    10  stm32f4xx_hal_uart.o(i.UART_DMATxHalfCplt)
    i.UART_EndRxTransfer                     0x08003b24   Section        0  stm32f4xx_hal_uart.o(i.UART_EndRxTransfer)
    UART_EndRxTransfer                       0x08003b25   Thumb Code    28  stm32f4xx_hal_uart.o(i.UART_EndRxTransfer)
    i.UART_EndTxTransfer                     0x08003b40   Section        0  stm32f4xx_hal_uart.o(i.UART_EndTxTransfer)
    UART_EndTxTransfer                       0x08003b41   Thumb Code    18  stm32f4xx_hal_uart.o(i.UART_EndTxTransfer)
    i.UART_Receive_IT                        0x08003b52   Section        0  stm32f4xx_hal_uart.o(i.UART_Receive_IT)
    UART_Receive_IT                          0x08003b53   Thumb Code   150  stm32f4xx_hal_uart.o(i.UART_Receive_IT)
    i.UART_Rxhandle                          0x08003be8   Section        0  uart_server.o(i.UART_Rxhandle)
    i.UART_SERVER_Init                       0x08003cd0   Section        0  uart_server.o(i.UART_SERVER_Init)
    i.UART_SERVER_Thread                     0x08003f6c   Section        0  uart_server.o(i.UART_SERVER_Thread)
    i.UART_SetConfig                         0x08003f78   Section        0  stm32f4xx_hal_uart.o(i.UART_SetConfig)
    UART_SetConfig                           0x08003f79   Thumb Code   676  stm32f4xx_hal_uart.o(i.UART_SetConfig)
    i.UART_Transmit_IT                       0x08004224   Section        0  stm32f4xx_hal_uart.o(i.UART_Transmit_IT)
    UART_Transmit_IT                         0x08004225   Thumb Code    98  stm32f4xx_hal_uart.o(i.UART_Transmit_IT)
    i.UART_WaitOnFlagUntilTimeout            0x08004286   Section        0  stm32f4xx_hal_uart.o(i.UART_WaitOnFlagUntilTimeout)
    UART_WaitOnFlagUntilTimeout              0x08004287   Thumb Code   100  stm32f4xx_hal_uart.o(i.UART_WaitOnFlagUntilTimeout)
    i.USART1_IRQHandler                      0x080042ec   Section        0  uart_server.o(i.USART1_IRQHandler)
    i.USART2_IRQHandler                      0x08004308   Section        0  uart_server.o(i.USART2_IRQHandler)
    i.USART6_IRQHandler                      0x08004324   Section        0  uart_server.o(i.USART6_IRQHandler)
    i.UsageFault_Handler                     0x08004340   Section        0  stm32f4xx_it.o(i.UsageFault_Handler)
    i.__0printf$5                            0x08004344   Section        0  printf5.o(i.__0printf$5)
    i.__NVIC_SetPriority                     0x08004364   Section        0  stm32f4xx_hal_cortex.o(i.__NVIC_SetPriority)
    __NVIC_SetPriority                       0x08004365   Thumb Code    32  stm32f4xx_hal_cortex.o(i.__NVIC_SetPriority)
    i.__scatterload_copy                     0x08004384   Section       14  handlers.o(i.__scatterload_copy)
    i.__scatterload_null                     0x08004392   Section        2  handlers.o(i.__scatterload_null)
    i.__scatterload_zeroinit                 0x08004394   Section       14  handlers.o(i.__scatterload_zeroinit)
    i._printf_core                           0x080043a4   Section        0  printf5.o(i._printf_core)
    _printf_core                             0x080043a5   Thumb Code   658  printf5.o(i._printf_core)
    i.fifo_free                              0x08004664   Section        0  fifo.o(i.fifo_free)
    i.fifo_in                                0x08004670   Section        0  fifo.o(i.fifo_in)
    i.fifo_init                              0x080046b8   Section        0  fifo.o(i.fifo_init)
    i.fifo_out                               0x080046e2   Section        0  fifo.o(i.fifo_out)
    i.fifo_unused                            0x08004728   Section        0  fifo.o(i.fifo_unused)
    i.forward1_2                             0x08004738   Section        0  uart_server.o(i.forward1_2)
    i.fputc                                  0x0800476c   Section        0  debug.o(i.fputc)
    i.main                                   0x08004784   Section        0  main.o(i.main)
    i.osRtxErrorNotify                       0x0800483c   Section        0  rtx_config.o(i.osRtxErrorNotify)
    i.osRtxIdleThread                        0x0800483e   Section        0  rtx_config.o(i.osRtxIdleThread)
    i.osRtxKernelPreInit                     0x08004840   Section        0  rtx_lib.o(i.osRtxKernelPreInit)
    i.set_returnzero                         0x08004842   Section        0  bigendian.o(i.set_returnzero)
    i.uart1_recv                             0x08004854   Section        0  uart_server.o(i.uart1_recv)
    i.uart1_send                             0x080048bc   Section        0  uart_server.o(i.uart1_send)
    i.uart2_recv                             0x080048fc   Section        0  uart_server.o(i.uart2_recv)
    i.uart2_send                             0x08004964   Section        0  uart_server.o(i.uart2_send)
    i.uart_server_rx_HardwareInit            0x080049a4   Section        0  uart_server.o(i.uart_server_rx_HardwareInit)
    .constdata                               0x08004a08   Section        8  stm32f4xx_hal_dma.o(.constdata)
    flagBitshiftOffset                       0x08004a08   Data           8  stm32f4xx_hal_dma.o(.constdata)
    .constdata                               0x08004a10   Section       16  system_stm32f4xx.o(.constdata)
    .constdata                               0x08004a20   Section        8  system_stm32f4xx.o(.constdata)
    .constdata                               0x08004a28   Section       36  led.o(.constdata)
    .constdata                               0x08004a4c   Section       36  rtx_lib.o(.constdata)
    os_idle_thread_attr                      0x08004a4c   Data          36  rtx_lib.o(.constdata)
    .constdata                               0x08004a70   Section       36  rtx_lib.o(.constdata)
    os_timer_thread_attr                     0x08004a70   Data          36  rtx_lib.o(.constdata)
    .constdata                               0x08004a94   Section       24  rtx_lib.o(.constdata)
    os_timer_mq_attr                         0x08004a94   Data          24  rtx_lib.o(.constdata)
    .constdata                               0x08004aac   Section        4  rtx_lib.o(.constdata)
    .conststring                             0x08004ab0   Section      130  uart_server.o(.conststring)
    .rodata                                  0x08004b34   Section      104  rtx_lib.o(.rodata)
    __tagsym$$used                           0x08004b34   Number         0  rtx_lib.o(.rodata)
    [Anonymous Symbol]                       0x08004b9c   Section        0  rtx_kernel.o(.rodata.str1.4)
    .L.str                                   0x08004b9c   Data          11  rtx_kernel.o(.rodata.str1.4)
    .bss.os                                  0x20000000   Section     4096  rtx_lib.o(.bss.os)
    os_mem                                   0x20000000   Data        4096  rtx_lib.o(.bss.os)
    .bss.os                                  0x20001000   Section       64  rtx_lib.o(.bss.os)
    os_isr_queue                             0x20001000   Data          64  rtx_lib.o(.bss.os)
    .bss.os.msgqueue.cb                      0x20001040   Section       52  rtx_lib.o(.bss.os.msgqueue.cb)
    os_timer_mq_cb                           0x20001040   Data          52  rtx_lib.o(.bss.os.msgqueue.cb)
    .bss.os.msgqueue.mem                     0x20001074   Section       80  rtx_lib.o(.bss.os.msgqueue.mem)
    os_timer_mq_data                         0x20001074   Data          80  rtx_lib.o(.bss.os.msgqueue.mem)
    .bss.os.thread.cb                        0x200010c4   Section       68  rtx_lib.o(.bss.os.thread.cb)
    os_idle_thread_cb                        0x200010c4   Data          68  rtx_lib.o(.bss.os.thread.cb)
    .bss.os.thread.cb                        0x20001108   Section       68  rtx_lib.o(.bss.os.thread.cb)
    os_timer_thread_cb                       0x20001108   Data          68  rtx_lib.o(.bss.os.thread.cb)
    .bss.os.thread.stack                     0x20001150   Section      256  rtx_lib.o(.bss.os.thread.stack)
    os_idle_thread_stack                     0x20001150   Data         256  rtx_lib.o(.bss.os.thread.stack)
    .bss.os.thread.stack                     0x20001250   Section      256  rtx_lib.o(.bss.os.thread.stack)
    os_timer_thread_stack                    0x20001250   Data         256  rtx_lib.o(.bss.os.thread.stack)
    .data                                    0x20001350   Section       12  stm32f4xx_hal.o(.data)
    .data                                    0x2000135c   Section        4  system_stm32f4xx.o(.data)
    .data                                    0x20001360   Section       40  control.o(.data)
    .data                                    0x20001388   Section      196  uart_server.o(.data)
    uart1_index                              0x20001388   Data           4  uart_server.o(.data)
    uart2_index                              0x2000138c   Data           4  uart_server.o(.data)
    uart6_index                              0x20001390   Data           4  uart_server.o(.data)
    .data                                    0x2000144c   Section        4  led.o(.data)
    .data                                    0x20001450   Section       12  dw1000.o(.data)
    txBuffer                                 0x20001450   Data           4  dw1000.o(.data)
    rxBuffer                                 0x20001454   Data           4  dw1000.o(.data)
    .data                                    0x2000145c   Section        4  stdout.o(.data)
    .bss                                     0x20001504   Section      364  main.o(.bss)
    .bss                                     0x20001670   Section       96  main.o(.bss)
    .bss                                     0x200016d0   Section       96  main.o(.bss)
    .bss                                     0x20001730   Section       96  main.o(.bss)
    .bss                                     0x20001790   Section       96  main.o(.bss)
    .bss                                     0x200017f0   Section       96  main.o(.bss)
    .bss                                     0x20001850   Section       96  main.o(.bss)
    .bss                                     0x200018b0   Section     6312  uart_server.o(.bss)
    .bss                                     0x20003158   Section       66  dw1000.o(.bss)
    txBaseBuffer                             0x20003158   Data          32  dw1000.o(.bss)
    rxBaseBuffer                             0x20003178   Data          34  dw1000.o(.bss)
    [Anonymous Symbol]                       0x2000319a   Section        0  os_systick.o(.bss.PendST)
    PendST                                   0x2000319a   Data           1  os_systick.o(.bss.PendST)
    STACK                                    0x200031a0   Section     1024  startup_stm32f401xc.o(STACK)

    Global Symbols

    Symbol Name                              Value     Ov Type        Size  Object(Section)

    BuildAttributes$$THM_ISAv4$E$P$D$K$B$S$7EM$VFPi3$EXTD16$VFPS$VFMA$PE$A:L22UL41UL21$X:L11$S22US41US21$IEEE1$IW$~IW$USESV6$~STKCKD$USESV7$~SHL$OSPACE$ROPI$EBA8$MICROLIB$REQ8$PRES8$EABIv2 0x00000000   Number         0  anon$$obj.o ABSOLUTE
    __ARM_use_no_argv                        0x00000000   Number         0  main.o ABSOLUTE
    _printf_a                                0x00000000   Number         0  stubs.o ABSOLUTE
    _printf_c                                0x00000000   Number         0  stubs.o ABSOLUTE
    _printf_charcount                        0x00000000   Number         0  stubs.o ABSOLUTE
    _printf_d                                0x00000000   Number         0  stubs.o ABSOLUTE
    _printf_e                                0x00000000   Number         0  stubs.o ABSOLUTE
    _printf_f                                0x00000000   Number         0  stubs.o ABSOLUTE
    _printf_flags                            0x00000000   Number         0  stubs.o ABSOLUTE
    _printf_fp_dec                           0x00000000   Number         0  stubs.o ABSOLUTE
    _printf_fp_hex                           0x00000000   Number         0  stubs.o ABSOLUTE
    _printf_g                                0x00000000   Number         0  stubs.o ABSOLUTE
    _printf_i                                0x00000000   Number         0  stubs.o ABSOLUTE
    _printf_int_dec                          0x00000000   Number         0  stubs.o ABSOLUTE
    _printf_l                                0x00000000   Number         0  stubs.o ABSOLUTE
    _printf_lc                               0x00000000   Number         0  stubs.o ABSOLUTE
    _printf_ll                               0x00000000   Number         0  stubs.o ABSOLUTE
    _printf_lld                              0x00000000   Number         0  stubs.o ABSOLUTE
    _printf_lli                              0x00000000   Number         0  stubs.o ABSOLUTE
    _printf_llo                              0x00000000   Number         0  stubs.o ABSOLUTE
    _printf_llu                              0x00000000   Number         0  stubs.o ABSOLUTE
    _printf_llx                              0x00000000   Number         0  stubs.o ABSOLUTE
    _printf_longlong_dec                     0x00000000   Number         0  stubs.o ABSOLUTE
    _printf_longlong_hex                     0x00000000   Number         0  stubs.o ABSOLUTE
    _printf_longlong_oct                     0x00000000   Number         0  stubs.o ABSOLUTE
    _printf_ls                               0x00000000   Number         0  stubs.o ABSOLUTE
    _printf_mbtowc                           0x00000000   Number         0  stubs.o ABSOLUTE
    _printf_n                                0x00000000   Number         0  stubs.o ABSOLUTE
    _printf_o                                0x00000000   Number         0  stubs.o ABSOLUTE
    _printf_p                                0x00000000   Number         0  stubs.o ABSOLUTE
    _printf_percent                          0x00000000   Number         0  stubs.o ABSOLUTE
    _printf_pre_padding                      0x00000000   Number         0  stubs.o ABSOLUTE
    _printf_return_value                     0x00000000   Number         0  stubs.o ABSOLUTE
    _printf_s                                0x00000000   Number         0  stubs.o ABSOLUTE
    _printf_sizespec                         0x00000000   Number         0  stubs.o ABSOLUTE
    _printf_str                              0x00000000   Number         0  stubs.o ABSOLUTE
    _printf_truncate_signed                  0x00000000   Number         0  stubs.o ABSOLUTE
    _printf_truncate_unsigned                0x00000000   Number         0  stubs.o ABSOLUTE
    _printf_u                                0x00000000   Number         0  stubs.o ABSOLUTE
    _printf_wc                               0x00000000   Number         0  stubs.o ABSOLUTE
    _printf_wctomb                           0x00000000   Number         0  stubs.o ABSOLUTE
    _printf_widthprec                        0x00000000   Number         0  stubs.o ABSOLUTE
    _printf_x                                0x00000000   Number         0  stubs.o ABSOLUTE
    .bss.os.evflags.cb$$Base                  - Undefined Weak Reference
    .bss.os.evflags.cb$$Limit                 - Undefined Weak Reference
    .bss.os.mempool.cb$$Base                  - Undefined Weak Reference
    .bss.os.mempool.cb$$Limit                 - Undefined Weak Reference
    .bss.os.mutex.cb$$Base                    - Undefined Weak Reference
    .bss.os.mutex.cb$$Limit                   - Undefined Weak Reference
    .bss.os.semaphore.cb$$Base                - Undefined Weak Reference
    .bss.os.semaphore.cb$$Limit               - Undefined Weak Reference
    .bss.os.timer.cb$$Base                    - Undefined Weak Reference
    .bss.os.timer.cb$$Limit                   - Undefined Weak Reference
    __cpp_initialize__aeabi_                  - Undefined Weak Reference
    __cxa_finalize                            - Undefined Weak Reference
    _clock_init                               - Undefined Weak Reference
    _microlib_exit                            - Undefined Weak Reference
    __Vectors_Size                           0x00000194   Number         0  startup_stm32f401xc.o ABSOLUTE
    __Vectors                                0x08000000   Data           4  startup_stm32f401xc.o(RESET)
    __Vectors_End                            0x08000194   Data           0  startup_stm32f401xc.o(RESET)
    __main                                   0x08000195   Thumb Code     0  entry.o(.ARM.Collect$$$$00000000)
    _main_stk                                0x08000195   Thumb Code     0  entry2.o(.ARM.Collect$$$$00000001)
    _main_scatterload                        0x08000199   Thumb Code     0  entry5.o(.ARM.Collect$$$$00000004)
    __main_after_scatterload                 0x0800019d   Thumb Code     0  entry5.o(.ARM.Collect$$$$00000004)
    _main_clock                              0x0800019d   Thumb Code     0  entry7b.o(.ARM.Collect$$$$00000008)
    _main_cpp_init                           0x0800019d   Thumb Code     0  entry8b.o(.ARM.Collect$$$$0000000A)
    _main_init                               0x0800019d   Thumb Code     0  entry9a.o(.ARM.Collect$$$$0000000B)
    __rt_final_cpp                           0x080001a5   Thumb Code     0  entry10a.o(.ARM.Collect$$$$0000000D)
    __rt_final_exit                          0x080001a5   Thumb Code     0  entry11a.o(.ARM.Collect$$$$0000000F)
    Reset_Handler                            0x080001a9   Thumb Code     8  startup_stm32f401xc.o(.text)
    ADC_IRQHandler                           0x080001c3   Thumb Code     0  startup_stm32f401xc.o(.text)
    DMA1_Stream0_IRQHandler                  0x080001c3   Thumb Code     0  startup_stm32f401xc.o(.text)
    DMA1_Stream1_IRQHandler                  0x080001c3   Thumb Code     0  startup_stm32f401xc.o(.text)
    DMA1_Stream2_IRQHandler                  0x080001c3   Thumb Code     0  startup_stm32f401xc.o(.text)
    DMA1_Stream3_IRQHandler                  0x080001c3   Thumb Code     0  startup_stm32f401xc.o(.text)
    DMA1_Stream4_IRQHandler                  0x080001c3   Thumb Code     0  startup_stm32f401xc.o(.text)
    DMA1_Stream7_IRQHandler                  0x080001c3   Thumb Code     0  startup_stm32f401xc.o(.text)
    DMA2_Stream0_IRQHandler                  0x080001c3   Thumb Code     0  startup_stm32f401xc.o(.text)
    DMA2_Stream3_IRQHandler                  0x080001c3   Thumb Code     0  startup_stm32f401xc.o(.text)
    DMA2_Stream4_IRQHandler                  0x080001c3   Thumb Code     0  startup_stm32f401xc.o(.text)
    DMA2_Stream5_IRQHandler                  0x080001c3   Thumb Code     0  startup_stm32f401xc.o(.text)
    EXTI0_IRQHandler                         0x080001c3   Thumb Code     0  startup_stm32f401xc.o(.text)
    EXTI15_10_IRQHandler                     0x080001c3   Thumb Code     0  startup_stm32f401xc.o(.text)
    EXTI1_IRQHandler                         0x080001c3   Thumb Code     0  startup_stm32f401xc.o(.text)
    EXTI2_IRQHandler                         0x080001c3   Thumb Code     0  startup_stm32f401xc.o(.text)
    EXTI3_IRQHandler                         0x080001c3   Thumb Code     0  startup_stm32f401xc.o(.text)
    EXTI4_IRQHandler                         0x080001c3   Thumb Code     0  startup_stm32f401xc.o(.text)
    EXTI9_5_IRQHandler                       0x080001c3   Thumb Code     0  startup_stm32f401xc.o(.text)
    FLASH_IRQHandler                         0x080001c3   Thumb Code     0  startup_stm32f401xc.o(.text)
    FPU_IRQHandler                           0x080001c3   Thumb Code     0  startup_stm32f401xc.o(.text)
    I2C1_ER_IRQHandler                       0x080001c3   Thumb Code     0  startup_stm32f401xc.o(.text)
    I2C1_EV_IRQHandler                       0x080001c3   Thumb Code     0  startup_stm32f401xc.o(.text)
    I2C2_ER_IRQHandler                       0x080001c3   Thumb Code     0  startup_stm32f401xc.o(.text)
    I2C2_EV_IRQHandler                       0x080001c3   Thumb Code     0  startup_stm32f401xc.o(.text)
    I2C3_ER_IRQHandler                       0x080001c3   Thumb Code     0  startup_stm32f401xc.o(.text)
    I2C3_EV_IRQHandler                       0x080001c3   Thumb Code     0  startup_stm32f401xc.o(.text)
    OTG_FS_IRQHandler                        0x080001c3   Thumb Code     0  startup_stm32f401xc.o(.text)
    OTG_FS_WKUP_IRQHandler                   0x080001c3   Thumb Code     0  startup_stm32f401xc.o(.text)
    PVD_IRQHandler                           0x080001c3   Thumb Code     0  startup_stm32f401xc.o(.text)
    RCC_IRQHandler                           0x080001c3   Thumb Code     0  startup_stm32f401xc.o(.text)
    RTC_Alarm_IRQHandler                     0x080001c3   Thumb Code     0  startup_stm32f401xc.o(.text)
    RTC_WKUP_IRQHandler                      0x080001c3   Thumb Code     0  startup_stm32f401xc.o(.text)
    SDIO_IRQHandler                          0x080001c3   Thumb Code     0  startup_stm32f401xc.o(.text)
    SPI2_IRQHandler                          0x080001c3   Thumb Code     0  startup_stm32f401xc.o(.text)
    SPI3_IRQHandler                          0x080001c3   Thumb Code     0  startup_stm32f401xc.o(.text)
    SPI4_IRQHandler                          0x080001c3   Thumb Code     0  startup_stm32f401xc.o(.text)
    TAMP_STAMP_IRQHandler                    0x080001c3   Thumb Code     0  startup_stm32f401xc.o(.text)
    TIM1_BRK_TIM9_IRQHandler                 0x080001c3   Thumb Code     0  startup_stm32f401xc.o(.text)
    TIM1_CC_IRQHandler                       0x080001c3   Thumb Code     0  startup_stm32f401xc.o(.text)
    TIM1_TRG_COM_TIM11_IRQHandler            0x080001c3   Thumb Code     0  startup_stm32f401xc.o(.text)
    TIM1_UP_TIM10_IRQHandler                 0x080001c3   Thumb Code     0  startup_stm32f401xc.o(.text)
    TIM2_IRQHandler                          0x080001c3   Thumb Code     0  startup_stm32f401xc.o(.text)
    TIM3_IRQHandler                          0x080001c3   Thumb Code     0  startup_stm32f401xc.o(.text)
    TIM4_IRQHandler                          0x080001c3   Thumb Code     0  startup_stm32f401xc.o(.text)
    TIM5_IRQHandler                          0x080001c3   Thumb Code     0  startup_stm32f401xc.o(.text)
    WWDG_IRQHandler                          0x080001c3   Thumb Code     0  startup_stm32f401xc.o(.text)
    SVC_Handler                              0x080001cd   Thumb Code   152  irq_cm4f.o(.text)
    PendSV_Handler                           0x08000265   Thumb Code    16  irq_cm4f.o(.text)
    SysTick_Handler                          0x08000275   Thumb Code    16  irq_cm4f.o(.text)
    __aeabi_uldivmod                         0x08000291   Thumb Code    98  uldiv.o(.text)
    __aeabi_memcpy                           0x080002f3   Thumb Code    36  memcpya.o(.text)
    __aeabi_memcpy4                          0x080002f3   Thumb Code     0  memcpya.o(.text)
    __aeabi_memcpy8                          0x080002f3   Thumb Code     0  memcpya.o(.text)
    __aeabi_memset                           0x08000317   Thumb Code    14  memseta.o(.text)
    __aeabi_memset4                          0x08000317   Thumb Code     0  memseta.o(.text)
    __aeabi_memset8                          0x08000317   Thumb Code     0  memseta.o(.text)
    __aeabi_memclr                           0x08000325   Thumb Code     4  memseta.o(.text)
    __aeabi_memclr4                          0x08000325   Thumb Code     0  memseta.o(.text)
    __aeabi_memclr8                          0x08000325   Thumb Code     0  memseta.o(.text)
    _memset$wrapper                          0x08000329   Thumb Code    18  memseta.o(.text)
    __aeabi_llsl                             0x0800033b   Thumb Code    30  llshl.o(.text)
    _ll_shift_l                              0x0800033b   Thumb Code     0  llshl.o(.text)
    __aeabi_llsr                             0x08000359   Thumb Code    32  llushr.o(.text)
    _ll_ushift_r                             0x08000359   Thumb Code     0  llushr.o(.text)
    __scatterload                            0x08000379   Thumb Code    28  init.o(.text)
    __scatterload_rt2                        0x08000379   Thumb Code     0  init.o(.text)
    __decompress                             0x0800039d   Thumb Code     0  __dczerorl2.o(.text)
    __decompress1                            0x0800039d   Thumb Code    86  __dczerorl2.o(.text)
    OS_Tick_AcknowledgeIRQ                   0x080004b9   Thumb Code    12  os_systick.o(.text.OS_Tick_AcknowledgeIRQ)
    OS_Tick_Enable                           0x080004c5   Thumb Code    44  os_systick.o(.text.OS_Tick_Enable)
    OS_Tick_GetIRQn                          0x080004f1   Thumb Code     6  os_systick.o(.text.OS_Tick_GetIRQn)
    OS_Tick_Setup                            0x080004f9   Thumb Code    64  os_systick.o(.text.OS_Tick_Setup)
    osDelay                                  0x080005f5   Thumb Code    36  rtx_delay.o(.text.osDelay)
    osKernelGetTickCount                     0x08000619   Thumb Code    40  rtx_kernel.o(.text.osKernelGetTickCount)
    osKernelInitialize                       0x08000641   Thumb Code    44  rtx_kernel.o(.text.osKernelInitialize)
    osKernelStart                            0x0800066d   Thumb Code    36  rtx_kernel.o(.text.osKernelStart)
    osMessageQueueDelete                     0x08000691   Thumb Code    36  rtx_msgqueue.o(.text.osMessageQueueDelete)
    osMessageQueueGet                        0x080006b5   Thumb Code   108  rtx_msgqueue.o(.text.osMessageQueueGet)
    osMessageQueueNew                        0x08000721   Thumb Code    36  rtx_msgqueue.o(.text.osMessageQueueNew)
    osMessageQueuePut                        0x08000745   Thumb Code   124  rtx_msgqueue.o(.text.osMessageQueuePut)
    osRtxMemoryAlloc                         0x080007c1   Thumb Code   128  rtx_memory.o(.text.osRtxMemoryAlloc)
    osRtxMemoryFree                          0x08000841   Thumb Code    82  rtx_memory.o(.text.osRtxMemoryFree)
    osRtxMemoryInit                          0x08000893   Thumb Code    54  rtx_memory.o(.text.osRtxMemoryInit)
    osRtxMemoryPoolAlloc                     0x080008c9   Thumb Code    56  rtx_mempool.o(.text.osRtxMemoryPoolAlloc)
    osRtxMemoryPoolFree                      0x08000901   Thumb Code    72  rtx_mempool.o(.text.osRtxMemoryPoolFree)
    osRtxMemoryPoolInit                      0x08000949   Thumb Code    84  rtx_mempool.o(.text.osRtxMemoryPoolInit)
    osRtxMutexOwnerRelease                   0x08000a5d   Thumb Code    68  rtx_mutex.o(.text.osRtxMutexOwnerRelease)
    osRtxPendSV_Handler                      0x08000aa1   Thumb Code   144  rtx_system.o(.text.osRtxPendSV_Handler)
    osRtxPostProcess                         0x08000b31   Thumb Code   116  rtx_system.o(.text.osRtxPostProcess)
    osRtxThreadDelayTick                     0x08000cfd   Thumb Code    56  rtx_thread.o(.text.osRtxThreadDelayTick)
    osRtxThreadDispatch                      0x08000d35   Thumb Code    96  rtx_thread.o(.text.osRtxThreadDispatch)
    osRtxThreadListGet                       0x08000ded   Thumb Code    22  rtx_thread.o(.text.osRtxThreadListGet)
    osRtxThreadListPut                       0x08000e03   Thumb Code    44  rtx_thread.o(.text.osRtxThreadListPut)
    osRtxThreadListRemove                    0x08000e2f   Thumb Code    20  rtx_thread.o(.text.osRtxThreadListRemove)
    osRtxThreadReadyPut                      0x08000e6d   Thumb Code    20  rtx_thread.o(.text.osRtxThreadReadyPut)
    osRtxThreadRegPtr                        0x08000e81   Thumb Code    20  rtx_thread.o(.text.osRtxThreadRegPtr)
    osRtxThreadStackCheck                    0x08000e95   Thumb Code    40  rtx_thread.o(.text.osRtxThreadStackCheck)
    osRtxThreadStartup                       0x08000ebd   Thumb Code    88  rtx_thread.o(.text.osRtxThreadStartup)
    osRtxThreadSwitch                        0x08000f15   Thumb Code    16  rtx_thread.o(.text.osRtxThreadSwitch)
    osRtxThreadWaitEnter                     0x08000f25   Thumb Code    56  rtx_thread.o(.text.osRtxThreadWaitEnter)
    osRtxThreadWaitExit                      0x08000f5d   Thumb Code    50  rtx_thread.o(.text.osRtxThreadWaitExit)
    osRtxTick_Handler                        0x08000f91   Thumb Code   112  rtx_system.o(.text.osRtxTick_Handler)
    osRtxTimerThread                         0x08001001   Thumb Code    68  rtx_timer.o(.text.osRtxTimerThread)
    osSemaphoreAcquire                       0x0800109d   Thumb Code    88  rtx_semaphore.o(.text.osSemaphoreAcquire)
    osSemaphoreNew                           0x080010f5   Thumb Code    36  rtx_semaphore.o(.text.osSemaphoreNew)
    osSemaphoreRelease                       0x08001119   Thumb Code   100  rtx_semaphore.o(.text.osSemaphoreRelease)
    osThreadExit                             0x0800117d   Thumb Code    12  rtx_thread.o(.text.osThreadExit)
    osThreadFlagsWait                        0x08001189   Thumb Code    36  rtx_thread.o(.text.osThreadFlagsWait)
    osThreadNew                              0x080011ad   Thumb Code    36  rtx_thread.o(.text.osThreadNew)
    BusFault_Handler                         0x08001b01   Thumb Code     2  stm32f4xx_it.o(i.BusFault_Handler)
    CTL_Init                                 0x08001b05   Thumb Code    40  control.o(i.CTL_Init)
    CTL_Thread                               0x08001b5d   Thumb Code    52  control.o(i.CTL_Thread)
    DEC_Init                                 0x08001c01   Thumb Code    28  dw1000.o(i.DEC_Init)
    DMA1_Stream5_IRQHandler                  0x08001c99   Thumb Code     6  stm32f4xx_it.o(i.DMA1_Stream5_IRQHandler)
    DMA1_Stream6_IRQHandler                  0x08001ca5   Thumb Code     6  stm32f4xx_it.o(i.DMA1_Stream6_IRQHandler)
    DMA2_Stream1_IRQHandler                  0x08001cb1   Thumb Code     6  stm32f4xx_it.o(i.DMA2_Stream1_IRQHandler)
    DMA2_Stream2_IRQHandler                  0x08001cbd   Thumb Code     6  stm32f4xx_it.o(i.DMA2_Stream2_IRQHandler)
    DMA2_Stream6_IRQHandler                  0x08001cc9   Thumb Code     6  stm32f4xx_it.o(i.DMA2_Stream6_IRQHandler)
    DMA2_Stream7_IRQHandler                  0x08001cd5   Thumb Code     6  stm32f4xx_it.o(i.DMA2_Stream7_IRQHandler)
    DebugMon_Handler                         0x08001d85   Thumb Code     2  stm32f4xx_it.o(i.DebugMon_Handler)
    Error_Handler                            0x08001d87   Thumb Code     2  main.o(i.Error_Handler)
    HAL_DMA_Abort                            0x08001d89   Thumb Code   142  stm32f4xx_hal_dma.o(i.HAL_DMA_Abort)
    HAL_DMA_Abort_IT                         0x08001e17   Thumb Code    36  stm32f4xx_hal_dma.o(i.HAL_DMA_Abort_IT)
    HAL_DMA_GetError                         0x08001e3b   Thumb Code     4  stm32f4xx_hal_dma.o(i.HAL_DMA_GetError)
    HAL_DMA_IRQHandler                       0x08001e41   Thumb Code   412  stm32f4xx_hal_dma.o(i.HAL_DMA_IRQHandler)
    HAL_DMA_Init                             0x08001fe1   Thumb Code   206  stm32f4xx_hal_dma.o(i.HAL_DMA_Init)
    HAL_DMA_Start_IT                         0x080020b5   Thumb Code   120  stm32f4xx_hal_dma.o(i.HAL_DMA_Start_IT)
    HAL_GPIO_Init                            0x0800212d   Thumb Code   358  stm32f4xx_hal_gpio.o(i.HAL_GPIO_Init)
    HAL_GPIO_ReadPin                         0x080022b5   Thumb Code    10  stm32f4xx_hal_gpio.o(i.HAL_GPIO_ReadPin)
    HAL_GPIO_WritePin                        0x080022bf   Thumb Code    10  stm32f4xx_hal_gpio.o(i.HAL_GPIO_WritePin)
    HAL_GetTick                              0x080022c9   Thumb Code     4  main.o(i.HAL_GetTick)
    HAL_I2C_Init                             0x080022cd   Thumb Code   356  stm32f4xx_hal_i2c.o(i.HAL_I2C_Init)
    HAL_I2C_MspInit                          0x08002441   Thumb Code    92  stm32f4xx_hal_msp.o(i.HAL_I2C_MspInit)
    HAL_Init                                 0x080024a9   Thumb Code    48  stm32f4xx_hal.o(i.HAL_Init)
    HAL_InitTick                             0x080024dd   Thumb Code    54  stm32f4xx_hal.o(i.HAL_InitTick)
    HAL_MspInit                              0x0800251d   Thumb Code    42  stm32f4xx_hal_msp.o(i.HAL_MspInit)
    HAL_NVIC_EnableIRQ                       0x0800254d   Thumb Code    26  stm32f4xx_hal_cortex.o(i.HAL_NVIC_EnableIRQ)
    HAL_NVIC_SetPriority                     0x08002569   Thumb Code    60  stm32f4xx_hal_cortex.o(i.HAL_NVIC_SetPriority)
    HAL_NVIC_SetPriorityGrouping             0x080025a9   Thumb Code    26  stm32f4xx_hal_cortex.o(i.HAL_NVIC_SetPriorityGrouping)
    HAL_RCC_ClockConfig                      0x080025cd   Thumb Code   286  stm32f4xx_hal_rcc.o(i.HAL_RCC_ClockConfig)
    HAL_RCC_GetPCLK1Freq                     0x080026fd   Thumb Code    20  stm32f4xx_hal_rcc.o(i.HAL_RCC_GetPCLK1Freq)
    HAL_RCC_GetPCLK2Freq                     0x0800271d   Thumb Code    20  stm32f4xx_hal_rcc.o(i.HAL_RCC_GetPCLK2Freq)
    HAL_RCC_GetSysClockFreq                  0x0800273d   Thumb Code    88  stm32f4xx_hal_rcc.o(i.HAL_RCC_GetSysClockFreq)
    HAL_RCC_OscConfig                        0x0800279d   Thumb Code   770  stm32f4xx_hal_rcc.o(i.HAL_RCC_OscConfig)
    HAL_SPI_ErrorCallback                    0x08002ab9   Thumb Code     2  stm32f4xx_hal_spi.o(i.HAL_SPI_ErrorCallback)
    HAL_SPI_IRQHandler                       0x08002abd   Thumb Code   246  stm32f4xx_hal_spi.o(i.HAL_SPI_IRQHandler)
    HAL_SPI_Init                             0x08002bb9   Thumb Code   128  stm32f4xx_hal_spi.o(i.HAL_SPI_Init)
    HAL_SPI_MspInit                          0x08002c39   Thumb Code   108  stm32f4xx_hal_msp.o(i.HAL_SPI_MspInit)
    HAL_SPI_TransmitReceive                  0x08002cb1   Thumb Code   482  stm32f4xx_hal_spi.o(i.HAL_SPI_TransmitReceive)
    HAL_SYSTICK_Config                       0x08002e93   Thumb Code    40  stm32f4xx_hal_cortex.o(i.HAL_SYSTICK_Config)
    HAL_UART_AbortReceive                    0x08002ebb   Thumb Code    88  stm32f4xx_hal_uart.o(i.HAL_UART_AbortReceive)
    HAL_UART_ErrorCallback                   0x08002f13   Thumb Code     2  stm32f4xx_hal_uart.o(i.HAL_UART_ErrorCallback)
    HAL_UART_IRQHandler                      0x08002f15   Thumb Code   266  stm32f4xx_hal_uart.o(i.HAL_UART_IRQHandler)
    HAL_UART_Init                            0x08003025   Thumb Code    98  stm32f4xx_hal_uart.o(i.HAL_UART_Init)
    HAL_UART_MspInit                         0x08003089   Thumb Code   648  stm32f4xx_hal_msp.o(i.HAL_UART_MspInit)
    HAL_UART_Receive_DMA                     0x08003349   Thumb Code   138  stm32f4xx_hal_uart.o(i.HAL_UART_Receive_DMA)
    HAL_UART_RxCpltCallback                  0x080033e1   Thumb Code     2  stm32f4xx_hal_uart.o(i.HAL_UART_RxCpltCallback)
    HAL_UART_RxHalfCpltCallback              0x080033e3   Thumb Code     2  stm32f4xx_hal_uart.o(i.HAL_UART_RxHalfCpltCallback)
    HAL_UART_Transmit                        0x080033e5   Thumb Code   186  stm32f4xx_hal_uart.o(i.HAL_UART_Transmit)
    HAL_UART_Transmit_DMA                    0x080034a1   Thumb Code   114  stm32f4xx_hal_uart.o(i.HAL_UART_Transmit_DMA)
    HAL_UART_TxCpltCallback                  0x08003521   Thumb Code    54  uart_server.o(i.HAL_UART_TxCpltCallback)
    HAL_UART_TxHalfCpltCallback              0x08003569   Thumb Code     2  stm32f4xx_hal_uart.o(i.HAL_UART_TxHalfCpltCallback)
    HardFault_Handler                        0x0800356b   Thumb Code     2  stm32f4xx_it.o(i.HardFault_Handler)
    LED_Init                                 0x0800356d   Thumb Code    30  led.o(i.LED_Init)
    LED_Thread                               0x080035b5   Thumb Code    54  led.o(i.LED_Thread)
    MemManage_Handler                        0x080037f1   Thumb Code     2  stm32f4xx_it.o(i.MemManage_Handler)
    NMI_Handler                              0x080037f3   Thumb Code     2  stm32f4xx_it.o(i.NMI_Handler)
    SPI1_IRQHandler                          0x080037f5   Thumb Code     6  stm32f4xx_it.o(i.SPI1_IRQHandler)
    SystemClock_Config                       0x080038fd   Thumb Code   122  main.o(i.SystemClock_Config)
    SystemCoreClockUpdate                    0x08003981   Thumb Code   104  system_stm32f4xx.o(i.SystemCoreClockUpdate)
    SystemInit                               0x080039f9   Thumb Code    66  system_stm32f4xx.o(i.SystemInit)
    UART_Rxhandle                            0x08003be9   Thumb Code   212  uart_server.o(i.UART_Rxhandle)
    UART_SERVER_Init                         0x08003cd1   Thumb Code   276  uart_server.o(i.UART_SERVER_Init)
    UART_SERVER_Thread                       0x08003f6d   Thumb Code    12  uart_server.o(i.UART_SERVER_Thread)
    USART1_IRQHandler                        0x080042ed   Thumb Code    20  uart_server.o(i.USART1_IRQHandler)
    USART2_IRQHandler                        0x08004309   Thumb Code    20  uart_server.o(i.USART2_IRQHandler)
    USART6_IRQHandler                        0x08004325   Thumb Code    20  uart_server.o(i.USART6_IRQHandler)
    UsageFault_Handler                       0x08004341   Thumb Code     2  stm32f4xx_it.o(i.UsageFault_Handler)
    __0printf$5                              0x08004345   Thumb Code    22  printf5.o(i.__0printf$5)
    __1printf$5                              0x08004345   Thumb Code     0  printf5.o(i.__0printf$5)
    __2printf                                0x08004345   Thumb Code     0  printf5.o(i.__0printf$5)
    __scatterload_copy                       0x08004385   Thumb Code    14  handlers.o(i.__scatterload_copy)
    __scatterload_null                       0x08004393   Thumb Code     2  handlers.o(i.__scatterload_null)
    __scatterload_zeroinit                   0x08004395   Thumb Code    14  handlers.o(i.__scatterload_zeroinit)
    fifo_free                                0x08004665   Thumb Code    12  fifo.o(i.fifo_free)
    fifo_in                                  0x08004671   Thumb Code    72  fifo.o(i.fifo_in)
    fifo_init                                0x080046b9   Thumb Code    42  fifo.o(i.fifo_init)
    fifo_out                                 0x080046e3   Thumb Code    70  fifo.o(i.fifo_out)
    fifo_unused                              0x08004729   Thumb Code    14  fifo.o(i.fifo_unused)
    forward1_2                               0x08004739   Thumb Code    42  uart_server.o(i.forward1_2)
    fputc                                    0x0800476d   Thumb Code    20  debug.o(i.fputc)
    main                                     0x08004785   Thumb Code   154  main.o(i.main)
    osRtxErrorNotify                         0x0800483d   Thumb Code     2  rtx_config.o(i.osRtxErrorNotify)
    osRtxIdleThread                          0x0800483f   Thumb Code     2  rtx_config.o(i.osRtxIdleThread)
    osRtxKernelPreInit                       0x08004841   Thumb Code     2  rtx_lib.o(i.osRtxKernelPreInit)
    set_returnzero                           0x08004843   Thumb Code    16  bigendian.o(i.set_returnzero)
    uart1_recv                               0x08004855   Thumb Code    64  uart_server.o(i.uart1_recv)
    uart1_send                               0x080048bd   Thumb Code    36  uart_server.o(i.uart1_send)
    uart2_recv                               0x080048fd   Thumb Code    64  uart_server.o(i.uart2_recv)
    uart2_send                               0x08004965   Thumb Code    36  uart_server.o(i.uart2_send)
    uart_server_rx_HardwareInit              0x080049a5   Thumb Code    76  uart_server.o(i.uart_server_rx_HardwareInit)
    AHBPrescTable                            0x08004a10   Data          16  system_stm32f4xx.o(.constdata)
    APBPrescTable                            0x08004a20   Data           8  system_stm32f4xx.o(.constdata)
    LED_Thread_Attr                          0x08004a28   Data          36  led.o(.constdata)
    osRtxUserSVC                             0x08004aac   Data           4  rtx_lib.o(.constdata)
    osRtxConfig                              0x08004b34   Data         104  rtx_lib.o(.rodata)
    Region$$Table$$Base                      0x08004ba8   Number         0  anon$$obj.o(Region$$Table)
    Region$$Table$$Limit                     0x08004bc8   Number         0  anon$$obj.o(Region$$Table)
    .bss.os.msgqueue.cb$$Base                0x20001040   Number         0  rtx_lib.o(.bss.os.msgqueue.cb)
    .bss.os.msgqueue.cb$$Limit               0x20001074   Number         0  rtx_lib.o(.bss.os.msgqueue.cb)
    .bss.os.thread.cb$$Base                  0x200010c4   Number         0  rtx_lib.o(.bss.os.thread.cb)
    .bss.os.thread.cb$$Limit                 0x2000114c   Number         0  rtx_lib.o(.bss.os.thread.cb)
    uwTickFreq                               0x20001350   Data           1  stm32f4xx_hal.o(.data)
    uwTickPrio                               0x20001354   Data           4  stm32f4xx_hal.o(.data)
    uwTick                                   0x20001358   Data           4  stm32f4xx_hal.o(.data)
    SystemCoreClock                          0x2000135c   Data           4  system_stm32f4xx.o(.data)
    CTL_Thread_Id                            0x20001360   Data           4  control.o(.data)
    CTL_Thread_Attr                          0x20001364   Data          36  control.o(.data)
    UART_SERVER_Thread_Id                    0x20001394   Data           4  uart_server.o(.data)
    UART1_Semaphore                          0x20001398   Data           4  uart_server.o(.data)
    UART2_Semaphore                          0x2000139c   Data           4  uart_server.o(.data)
    UART6_Semaphore                          0x200013a0   Data           4  uart_server.o(.data)
    uart1_rx_DMA_MessageQueue_Id             0x200013a4   Data           4  uart_server.o(.data)
    uart2_rx_DMA_MessageQueue_Id             0x200013a8   Data           4  uart_server.o(.data)
    uart6_rx_DMA_MessageQueue_Id             0x200013ac   Data           4  uart_server.o(.data)
    UART_SERVER_Thread_Attr                  0x200013b0   Data          36  uart_server.o(.data)
    UART1_Semaphore_Attr                     0x200013d4   Data          16  uart_server.o(.data)
    UART2_Semaphore_Attr                     0x200013e4   Data          16  uart_server.o(.data)
    UART6_Semaphore_Attr                     0x200013f4   Data          16  uart_server.o(.data)
    uart1_rx_DMA_MessageQueue_Attr           0x20001404   Data          24  uart_server.o(.data)
    uart2_rx_DMA_MessageQueue_Attr           0x2000141c   Data          24  uart_server.o(.data)
    uart6_rx_DMA_MessageQueue_Attr           0x20001434   Data          24  uart_server.o(.data)
    LED_Thread_Id                            0x2000144c   Data           4  led.o(.data)
    DEC_SemaphoreId                          0x20001458   Data           4  dw1000.o(.data)
    __stdout                                 0x2000145c   Data           4  stdout.o(.data)
    osRtxInfo                                0x20001460   Data         164  rtx_kernel.o(.data.os)
    hi2c1                                    0x20001504   Data          84  main.o(.bss)
    hspi1                                    0x20001558   Data          88  main.o(.bss)
    huart1                                   0x200015b0   Data          64  main.o(.bss)
    huart2                                   0x200015f0   Data          64  main.o(.bss)
    huart6                                   0x20001630   Data          64  main.o(.bss)
    hdma_usart1_rx                           0x20001670   Data          96  main.o(.bss)
    hdma_usart1_tx                           0x200016d0   Data          96  main.o(.bss)
    hdma_usart2_rx                           0x20001730   Data          96  main.o(.bss)
    hdma_usart2_tx                           0x20001790   Data          96  main.o(.bss)
    hdma_usart6_rx                           0x200017f0   Data          96  main.o(.bss)
    hdma_usart6_tx                           0x20001850   Data          96  main.o(.bss)
    uart1_rx_buffer                          0x200018b0   Data         512  uart_server.o(.bss)
    uart1_tx_buffer                          0x20001ab0   Data         512  uart_server.o(.bss)
    uart2_rx_buffer                          0x20001cb0   Data         512  uart_server.o(.bss)
    uart2_tx_buffer                          0x20001eb0   Data         512  uart_server.o(.bss)
    uart6_rx_buffer                          0x200020b0   Data         512  uart_server.o(.bss)
    uart6_tx_buffer                          0x200022b0   Data         512  uart_server.o(.bss)
    uart1_rx_DMA_MessagePool                 0x200024b0   Data          40  uart_server.o(.bss)
    uart2_rx_DMA_MessagePool                 0x200024d8   Data          40  uart_server.o(.bss)
    uart6_rx_DMA_MessagePool                 0x20002500   Data          40  uart_server.o(.bss)
    uart1_rxfifo                             0x20002528   Data          16  uart_server.o(.bss)
    uart2_rxfifo                             0x20002538   Data          16  uart_server.o(.bss)
    uart6_rxfifo                             0x20002548   Data          16  uart_server.o(.bss)
    uart1_fifobuffer                         0x20002558   Data        1024  uart_server.o(.bss)
    uart2_fifobuffer                         0x20002958   Data        1024  uart_server.o(.bss)
    uart6_fifobuffer                         0x20002d58   Data        1024  uart_server.o(.bss)
    __initial_sp                             0x200035a0   Data           0  startup_stm32f401xc.o(STACK)



==============================================================================

Memory Map of the image

  Image Entry point : 0x08000195

  Load Region LR_IROM1 (Base: 0x08000000, Size: 0x000060cc, Max: 0x00040000, ABSOLUTE, COMPRESSED[0x00004c28])

    Execution Region ER_IROM1 (Exec base: 0x08000000, Load base: 0x08000000, Size: 0x00004bc8, Max: 0x00040000, ABSOLUTE)

    Exec Addr    Load Addr    Size         Type   Attr      Idx    E Section Name        Object

    0x08000000   0x08000000   0x00000194   Data   RO            3    RESET               startup_stm32f401xc.o
    0x08000194   0x08000194   0x00000000   Code   RO         3849  * .ARM.Collect$$$$00000000  mc_w.l(entry.o)
    0x08000194   0x08000194   0x00000004   Code   RO         4149    .ARM.Collect$$$$00000001  mc_w.l(entry2.o)
    0x08000198   0x08000198   0x00000004   Code   RO         4152    .ARM.Collect$$$$00000004  mc_w.l(entry5.o)
    0x0800019c   0x0800019c   0x00000000   Code   RO         4154    .ARM.Collect$$$$00000008  mc_w.l(entry7b.o)
    0x0800019c   0x0800019c   0x00000000   Code   RO         4156    .ARM.Collect$$$$0000000A  mc_w.l(entry8b.o)
    0x0800019c   0x0800019c   0x00000008   Code   RO         4157    .ARM.Collect$$$$0000000B  mc_w.l(entry9a.o)
    0x080001a4   0x080001a4   0x00000000   Code   RO         4159    .ARM.Collect$$$$0000000D  mc_w.l(entry10a.o)
    0x080001a4   0x080001a4   0x00000000   Code   RO         4161    .ARM.Collect$$$$0000000F  mc_w.l(entry11a.o)
    0x080001a4   0x080001a4   0x00000004   Code   RO         4150    .ARM.Collect$$$$00002712  mc_w.l(entry2.o)
    0x080001a8   0x080001a8   0x00000024   Code   RO            4    .text               startup_stm32f401xc.o
    0x080001cc   0x080001cc   0x000000c4   Code   RO         3646    .text               RTX_CM4F.lib(irq_cm4f.o)
    0x08000290   0x08000290   0x00000062   Code   RO         3852    .text               mc_w.l(uldiv.o)
    0x080002f2   0x080002f2   0x00000024   Code   RO         3854    .text               mc_w.l(memcpya.o)
    0x08000316   0x08000316   0x00000024   Code   RO         3856    .text               mc_w.l(memseta.o)
    0x0800033a   0x0800033a   0x0000001e   Code   RO         4166    .text               mc_w.l(llshl.o)
    0x08000358   0x08000358   0x00000020   Code   RO         4168    .text               mc_w.l(llushr.o)
    0x08000378   0x08000378   0x00000024   Code   RO         4183    .text               mc_w.l(init.o)
    0x0800039c   0x0800039c   0x00000056   Code   RO         4197    .text               mc_w.l(__dczerorl2.o)
    0x080003f2   0x080003f2   0x00000046   Code   RO         3627    .text.MessageQueueGet  RTX_CM4F.lib(rtx_msgqueue.o)
    0x08000438   0x08000438   0x00000064   Code   RO         3621    .text.MessageQueuePut  RTX_CM4F.lib(rtx_msgqueue.o)
    0x0800049c   0x0800049c   0x0000001c   Code   RO         3619    .text.MessageQueueRemove  RTX_CM4F.lib(rtx_msgqueue.o)
    0x080004b8   0x080004b8   0x0000000c   Code   RO         3826    .text.OS_Tick_AcknowledgeIRQ  RTX_CM4F.lib(os_systick.o)
    0x080004c4   0x080004c4   0x0000002c   Code   RO         3822    .text.OS_Tick_Enable  RTX_CM4F.lib(os_systick.o)
    0x080004f0   0x080004f0   0x00000006   Code   RO         3828    .text.OS_Tick_GetIRQn  RTX_CM4F.lib(os_systick.o)
    0x080004f6   0x080004f6   0x00000002   PAD
    0x080004f8   0x080004f8   0x00000040   Code   RO         3820    .text.OS_Tick_Setup  RTX_CM4F.lib(os_systick.o)
    0x08000538   0x08000538   0x0000006a   Code   RO         3476    .text.ThreadFlagsCheck  RTX_CM4F.lib(rtx_thread.o)
    0x080005a2   0x080005a2   0x00000002   PAD
    0x080005a4   0x080005a4   0x00000050   Code   RO         3667    .text.TimerInsert   RTX_CM4F.lib(rtx_timer.o)
    0x080005f4   0x080005f4   0x00000024   Code   RO         3531    .text.osDelay       RTX_CM4F.lib(rtx_delay.o)
    0x08000618   0x08000618   0x00000028   Code   RO         3353    .text.osKernelGetTickCount  RTX_CM4F.lib(rtx_kernel.o)
    0x08000640   0x08000640   0x0000002c   Code   RO         3331    .text.osKernelInitialize  RTX_CM4F.lib(rtx_kernel.o)
    0x0800066c   0x0800066c   0x00000024   Code   RO         3341    .text.osKernelStart  RTX_CM4F.lib(rtx_kernel.o)
    0x08000690   0x08000690   0x00000024   Code   RO         3613    .text.osMessageQueueDelete  RTX_CM4F.lib(rtx_msgqueue.o)
    0x080006b4   0x080006b4   0x0000006c   Code   RO         3593    .text.osMessageQueueGet  RTX_CM4F.lib(rtx_msgqueue.o)
    0x08000720   0x08000720   0x00000024   Code   RO         3587    .text.osMessageQueueNew  RTX_CM4F.lib(rtx_msgqueue.o)
    0x08000744   0x08000744   0x0000007c   Code   RO         3591    .text.osMessageQueuePut  RTX_CM4F.lib(rtx_msgqueue.o)
    0x080007c0   0x080007c0   0x00000080   Code   RO         3733    .text.osRtxMemoryAlloc  RTX_CM4F.lib(rtx_memory.o)
    0x08000840   0x08000840   0x00000052   Code   RO         3735    .text.osRtxMemoryFree  RTX_CM4F.lib(rtx_memory.o)
    0x08000892   0x08000892   0x00000036   Code   RO         3731    .text.osRtxMemoryInit  RTX_CM4F.lib(rtx_memory.o)
    0x080008c8   0x080008c8   0x00000038   Code   RO         3750    .text.osRtxMemoryPoolAlloc  RTX_CM4F.lib(rtx_mempool.o)
    0x08000900   0x08000900   0x00000048   Code   RO         3752    .text.osRtxMemoryPoolFree  RTX_CM4F.lib(rtx_mempool.o)
    0x08000948   0x08000948   0x00000054   Code   RO         3748    .text.osRtxMemoryPoolInit  RTX_CM4F.lib(rtx_mempool.o)
    0x0800099c   0x0800099c   0x000000c0   Code   RO         3617    .text.osRtxMessageQueuePostProcess  RTX_CM4F.lib(rtx_msgqueue.o)
    0x08000a5c   0x08000a5c   0x00000044   Code   RO         3694    .text.osRtxMutexOwnerRelease  RTX_CM4F.lib(rtx_mutex.o)
    0x08000aa0   0x08000aa0   0x00000090   Code   RO         3805    .text.osRtxPendSV_Handler  RTX_CM4F.lib(rtx_system.o)
    0x08000b30   0x08000b30   0x00000074   Code   RO         3807    .text.osRtxPostProcess  RTX_CM4F.lib(rtx_system.o)
    0x08000ba4   0x08000ba4   0x0000003a   Code   RO         3566    .text.osRtxSemaphorePostProcess  RTX_CM4F.lib(rtx_semaphore.o)
    0x08000bde   0x08000bde   0x00000002   PAD
    0x08000be0   0x08000be0   0x00000038   Code   RO         3416    .text.osRtxThreadBlock  RTX_CM4F.lib(rtx_thread.o)
    0x08000c18   0x08000c18   0x0000008c   Code   RO         3424    .text.osRtxThreadDelayInsert  RTX_CM4F.lib(rtx_thread.o)
    0x08000ca4   0x08000ca4   0x00000058   Code   RO         3420    .text.osRtxThreadDelayRemove  RTX_CM4F.lib(rtx_thread.o)
    0x08000cfc   0x08000cfc   0x00000038   Code   RO         3406    .text.osRtxThreadDelayTick  RTX_CM4F.lib(rtx_thread.o)
    0x08000d34   0x08000d34   0x00000060   Code   RO         3414    .text.osRtxThreadDispatch  RTX_CM4F.lib(rtx_thread.o)
    0x08000d94   0x08000d94   0x00000058   Code   RO         3500    .text.osRtxThreadFree  RTX_CM4F.lib(rtx_thread.o)
    0x08000dec   0x08000dec   0x00000016   Code   RO         3398    .text.osRtxThreadListGet  RTX_CM4F.lib(rtx_thread.o)
    0x08000e02   0x08000e02   0x0000002c   Code   RO         3396    .text.osRtxThreadListPut  RTX_CM4F.lib(rtx_thread.o)
    0x08000e2e   0x08000e2e   0x00000014   Code   RO         3402    .text.osRtxThreadListRemove  RTX_CM4F.lib(rtx_thread.o)
    0x08000e42   0x08000e42   0x0000002a   Code   RO         3474    .text.osRtxThreadPostProcess  RTX_CM4F.lib(rtx_thread.o)
    0x08000e6c   0x08000e6c   0x00000014   Code   RO         3404    .text.osRtxThreadReadyPut  RTX_CM4F.lib(rtx_thread.o)
    0x08000e80   0x08000e80   0x00000014   Code   RO         3408    .text.osRtxThreadRegPtr  RTX_CM4F.lib(rtx_thread.o)
    0x08000e94   0x08000e94   0x00000028   Code   RO         3412    .text.osRtxThreadStackCheck  RTX_CM4F.lib(rtx_thread.o)
    0x08000ebc   0x08000ebc   0x00000058   Code   RO         3426    .text.osRtxThreadStartup  RTX_CM4F.lib(rtx_thread.o)
    0x08000f14   0x08000f14   0x00000010   Code   RO         3410    .text.osRtxThreadSwitch  RTX_CM4F.lib(rtx_thread.o)
    0x08000f24   0x08000f24   0x00000038   Code   RO         3422    .text.osRtxThreadWaitEnter  RTX_CM4F.lib(rtx_thread.o)
    0x08000f5c   0x08000f5c   0x00000032   Code   RO         3418    .text.osRtxThreadWaitExit  RTX_CM4F.lib(rtx_thread.o)
    0x08000f8e   0x08000f8e   0x00000002   PAD
    0x08000f90   0x08000f90   0x00000070   Code   RO         3803    .text.osRtxTick_Handler  RTX_CM4F.lib(rtx_system.o)
    0x08001000   0x08001000   0x00000044   Code   RO         3651    .text.osRtxTimerThread  RTX_CM4F.lib(rtx_timer.o)
    0x08001044   0x08001044   0x00000058   Code   RO         3653    .text.osRtxTimerTick  RTX_CM4F.lib(rtx_timer.o)
    0x0800109c   0x0800109c   0x00000058   Code   RO         3554    .text.osSemaphoreAcquire  RTX_CM4F.lib(rtx_semaphore.o)
    0x080010f4   0x080010f4   0x00000024   Code   RO         3550    .text.osSemaphoreNew  RTX_CM4F.lib(rtx_semaphore.o)
    0x08001118   0x08001118   0x00000064   Code   RO         3556    .text.osSemaphoreRelease  RTX_CM4F.lib(rtx_semaphore.o)
    0x0800117c   0x0800117c   0x0000000c   Code   RO         3458    .text.osThreadExit  RTX_CM4F.lib(rtx_thread.o)
    0x08001188   0x08001188   0x00000024   Code   RO         3472    .text.osThreadFlagsWait  RTX_CM4F.lib(rtx_thread.o)
    0x080011ac   0x080011ac   0x00000024   Code   RO         3430    .text.osThreadNew   RTX_CM4F.lib(rtx_thread.o)
    0x080011d0   0x080011d0   0x00000014   Code   RO         3535    .text.svcRtxDelay   RTX_CM4F.lib(rtx_delay.o)
    0x080011e4   0x080011e4   0x0000000c   Code   RO         3355    .text.svcRtxKernelGetTickCount  RTX_CM4F.lib(rtx_kernel.o)
    0x080011f0   0x080011f0   0x00000178   Code   RO         3369    .text.svcRtxKernelInitialize  RTX_CM4F.lib(rtx_kernel.o)
    0x08001368   0x08001368   0x0000008c   Code   RO         3371    .text.svcRtxKernelStart  RTX_CM4F.lib(rtx_kernel.o)
    0x080013f4   0x080013f4   0x00000070   Code   RO         3633    .text.svcRtxMessageQueueDelete  RTX_CM4F.lib(rtx_msgqueue.o)
    0x08001464   0x08001464   0x000000e8   Code   RO         3629    .text.svcRtxMessageQueueGet  RTX_CM4F.lib(rtx_msgqueue.o)
    0x0800154c   0x0800154c   0x00000134   Code   RO         3615    .text.svcRtxMessageQueueNew  RTX_CM4F.lib(rtx_msgqueue.o)
    0x08001680   0x08001680   0x000000c0   Code   RO         3625    .text.svcRtxMessageQueuePut  RTX_CM4F.lib(rtx_msgqueue.o)
    0x08001740   0x08001740   0x0000005c   Code   RO         3570    .text.svcRtxSemaphoreAcquire  RTX_CM4F.lib(rtx_semaphore.o)
    0x0800179c   0x0800179c   0x00000080   Code   RO         3564    .text.svcRtxSemaphoreNew  RTX_CM4F.lib(rtx_semaphore.o)
    0x0800181c   0x0800181c   0x00000054   Code   RO         3572    .text.svcRtxSemaphoreRelease  RTX_CM4F.lib(rtx_semaphore.o)
    0x08001870   0x08001870   0x00000068   Code   RO         3504    .text.svcRtxThreadExit  RTX_CM4F.lib(rtx_thread.o)
    0x080018d8   0x080018d8   0x0000004c   Code   RO         3518    .text.svcRtxThreadFlagsWait  RTX_CM4F.lib(rtx_thread.o)
    0x08001924   0x08001924   0x000001dc   Code   RO         3428    .text.svcRtxThreadNew  RTX_CM4F.lib(rtx_thread.o)
    0x08001b00   0x08001b00   0x00000002   Code   RO          194    i.BusFault_Handler  stm32f4xx_it.o
    0x08001b02   0x08001b02   0x00000002   PAD
    0x08001b04   0x08001b04   0x00000058   Code   RO         2709    i.CTL_Init          control.o
    0x08001b5c   0x08001b5c   0x00000054   Code   RO         2710    i.CTL_Thread        control.o
    0x08001bb0   0x08001bb0   0x00000050   Code   RO         2995    i.DEC_GetDeviceId   dw1000.o
    0x08001c00   0x08001c00   0x00000024   Code   RO         3001    i.DEC_Init          dw1000.o
    0x08001c24   0x08001c24   0x00000074   Code   RO         3003    i.DEC_SPI_Read      dw1000.o
    0x08001c98   0x08001c98   0x0000000c   Code   RO          195    i.DMA1_Stream5_IRQHandler  stm32f4xx_it.o
    0x08001ca4   0x08001ca4   0x0000000c   Code   RO          196    i.DMA1_Stream6_IRQHandler  stm32f4xx_it.o
    0x08001cb0   0x08001cb0   0x0000000c   Code   RO          197    i.DMA2_Stream1_IRQHandler  stm32f4xx_it.o
    0x08001cbc   0x08001cbc   0x0000000c   Code   RO          198    i.DMA2_Stream2_IRQHandler  stm32f4xx_it.o
    0x08001cc8   0x08001cc8   0x0000000c   Code   RO          199    i.DMA2_Stream6_IRQHandler  stm32f4xx_it.o
    0x08001cd4   0x08001cd4   0x0000000c   Code   RO          200    i.DMA2_Stream7_IRQHandler  stm32f4xx_it.o
    0x08001ce0   0x08001ce0   0x00000028   Code   RO         1977    i.DMA_CalcBaseAndBitshift  stm32f4xx_hal_dma.o
    0x08001d08   0x08001d08   0x00000054   Code   RO         1978    i.DMA_CheckFifoParam  stm32f4xx_hal_dma.o
    0x08001d5c   0x08001d5c   0x00000028   Code   RO         1979    i.DMA_SetConfig     stm32f4xx_hal_dma.o
    0x08001d84   0x08001d84   0x00000002   Code   RO          201    i.DebugMon_Handler  stm32f4xx_it.o
    0x08001d86   0x08001d86   0x00000002   Code   RO           13    i.Error_Handler     main.o
    0x08001d88   0x08001d88   0x0000008e   Code   RO         1980    i.HAL_DMA_Abort     stm32f4xx_hal_dma.o
    0x08001e16   0x08001e16   0x00000024   Code   RO         1981    i.HAL_DMA_Abort_IT  stm32f4xx_hal_dma.o
    0x08001e3a   0x08001e3a   0x00000004   Code   RO         1983    i.HAL_DMA_GetError  stm32f4xx_hal_dma.o
    0x08001e3e   0x08001e3e   0x00000002   PAD
    0x08001e40   0x08001e40   0x000001a0   Code   RO         1985    i.HAL_DMA_IRQHandler  stm32f4xx_hal_dma.o
    0x08001fe0   0x08001fe0   0x000000d4   Code   RO         1986    i.HAL_DMA_Init      stm32f4xx_hal_dma.o
    0x080020b4   0x080020b4   0x00000078   Code   RO         1990    i.HAL_DMA_Start_IT  stm32f4xx_hal_dma.o
    0x0800212c   0x0800212c   0x00000188   Code   RO         1873    i.HAL_GPIO_Init     stm32f4xx_hal_gpio.o
    0x080022b4   0x080022b4   0x0000000a   Code   RO         1875    i.HAL_GPIO_ReadPin  stm32f4xx_hal_gpio.o
    0x080022be   0x080022be   0x0000000a   Code   RO         1877    i.HAL_GPIO_WritePin  stm32f4xx_hal_gpio.o
    0x080022c8   0x080022c8   0x00000004   Code   RO           14    i.HAL_GetTick       main.o
    0x080022cc   0x080022cc   0x00000174   Code   RO          369    i.HAL_I2C_Init      stm32f4xx_hal_i2c.o
    0x08002440   0x08002440   0x00000068   Code   RO          299    i.HAL_I2C_MspInit   stm32f4xx_hal_msp.o
    0x080024a8   0x080024a8   0x00000034   Code   RO         2436    i.HAL_Init          stm32f4xx_hal.o
    0x080024dc   0x080024dc   0x00000040   Code   RO         2437    i.HAL_InitTick      stm32f4xx_hal.o
    0x0800251c   0x0800251c   0x00000030   Code   RO          300    i.HAL_MspInit       stm32f4xx_hal_msp.o
    0x0800254c   0x0800254c   0x0000001a   Code   RO         2286    i.HAL_NVIC_EnableIRQ  stm32f4xx_hal_cortex.o
    0x08002566   0x08002566   0x00000002   PAD
    0x08002568   0x08002568   0x00000040   Code   RO         2292    i.HAL_NVIC_SetPriority  stm32f4xx_hal_cortex.o
    0x080025a8   0x080025a8   0x00000024   Code   RO         2293    i.HAL_NVIC_SetPriorityGrouping  stm32f4xx_hal_cortex.o
    0x080025cc   0x080025cc   0x00000130   Code   RO         1495    i.HAL_RCC_ClockConfig  stm32f4xx_hal_rcc.o
    0x080026fc   0x080026fc   0x00000020   Code   RO         1502    i.HAL_RCC_GetPCLK1Freq  stm32f4xx_hal_rcc.o
    0x0800271c   0x0800271c   0x00000020   Code   RO         1503    i.HAL_RCC_GetPCLK2Freq  stm32f4xx_hal_rcc.o
    0x0800273c   0x0800273c   0x00000060   Code   RO         1504    i.HAL_RCC_GetSysClockFreq  stm32f4xx_hal_rcc.o
    0x0800279c   0x0800279c   0x0000031c   Code   RO         1507    i.HAL_RCC_OscConfig  stm32f4xx_hal_rcc.o
    0x08002ab8   0x08002ab8   0x00000002   Code   RO          817    i.HAL_SPI_ErrorCallback  stm32f4xx_hal_spi.o
    0x08002aba   0x08002aba   0x00000002   PAD
    0x08002abc   0x08002abc   0x000000fc   Code   RO          820    i.HAL_SPI_IRQHandler  stm32f4xx_hal_spi.o
    0x08002bb8   0x08002bb8   0x00000080   Code   RO          821    i.HAL_SPI_Init      stm32f4xx_hal_spi.o
    0x08002c38   0x08002c38   0x00000078   Code   RO          302    i.HAL_SPI_MspInit   stm32f4xx_hal_msp.o
    0x08002cb0   0x08002cb0   0x000001e2   Code   RO          830    i.HAL_SPI_TransmitReceive  stm32f4xx_hal_spi.o
    0x08002e92   0x08002e92   0x00000028   Code   RO         2297    i.HAL_SYSTICK_Config  stm32f4xx_hal_cortex.o
    0x08002eba   0x08002eba   0x00000058   Code   RO         1178    i.HAL_UART_AbortReceive  stm32f4xx_hal_uart.o
    0x08002f12   0x08002f12   0x00000002   Code   RO         1189    i.HAL_UART_ErrorCallback  stm32f4xx_hal_uart.o
    0x08002f14   0x08002f14   0x00000110   Code   RO         1192    i.HAL_UART_IRQHandler  stm32f4xx_hal_uart.o
    0x08003024   0x08003024   0x00000062   Code   RO         1193    i.HAL_UART_Init     stm32f4xx_hal_uart.o
    0x08003086   0x08003086   0x00000002   PAD
    0x08003088   0x08003088   0x000002c0   Code   RO          304    i.HAL_UART_MspInit  stm32f4xx_hal_msp.o
    0x08003348   0x08003348   0x00000098   Code   RO         1197    i.HAL_UART_Receive_DMA  stm32f4xx_hal_uart.o
    0x080033e0   0x080033e0   0x00000002   Code   RO         1199    i.HAL_UART_RxCpltCallback  stm32f4xx_hal_uart.o
    0x080033e2   0x080033e2   0x00000002   Code   RO         1200    i.HAL_UART_RxHalfCpltCallback  stm32f4xx_hal_uart.o
    0x080033e4   0x080033e4   0x000000ba   Code   RO         1201    i.HAL_UART_Transmit  stm32f4xx_hal_uart.o
    0x0800349e   0x0800349e   0x00000002   PAD
    0x080034a0   0x080034a0   0x00000080   Code   RO         1202    i.HAL_UART_Transmit_DMA  stm32f4xx_hal_uart.o
    0x08003520   0x08003520   0x00000048   Code   RO         2768    i.HAL_UART_TxCpltCallback  uart_server.o
    0x08003568   0x08003568   0x00000002   Code   RO         1205    i.HAL_UART_TxHalfCpltCallback  stm32f4xx_hal_uart.o
    0x0800356a   0x0800356a   0x00000002   Code   RO          202    i.HardFault_Handler  stm32f4xx_it.o
    0x0800356c   0x0800356c   0x00000048   Code   RO         2916    i.LED_Init          led.o
    0x080035b4   0x080035b4   0x0000003c   Code   RO         2917    i.LED_Thread        led.o
    0x080035f0   0x080035f0   0x0000008c   Code   RO           15    i.MX_DMA_Init       main.o
    0x0800367c   0x0800367c   0x0000013c   Code   RO           16    i.MX_GPIO_Init      main.o
    0x080037b8   0x080037b8   0x00000038   Code   RO           17    i.MX_SPI1_Init      main.o
    0x080037f0   0x080037f0   0x00000002   Code   RO          203    i.MemManage_Handler  stm32f4xx_it.o
    0x080037f2   0x080037f2   0x00000002   Code   RO          204    i.NMI_Handler       stm32f4xx_it.o
    0x080037f4   0x080037f4   0x0000000c   Code   RO          205    i.SPI1_IRQHandler   stm32f4xx_it.o
    0x08003800   0x08003800   0x00000010   Code   RO          848    i.SPI_DMAAbortOnError  stm32f4xx_hal_spi.o
    0x08003810   0x08003810   0x00000058   Code   RO          859    i.SPI_EndRxTxTransaction  stm32f4xx_hal_spi.o
    0x08003868   0x08003868   0x00000094   Code   RO          864    i.SPI_WaitFlagStateUntilTimeout  stm32f4xx_hal_spi.o
    0x080038fc   0x080038fc   0x00000084   Code   RO           18    i.SystemClock_Config  main.o
    0x08003980   0x08003980   0x00000078   Code   RO         2671    i.SystemCoreClockUpdate  system_stm32f4xx.o
    0x080039f8   0x080039f8   0x00000054   Code   RO         2672    i.SystemInit        system_stm32f4xx.o
    0x08003a4c   0x08003a4c   0x00000010   Code   RO         1206    i.UART_DMAAbortOnError  stm32f4xx_hal_uart.o
    0x08003a5c   0x08003a5c   0x0000004a   Code   RO         1207    i.UART_DMAError     stm32f4xx_hal_uart.o
    0x08003aa6   0x08003aa6   0x0000003c   Code   RO         1208    i.UART_DMAReceiveCplt  stm32f4xx_hal_uart.o
    0x08003ae2   0x08003ae2   0x0000000a   Code   RO         1210    i.UART_DMARxHalfCplt  stm32f4xx_hal_uart.o
    0x08003aec   0x08003aec   0x0000002e   Code   RO         1212    i.UART_DMATransmitCplt  stm32f4xx_hal_uart.o
    0x08003b1a   0x08003b1a   0x0000000a   Code   RO         1214    i.UART_DMATxHalfCplt  stm32f4xx_hal_uart.o
    0x08003b24   0x08003b24   0x0000001c   Code   RO         1216    i.UART_EndRxTransfer  stm32f4xx_hal_uart.o
    0x08003b40   0x08003b40   0x00000012   Code   RO         1217    i.UART_EndTxTransfer  stm32f4xx_hal_uart.o
    0x08003b52   0x08003b52   0x00000096   Code   RO         1218    i.UART_Receive_IT   stm32f4xx_hal_uart.o
    0x08003be8   0x08003be8   0x000000e8   Code   RO         2769    i.UART_Rxhandle     uart_server.o
    0x08003cd0   0x08003cd0   0x0000029c   Code   RO         2770    i.UART_SERVER_Init  uart_server.o
    0x08003f6c   0x08003f6c   0x0000000c   Code   RO         2771    i.UART_SERVER_Thread  uart_server.o
    0x08003f78   0x08003f78   0x000002ac   Code   RO         1219    i.UART_SetConfig    stm32f4xx_hal_uart.o
    0x08004224   0x08004224   0x00000062   Code   RO         1220    i.UART_Transmit_IT  stm32f4xx_hal_uart.o
    0x08004286   0x08004286   0x00000064   Code   RO         1221    i.UART_WaitOnFlagUntilTimeout  stm32f4xx_hal_uart.o
    0x080042ea   0x080042ea   0x00000002   PAD
    0x080042ec   0x080042ec   0x0000001c   Code   RO         2772    i.USART1_IRQHandler  uart_server.o
    0x08004308   0x08004308   0x0000001c   Code   RO         2773    i.USART2_IRQHandler  uart_server.o
    0x08004324   0x08004324   0x0000001c   Code   RO         2774    i.USART6_IRQHandler  uart_server.o
    0x08004340   0x08004340   0x00000002   Code   RO          206    i.UsageFault_Handler  stm32f4xx_it.o
    0x08004342   0x08004342   0x00000002   PAD
    0x08004344   0x08004344   0x00000020   Code   RO         3993    i.__0printf$5       mc_w.l(printf5.o)
    0x08004364   0x08004364   0x00000020   Code   RO         2299    i.__NVIC_SetPriority  stm32f4xx_hal_cortex.o
    0x08004384   0x08004384   0x0000000e   Code   RO         4191    i.__scatterload_copy  mc_w.l(handlers.o)
    0x08004392   0x08004392   0x00000002   Code   RO         4192    i.__scatterload_null  mc_w.l(handlers.o)
    0x08004394   0x08004394   0x0000000e   Code   RO         4193    i.__scatterload_zeroinit  mc_w.l(handlers.o)
    0x080043a2   0x080043a2   0x00000002   PAD
    0x080043a4   0x080043a4   0x000002c0   Code   RO         4000    i._printf_core      mc_w.l(printf5.o)
    0x08004664   0x08004664   0x0000000c   Code   RO         3190    i.fifo_free         fifo.o
    0x08004670   0x08004670   0x00000048   Code   RO         3191    i.fifo_in           fifo.o
    0x080046b8   0x080046b8   0x0000002a   Code   RO         3192    i.fifo_init         fifo.o
    0x080046e2   0x080046e2   0x00000046   Code   RO         3193    i.fifo_out          fifo.o
    0x08004728   0x08004728   0x0000000e   Code   RO         3194    i.fifo_unused       fifo.o
    0x08004736   0x08004736   0x00000002   PAD
    0x08004738   0x08004738   0x00000034   Code   RO         2775    i.forward1_2        uart_server.o
    0x0800476c   0x0800476c   0x00000018   Code   RO         3162    i.fputc             debug.o
    0x08004784   0x08004784   0x000000b8   Code   RO           20    i.main              main.o
    0x0800483c   0x0800483c   0x00000002   Code   RO         3297    i.osRtxErrorNotify  rtx_config.o
    0x0800483e   0x0800483e   0x00000002   Code   RO         3298    i.osRtxIdleThread   rtx_config.o
    0x08004840   0x08004840   0x00000002   Code   RO         3243    i.osRtxKernelPreInit  rtx_lib.o
    0x08004842   0x08004842   0x00000010   Code   RO         3133    i.set_returnzero    bigendian.o
    0x08004852   0x08004852   0x00000002   PAD
    0x08004854   0x08004854   0x00000068   Code   RO         2778    i.uart1_recv        uart_server.o
    0x080048bc   0x080048bc   0x00000040   Code   RO         2779    i.uart1_send        uart_server.o
    0x080048fc   0x080048fc   0x00000068   Code   RO         2780    i.uart2_recv        uart_server.o
    0x08004964   0x08004964   0x00000040   Code   RO         2781    i.uart2_send        uart_server.o
    0x080049a4   0x080049a4   0x00000064   Code   RO         2785    i.uart_server_rx_HardwareInit  uart_server.o
    0x08004a08   0x08004a08   0x00000008   Data   RO         1992    .constdata          stm32f4xx_hal_dma.o
    0x08004a10   0x08004a10   0x00000010   Data   RO         2673    .constdata          system_stm32f4xx.o
    0x08004a20   0x08004a20   0x00000008   Data   RO         2674    .constdata          system_stm32f4xx.o
    0x08004a28   0x08004a28   0x00000024   Data   RO         2918    .constdata          led.o
    0x08004a4c   0x08004a4c   0x00000024   Data   RO         3252    .constdata          rtx_lib.o
    0x08004a70   0x08004a70   0x00000024   Data   RO         3253    .constdata          rtx_lib.o
    0x08004a94   0x08004a94   0x00000018   Data   RO         3254    .constdata          rtx_lib.o
    0x08004aac   0x08004aac   0x00000004   Data   RO         3255    .constdata          rtx_lib.o
    0x08004ab0   0x08004ab0   0x00000082   Data   RO         2787    .conststring        uart_server.o
    0x08004b32   0x08004b32   0x00000002   PAD
    0x08004b34   0x08004b34   0x00000068   Data   RO         3257    .rodata             rtx_lib.o
    0x08004b9c   0x08004b9c   0x0000000b   Data   RO         3383    .rodata.str1.4      RTX_CM4F.lib(rtx_kernel.o)
    0x08004ba7   0x08004ba7   0x00000001   PAD
    0x08004ba8   0x08004ba8   0x00000020   Data   RO         4189    Region$$Table       anon$$obj.o


    Execution Region RW_IRAM1 (Exec base: 0x20000000, Load base: 0x08004bc8, Size: 0x000035a0, Max: 0x00010000, ABSOLUTE, COMPRESSED[0x00000060])

    Exec Addr    Load Addr    Size         Type   Attr      Idx    E Section Name        Object

    0x20000000   COMPRESSED   0x00001000   Data   RW         3244    .bss.os             rtx_lib.o
    0x20001000   COMPRESSED   0x00000040   Data   RW         3245    .bss.os             rtx_lib.o
    0x20001040   COMPRESSED   0x00000034   Data   RW         3246    .bss.os.msgqueue.cb  rtx_lib.o
    0x20001074   COMPRESSED   0x00000050   Data   RW         3247    .bss.os.msgqueue.mem  rtx_lib.o
    0x200010c4   COMPRESSED   0x00000044   Data   RW         3248    .bss.os.thread.cb   rtx_lib.o
    0x20001108   COMPRESSED   0x00000044   Data   RW         3249    .bss.os.thread.cb   rtx_lib.o
    0x2000114c   COMPRESSED   0x00000004   PAD
    0x20001150   COMPRESSED   0x00000100   Data   RW         3250    .bss.os.thread.stack  rtx_lib.o
    0x20001250   COMPRESSED   0x00000100   Data   RW         3251    .bss.os.thread.stack  rtx_lib.o
    0x20001350   COMPRESSED   0x0000000c   Data   RW         2443    .data               stm32f4xx_hal.o
    0x2000135c   COMPRESSED   0x00000004   Data   RW         2675    .data               system_stm32f4xx.o
    0x20001360   COMPRESSED   0x00000028   Data   RW         2711    .data               control.o
    0x20001388   COMPRESSED   0x000000c4   Data   RW         2788    .data               uart_server.o
    0x2000144c   COMPRESSED   0x00000004   Data   RW         2919    .data               led.o
    0x20001450   COMPRESSED   0x0000000c   Data   RW         3012    .data               dw1000.o
    0x2000145c   COMPRESSED   0x00000004   Data   RW         4163    .data               mc_w.l(stdout.o)
    0x20001460   COMPRESSED   0x000000a4   Data   RW         3384    .data.os            RTX_CM4F.lib(rtx_kernel.o)
    0x20001504        -       0x0000016c   Zero   RW           21    .bss                main.o
    0x20001670        -       0x00000060   Zero   RW           22    .bss                main.o
    0x200016d0        -       0x00000060   Zero   RW           23    .bss                main.o
    0x20001730        -       0x00000060   Zero   RW           24    .bss                main.o
    0x20001790        -       0x00000060   Zero   RW           25    .bss                main.o
    0x200017f0        -       0x00000060   Zero   RW           26    .bss                main.o
    0x20001850        -       0x00000060   Zero   RW           27    .bss                main.o
    0x200018b0        -       0x000018a8   Zero   RW         2786    .bss                uart_server.o
    0x20003158        -       0x00000042   Zero   RW         3009    .bss                dw1000.o
    0x2000319a        -       0x00000001   Zero   RW         3838    .bss.PendST         RTX_CM4F.lib(os_systick.o)
    0x2000319b   COMPRESSED   0x00000005   PAD
    0x200031a0        -       0x00000400   Zero   RW            1    STACK               startup_stm32f401xc.o


==============================================================================

Image component sizes


      Code (inc. data)   RO Data    RW Data    ZI Data      Debug   Object Name

        16          0          0          0          0        945   bigendian.o
       172         80          0         40          0       1788   control.o
        24          4          0          0          0       1740   debug.o
       232         54          0         12         66       4960   dw1000.o
       210          0          0          0          0       4014   fifo.o
       132         48         36          4          0       1660   led.o
       834         76          0          0        940     410483   main.o
         4          0          0          0          0       1025   rtx_config.o
         2          0        204       4940          0       8920   rtx_lib.o
        36          8        404          0       1024        852   startup_stm32f401xc.o
       116         14          0         12          0       2953   stm32f4xx_hal.o
       198         14          0          0          0      34047   stm32f4xx_hal_cortex.o
      1094         16          8          0          0       8109   stm32f4xx_hal_dma.o
       412         34          0          0          0       3119   stm32f4xx_hal_gpio.o
       372         16          0          0          0       2971   stm32f4xx_hal_i2c.o
       976         86          0          0          0       3669   stm32f4xx_hal_msp.o
      1260         76          0          0          0       5244   stm32f4xx_hal_rcc.o
      1116         14          0          0          0       7106   stm32f4xx_hal_spi.o
      2226         42          0          0          0      16516   stm32f4xx_hal_uart.o
        96         42          0          0          0       6223   stm32f4xx_it.o
       204         34         24          4          0       1955   system_stm32f4xx.o
      1556        624        130        196       6312      15148   uart_server.o

    ----------------------------------------------------------------------
     11308       1282        840       5212       8342     543447   Object Totals
         0          0         32          0          0          0   (incl. Generated)
        20          0          2          4          0          0   (incl. Padding)

    ----------------------------------------------------------------------

      Code (inc. data)   RO Data    RW Data    ZI Data      Debug   Library Member Name

       196         12          0          0          0        544   irq_cm4f.o
       126         32          0          0          1       3637   os_systick.o
        56          4          0          0          0       3110   rtx_delay.o
       648         48         11        164          0      18879   rtx_kernel.o
       264          0          0          0          0       2733   rtx_memory.o
       212          0          0          0          0      17095   rtx_mempool.o
      1538         36          0          0          0      19369   rtx_msgqueue.o
        68          0          0          0          0      10275   rtx_mutex.o
       586         24          0          0          0      11729   rtx_semaphore.o
       372         24          0          0          0       5693   rtx_system.o
      1788        100          0          0          0      34306   rtx_thread.o
       236         20          0          0          0      11154   rtx_timer.o
        86          0          0          0          0          0   __dczerorl2.o
         0          0          0          0          0          0   entry.o
         0          0          0          0          0          0   entry10a.o
         0          0          0          0          0          0   entry11a.o
         8          4          0          0          0          0   entry2.o
         4          0          0          0          0          0   entry5.o
         0          0          0          0          0          0   entry7b.o
         0          0          0          0          0          0   entry8b.o
         8          4          0          0          0          0   entry9a.o
        30          0          0          0          0          0   handlers.o
        36          8          0          0          0         68   init.o
        30          0          0          0          0         68   llshl.o
        32          0          0          0          0         68   llushr.o
        36          0          0          0          0         68   memcpya.o
        36          0          0          0          0        108   memseta.o
       736         56          0          0          0        184   printf5.o
         0          0          0          4          0          0   stdout.o
        98          0          0          0          0         92   uldiv.o

    ----------------------------------------------------------------------
      7240        372         12        168          6     139180   Library Totals
        10          0          1          0          5          0   (incl. Padding)

    ----------------------------------------------------------------------

      Code (inc. data)   RO Data    RW Data    ZI Data      Debug   Library Name

      6090        300         11        164          1     138524   RTX_CM4F.lib
      1140         72          0          4          0        656   mc_w.l

    ----------------------------------------------------------------------
      7240        372         12        168          6     139180   Library Totals

    ----------------------------------------------------------------------

==============================================================================


      Code (inc. data)   RO Data    RW Data    ZI Data      Debug   

     18548       1654        852       5380       8348     672191   Grand Totals
     18548       1654        852         96       8348     672191   ELF Image Totals (compressed)
     18548       1654        852         96          0          0   ROM Totals

==============================================================================

    Total RO  Size (Code + RO Data)                19400 (  18.95kB)
    Total RW  Size (RW Data + ZI Data)             13728 (  13.41kB)
    Total ROM Size (Code + RO Data + RW Data)      19496 (  19.04kB)

==============================================================================

